Archive member included to satisfy reference by file (symbol)

C:/analog/cfs/1.1.0/SDK/MAX/Libraries/PeriphDrivers/bin/MAX78000/spi-v1_softfp/libPeriphDriver_spi-v1_softfp.a(pins_ai85.o)
                              c:/Users/jadma/cfs/2.0.0/Hello_World/build/camera.o (gpio_cfg_pcif_xclk)
C:/analog/cfs/1.1.0/SDK/MAX/Libraries/PeriphDrivers/bin/MAX78000/spi-v1_softfp/libPeriphDriver_spi-v1_softfp.a(sys_ai85.o)
                              c:/Users/jadma/cfs/2.0.0/Hello_World/build/board.o (MXC_SYS_ClockEnable)
C:/analog/cfs/1.1.0/SDK/MAX/Libraries/PeriphDrivers/bin/MAX78000/spi-v1_softfp/libPeriphDriver_spi-v1_softfp.a(aes_me17.o)
                              C:/analog/cfs/1.1.0/SDK/MAX/Libraries/PeriphDrivers/bin/MAX78000/spi-v1_softfp/libPeriphDriver_spi-v1_softfp.a(sys_ai85.o) (MXC_AES_Init)
C:/analog/cfs/1.1.0/SDK/MAX/Libraries/PeriphDrivers/bin/MAX78000/spi-v1_softfp/libPeriphDriver_spi-v1_softfp.a(aes_revb.o)
                              C:/analog/cfs/1.1.0/SDK/MAX/Libraries/PeriphDrivers/bin/MAX78000/spi-v1_softfp/libPeriphDriver_spi-v1_softfp.a(aes_me17.o) (MXC_AES_RevB_Init)
C:/analog/cfs/1.1.0/SDK/MAX/Libraries/PeriphDrivers/bin/MAX78000/spi-v1_softfp/libPeriphDriver_spi-v1_softfp.a(cameraif_ai85.o)
                              c:/Users/jadma/cfs/2.0.0/Hello_World/build/camera.o (MXC_PCIF_Init)
C:/analog/cfs/1.1.0/SDK/MAX/Libraries/PeriphDrivers/bin/MAX78000/spi-v1_softfp/libPeriphDriver_spi-v1_softfp.a(cameraif_reva.o)
                              C:/analog/cfs/1.1.0/SDK/MAX/Libraries/PeriphDrivers/bin/MAX78000/spi-v1_softfp/libPeriphDriver_spi-v1_softfp.a(cameraif_ai85.o) (MXC_PCIF_RevA_SetDatawidth)
C:/analog/cfs/1.1.0/SDK/MAX/Libraries/PeriphDrivers/bin/MAX78000/spi-v1_softfp/libPeriphDriver_spi-v1_softfp.a(dma_me17.o)
                              c:/Users/jadma/cfs/2.0.0/Hello_World/build/fastspi.o (MXC_DMA_Init)
C:/analog/cfs/1.1.0/SDK/MAX/Libraries/PeriphDrivers/bin/MAX78000/spi-v1_softfp/libPeriphDriver_spi-v1_softfp.a(dma_reva.o)
                              C:/analog/cfs/1.1.0/SDK/MAX/Libraries/PeriphDrivers/bin/MAX78000/spi-v1_softfp/libPeriphDriver_spi-v1_softfp.a(dma_me17.o) (MXC_DMA_RevA_Init)
C:/analog/cfs/1.1.0/SDK/MAX/Libraries/PeriphDrivers/bin/MAX78000/spi-v1_softfp/libPeriphDriver_spi-v1_softfp.a(flc_me17.o)
                              C:/analog/cfs/1.1.0/SDK/MAX/Libraries/PeriphDrivers/bin/MAX78000/spi-v1_softfp/libPeriphDriver_spi-v1_softfp.a(sys_ai85.o) (MXC_FLC_UnlockInfoBlock)
C:/analog/cfs/1.1.0/SDK/MAX/Libraries/PeriphDrivers/bin/MAX78000/spi-v1_softfp/libPeriphDriver_spi-v1_softfp.a(flc_reva.o)
                              C:/analog/cfs/1.1.0/SDK/MAX/Libraries/PeriphDrivers/bin/MAX78000/spi-v1_softfp/libPeriphDriver_spi-v1_softfp.a(flc_me17.o) (MXC_FLC_RevA_Busy)
C:/analog/cfs/1.1.0/SDK/MAX/Libraries/PeriphDrivers/bin/MAX78000/spi-v1_softfp/libPeriphDriver_spi-v1_softfp.a(gpio_ai85.o)
                              c:/Users/jadma/cfs/2.0.0/Hello_World/build/gpio.o (MXC_GPIO_Config)
C:/analog/cfs/1.1.0/SDK/MAX/Libraries/PeriphDrivers/bin/MAX78000/spi-v1_softfp/libPeriphDriver_spi-v1_softfp.a(gpio_reva.o)
                              C:/analog/cfs/1.1.0/SDK/MAX/Libraries/PeriphDrivers/bin/MAX78000/spi-v1_softfp/libPeriphDriver_spi-v1_softfp.a(gpio_ai85.o) (MXC_GPIO_RevA_InGet)
C:/analog/cfs/1.1.0/SDK/MAX/Libraries/PeriphDrivers/bin/MAX78000/spi-v1_softfp/libPeriphDriver_spi-v1_softfp.a(i2c_me17.o)
                              c:/Users/jadma/cfs/2.0.0/Hello_World/build/max20303.o (MXC_I2C_Init)
C:/analog/cfs/1.1.0/SDK/MAX/Libraries/PeriphDrivers/bin/MAX78000/spi-v1_softfp/libPeriphDriver_spi-v1_softfp.a(i2c_reva.o)
                              C:/analog/cfs/1.1.0/SDK/MAX/Libraries/PeriphDrivers/bin/MAX78000/spi-v1_softfp/libPeriphDriver_spi-v1_softfp.a(i2c_me17.o) (MXC_I2C_RevA_DMACallback)
C:/analog/cfs/1.1.0/SDK/MAX/Libraries/PeriphDrivers/bin/MAX78000/spi-v1_softfp/libPeriphDriver_spi-v1_softfp.a(icc_me17.o)
                              c:/Users/jadma/cfs/2.0.0/Hello_World/build/system_max78000.o (MXC_ICC_Enable)
C:/analog/cfs/1.1.0/SDK/MAX/Libraries/PeriphDrivers/bin/MAX78000/spi-v1_softfp/libPeriphDriver_spi-v1_softfp.a(icc_reva.o)
                              C:/analog/cfs/1.1.0/SDK/MAX/Libraries/PeriphDrivers/bin/MAX78000/spi-v1_softfp/libPeriphDriver_spi-v1_softfp.a(icc_me17.o) (MXC_ICC_RevA_ID)
C:/analog/cfs/1.1.0/SDK/MAX/Libraries/PeriphDrivers/bin/MAX78000/spi-v1_softfp/libPeriphDriver_spi-v1_softfp.a(pt_ai85.o)
                              c:/Users/jadma/cfs/2.0.0/Hello_World/build/camera.o (MXC_PT_Init)
C:/analog/cfs/1.1.0/SDK/MAX/Libraries/PeriphDrivers/bin/MAX78000/spi-v1_softfp/libPeriphDriver_spi-v1_softfp.a(pt_reva.o)
                              C:/analog/cfs/1.1.0/SDK/MAX/Libraries/PeriphDrivers/bin/MAX78000/spi-v1_softfp/libPeriphDriver_spi-v1_softfp.a(pt_ai85.o) (MXC_PT_RevA_Init)
C:/analog/cfs/1.1.0/SDK/MAX/Libraries/PeriphDrivers/bin/MAX78000/spi-v1_softfp/libPeriphDriver_spi-v1_softfp.a(spi_me17.o)
[...]
Memory Configuration

Name             Origin             Length             Attributes
ROM              0x00000000         0x00010000         xr
FLASH            0x10000000         0x00080000         xr
SRAM             0x20000000         0x00020000         xrw
*default*        0x00000000         0xffffffff

Linker script and memory map

LOAD C:/Program Files (x86)/Arm GNU Toolchain arm-none-eabi/14.3 rel1/bin/../lib/gcc/arm-none-eabi/14.3.1/thumb/v7e-m+fp/softfp/crti.o
LOAD C:/Program Files (x86)/Arm GNU Toolchain arm-none-eabi/14.3 rel1/bin/../lib/gcc/arm-none-eabi/14.3.1/thumb/v7e-m+fp/softfp/crtbegin.o
LOAD C:/Program Files (x86)/Arm GNU Toolchain arm-none-eabi/14.3 rel1/bin/../lib/gcc/arm-none-eabi/14.3.1/../../../../arm-none-eabi/lib/thumb/v7e-m+fp/softfp/crt0.o
LOAD c:/Users/jadma/cfs/2.0.0/Hello_World/build/gpio.o
LOAD c:/Users/jadma/cfs/2.0.0/Hello_World/build/main.o
LOAD c:/Users/jadma/cfs/2.0.0/Hello_World/build/board.o
LOAD c:/Users/jadma/cfs/2.0.0/Hello_World/build/stdio.o
LOAD c:/Users/jadma/cfs/2.0.0/Hello_World/build/led.o
LOAD c:/Users/jadma/cfs/2.0.0/Hello_World/build/pb.o
LOAD c:/Users/jadma/cfs/2.0.0/Hello_World/build/tft_ili9341.o
LOAD c:/Users/jadma/cfs/2.0.0/Hello_World/build/camera.o
LOAD c:/Users/jadma/cfs/2.0.0/Hello_World/build/ov7692.o
LOAD c:/Users/jadma/cfs/2.0.0/Hello_World/build/sccb.o
LOAD c:/Users/jadma/cfs/2.0.0/Hello_World/build/max20303.o
LOAD c:/Users/jadma/cfs/2.0.0/Hello_World/build/max9867.o
LOAD c:/Users/jadma/cfs/2.0.0/Hello_World/build/N01S830HA.o
LOAD c:/Users/jadma/cfs/2.0.0/Hello_World/build/fastspi.o
LOAD c:/Users/jadma/cfs/2.0.0/Hello_World/build/startup_max78000.o
LOAD c:/Users/jadma/cfs/2.0.0/Hello_World/build/heap.o
LOAD c:/Users/jadma/cfs/2.0.0/Hello_World/build/system_max78000.o
START GROUP
LOAD C:/analog/cfs/1.1.0/SDK/MAX/Libraries/PeriphDrivers/bin/MAX78000/spi-v1_softfp/libPeriphDriver_spi-v1_softfp.a
LOAD C:/Program Files (x86)/Arm GNU Toolchain arm-none-eabi/14.3 rel1/bin/../lib/gcc/arm-none-eabi/14.3.1/../../../../arm-none-eabi/lib/thumb/v7e-m+fp/softfp\libc.a
LOAD C:/Program Files (x86)/Arm GNU Toolchain arm-none-eabi/14.3 rel1/bin/../lib/gcc/arm-none-eabi/14.3.1/../../../../arm-none-eabi/lib/thumb/v7e-m+fp/softfp\libm.a
LOAD C:/Program Files (x86)/Arm GNU Toolchain arm-none-eabi/14.3 rel1/bin/../lib/gcc/arm-none-eabi/14.3.1/../../../../arm-none-eabi/lib/thumb/v7e-m+fp/softfp\libnosys.a
END GROUP
START GROUP
LOAD C:/Program Files (x86)/Arm GNU Toolchain arm-none-eabi/14.3 rel1/bin/../lib/gcc/arm-none-eabi/14.3.1/thumb/v7e-m+fp/softfp\libgcc.a
LOAD C:/Program Files (x86)/Arm GNU Toolchain arm-none-eabi/14.3 rel1/bin/../lib/gcc/arm-none-eabi/14.3.1/../../../../arm-none-eabi/lib/thumb/v7e-m+fp/softfp\libc.a
END GROUP
LOAD C:/Program Files (x86)/Arm GNU Toolchain arm-none-eabi/14.3 rel1/bin/../lib/gcc/arm-none-eabi/14.3.1/thumb/v7e-m+fp/softfp/crtend.o
LOAD C:/Program Files (x86)/Arm GNU Toolchain arm-none-eabi/14.3 rel1/bin/../lib/gcc/arm-none-eabi/14.3.1/thumb/v7e-m+fp/softfp/crtn.o

.rom
 *(.rom_vector)
 *(.rom_handlers*)

.text           0x10000000     0x9d20
                0x10000000                        _text = .
 *(.isr_vector)
 .isr_vector    0x10000000      0x1e0 c:/Users/jadma/cfs/2.0.0/Hello_World/build/startup_max78000.o
                0x10000000                __isr_vector
 EXCLUDE_FILE(*riscv.o) *(.text*)
 .text.deregister_tm_clones
                0x100001e0       0x1c C:/Program Files (x86)/Arm GNU Toolchain arm-none-eabi/14.3 rel1/bin/../lib/gcc/arm-none-eabi/14.3.1/thumb/v7e-m+fp/softfp/crtbegin.o
 .text.register_tm_clones
                0x100001fc       0x24 C:/Program Files (x86)/Arm GNU Toolchain arm-none-eabi/14.3 rel1/bin/../lib/gcc/arm-none-eabi/14.3.1/thumb/v7e-m+fp/softfp/crtbegin.o
 .text.__do_global_dtors_aux
                0x10000220       0x28 C:/Program Files (x86)/Arm GNU Toolchain arm-none-eabi/14.3 rel1/bin/../lib/gcc/arm-none-eabi/14.3.1/thumb/v7e-m+fp/softfp/crtbegin.o
 .text.frame_dummy
                0x10000248       0x24 C:/Program Files (x86)/Arm GNU Toolchain arm-none-eabi/14.3 rel1/bin/../lib/gcc/arm-none-eabi/14.3.1/thumb/v7e-m+fp/softfp/crtbegin.o
 .text.gpio_init_output
                0x1000026c       0x1c c:/Users/jadma/cfs/2.0.0/Hello_World/build/gpio.o
                0x1000026c                gpio_init_output
 .text.gpio_init_input
                0x10000288       0x1c c:/Users/jadma/cfs/2.0.0/Hello_World/build/gpio.o
                0x10000288                gpio_init_input
 .text.gpio_set
                0x100002a4        0x4 c:/Users/jadma/cfs/2.0.0/Hello_World/build/gpio.o
                0x100002a4                gpio_set
 .text.gpio_clear
                0x100002a8        0x4 c:/Users/jadma/cfs/2.0.0/Hello_World/build/gpio.o
                0x100002a8                gpio_clear
 .text.gpio_read
                0x100002ac       0x10 c:/Users/jadma/cfs/2.0.0/Hello_World/build/gpio.o
                0x100002ac                gpio_read
 .text.led_init
                0x100002bc       0x28 c:/Users/jadma/cfs/2.0.0/Hello_World/build/main.o
                0x100002bc                led_init
 .text.snake_pattern
                0x100002e4       0xf0 c:/Users/jadma/cfs/2.0.0/Hello_World/build/main.o
                0x100002e4                snake_pattern
 .text.startup.main
                0x100003d4      0x17c c:/Users/jadma/cfs/2.0.0/Hello_World/build/main.o
                0x100003d4                main
 .text.mxc_assert
                0x10000550       0x10 c:/Users/jadma/cfs/2.0.0/Hello_World/build/board.o
                0x10000550                mxc_assert
 .text.GPIO0_IRQHandler
                0x10000560        0x8 c:/Users/jadma/cfs/2.0.0/Hello_World/build/board.o
                0x10000560                GPIO0_IRQHandler
 .text.GPIO1_IRQHandler
                0x10000568        0x8 c:/Users/jadma/cfs/2.0.0/Hello_World/build/board.o
                0x10000568                GPIO1_IRQHandler
 .text.GPIO2_IRQHandler
                0x10000570        0x8 c:/Users/jadma/cfs/2.0.0/Hello_World/build/board.o
                0x10000570                GPIO2_IRQHandler
 .text.Board_Init
                0x10000578       0x6c c:/Users/jadma/cfs/2.0.0/Hello_World/build/board.o
                0x10000578                Board_Init
 .text.NMI_Handler
                0x100005e4        0x4 c:/Users/jadma/cfs/2.0.0/Hello_World/build/board.o
                0x100005e4                NMI_Handler
 .text._close   0x100005e8        0x8 c:/Users/jadma/cfs/2.0.0/Hello_World/build/stdio.o
                0x100005e8                _close
 .text._isatty  0x100005f0        0x8 c:/Users/jadma/cfs/2.0.0/Hello_World/build/stdio.o
                0x100005f0                _isatty
 .text._lseek   0x100005f8        0x8 c:/Users/jadma/cfs/2.0.0/Hello_World/build/stdio.o
                0x100005f8                _lseek
 .text._fstat   0x10000600        0x8 c:/Users/jadma/cfs/2.0.0/Hello_World/build/stdio.o
                0x10000600                _fstat
 .text._read    0x10000608       0x50 c:/Users/jadma/cfs/2.0.0/Hello_World/build/stdio.o
                0x10000608                _read
 .text._write   0x10000658       0x54 c:/Users/jadma/cfs/2.0.0/Hello_World/build/stdio.o
                0x10000658                _write
 .text.LED_Init
                0x100006ac       0x40 c:/Users/jadma/cfs/2.0.0/Hello_World/build/led.o
                0x100006ac                LED_Init
 .text.PB_Init  0x100006ec       0x60 c:/Users/jadma/cfs/2.0.0/Hello_World/build/pb.o
                0x100006ec                PB_Init
 .text          0x1000074c      0x148 c:/Users/jadma/cfs/2.0.0/Hello_World/build/startup_max78000.o
                0x1000074c                Reset_Handler
                0x1000078a                HardFault_Handler
                0x1000078c                MemManage_Handler
                0x1000078e                BusFault_Handler
                0x10000790                UsageFault_Handler
                0x10000792                SVC_Handler
                0x10000794                DebugMon_Handler
                0x10000796                PendSV_Handler
                0x10000798                SysTick_Handler
                0x1000079a                Default_Handler
                0x1000079c                PF_IRQHandler
                0x1000079e                WDT0_IRQHandler
                0x100007a0                RSV02_IRQHandler
                0x100007a2                RTC_IRQHandler
                0x100007a4                TRNG_IRQHandler
                0x100007a6                TMR0_IRQHandler
                0x100007a8                TMR1_IRQHandler
                0x100007aa                TMR2_IRQHandler
                0x100007ac                TMR3_IRQHandler
                0x100007ae                TMR4_IRQHandler
                0x100007b0                TMR5_IRQHandler
                0x100007b2                RSV11_IRQHandler
                0x100007b4                RSV12_IRQHandler
                0x100007b6                I2C0_IRQHandler
                0x100007b8                UART0_IRQHandler
                0x100007ba                UART1_IRQHandler
                0x100007bc                SPI1_IRQHandler
                0x100007be                RSV17_IRQHandler
                0x100007c0                RSV18_IRQHandler
                0x100007c2                RSV19_IRQHandler
                0x100007c4                ADC_IRQHandler
                0x100007c6                RSV21_IRQHandler
                0x100007c8                RSV22_IRQHandler
                0x100007ca                FLC0_IRQHandler
                0x100007d2                RSV27_IRQHandler
                0x100007d4                DMA0_IRQHandler
                0x100007d6                DMA1_IRQHandler
                0x100007d8                DMA2_IRQHandler
                0x100007da                DMA3_IRQHandler
                0x100007dc                RSV32_IRQHandler
                0x100007de                RSV33_IRQHandler
                0x100007e0                UART2_IRQHandler
                0x100007e2                RSV35_IRQHandler
                0x100007e4                I2C1_IRQHandler
                0x100007e6                RSV37_IRQHandler
                0x100007e8                RSV38_IRQHandler
                0x100007ea                RSV39_IRQHandler
                0x100007ec                RSV40_IRQHandler
                0x100007ee                RSV41_IRQHandler
                0x100007f0                RSV42_IRQHandler
                0x100007f2                RSV43_IRQHandler
                0x100007f4                RSV44_IRQHandler
                0x100007f6                RSV45_IRQHandler
                0x100007f8                RSV46_IRQHandler
                0x100007fa                RSV47_IRQHandler
                0x100007fc                RSV48_IRQHandler
                0x100007fe                RSV49_IRQHandler
                0x10000800                RSV50_IRQHandler
                0x10000802                RSV51_IRQHandler
                0x10000804                RSV52_IRQHandler
                0x10000806                WUT_IRQHandler
                0x10000808                GPIOWAKE_IRQHandler
                0x1000080a                RSV55_IRQHandler
                0x1000080c                SPI0_IRQHandler
                0x1000080e                WDT1_IRQHandler
                0x10000810                RSV58_IRQHandler
                0x10000812                PT_IRQHandler
                0x10000814                RSV60_IRQHandler
                0x10000816                RSV61_IRQHandler
                0x10000818                I2C2_IRQHandler
                0x1000081a                RISCV_IRQHandler
                0x1000081c                RSV64_IRQHandler
                0x1000081e                RSV65_IRQHandler
                0x10000820                RSV66_IRQHandler
                0x10000822                OWM_IRQHandler
                0x10000824                RSV68_IRQHandler
                0x10000826                RSV69_IRQHandler
                0x10000828                RSV70_IRQHandler
                0x1000082a                RSV71_IRQHandler
                0x1000082c                RSV72_IRQHandler
                0x1000082e                RSV73_IRQHandler
                0x10000830                RSV74_IRQHandler
                0x10000832                RSV75_IRQHandler
                0x10000834                RSV76_IRQHandler
                0x10000836                RSV77_IRQHandler
                0x10000838                RSV78_IRQHandler
                0x1000083a                RSV79_IRQHandler
                0x1000083c                RSV80_IRQHandler
                0x1000083e                RSV81_IRQHandler
                0x10000840                ECC_IRQHandler
                0x10000842                DVS_IRQHandler
                0x10000844                SIMO_IRQHandler
                0x10000846                RSV85_IRQHandler
                0x10000848                RSV86_IRQHandler
                0x1000084a                RSV87_IRQHandler
                0x1000084c                UART3_IRQHandler
                0x1000084e                RSV89_IRQHandler
                0x10000850                RSV90_IRQHandler
                0x10000852                PCIF_IRQHandler
                0x10000854                RSV92_IRQHandler
                0x10000856                RSV93_IRQHandler
                0x10000858                RSV94_IRQHandler
                0x1000085a                RSV95_IRQHandler
                0x1000085c                RSV96_IRQHandler
                0x1000085e                AES_IRQHandler
                0x10000860                RSV98_IRQHandler
                0x10000862                I2S_IRQHandler
                0x10000864                CNN_FIFO_IRQHandler
                0x10000866                CNN_IRQHandler
                0x10000868                RSV102_IRQHandler
                0x1000086a                LPCMP_IRQHandler
 .text._sbrk    0x10000894       0x3c c:/Users/jadma/cfs/2.0.0/Hello_World/build/heap.o
                0x10000894                _sbrk
 .text._getpid  0x100008d0        0x8 c:/Users/jadma/cfs/2.0.0/Hello_World/build/system_max78000.o
                0x100008d0                _getpid
 .text._kill    0x100008d8        0x8 c:/Users/jadma/cfs/2.0.0/Hello_World/build/system_max78000.o
                0x100008d8                _kill
 .text.SystemCoreClockUpdate
                0x100008e0       0x68 c:/Users/jadma/cfs/2.0.0/Hello_World/build/system_max78000.o
                0x100008e0                SystemCoreClockUpdate
 .text.PreInit  0x10000948        0x4 c:/Users/jadma/cfs/2.0.0/Hello_World/build/system_max78000.o
                0x10000948                PreInit
 .text.PinInit  0x1000094c        0x4 c:/Users/jadma/cfs/2.0.0/Hello_World/build/system_max78000.o
                0x1000094c                PinInit
 .text.PeripheralInit
                0x10000950        0x4 c:/Users/jadma/cfs/2.0.0/Hello_World/build/system_max78000.o
                0x10000950                PeripheralInit
 .text.SystemInit
                0x10000954       0x40 c:/Users/jadma/cfs/2.0.0/Hello_World/build/system_max78000.o
                0x10000954                SystemInit
 .text.MXC_SYS_ClockDisable
                0x10000994       0x40 C:/analog/cfs/1.1.0/SDK/MAX/Libraries/PeriphDrivers/bin/MAX78000/spi-v1_softfp/libPeriphDriver_spi-v1_softfp.a(sys_ai85.o)
                0x10000994                MXC_SYS_ClockDisable
 .text.MXC_SYS_ClockEnable
                0x100009d4       0x44 C:/analog/cfs/1.1.0/SDK/MAX/Libraries/PeriphDrivers/bin/MAX78000/spi-v1_softfp/libPeriphDriver_spi-v1_softfp.a(sys_ai85.o)
                0x100009d4                MXC_SYS_ClockEnable
 .text.MXC_SYS_ClockSourceEnable
                0x10000a18       0xf4 C:/analog/cfs/1.1.0/SDK/MAX/Libraries/PeriphDrivers/bin/MAX78000/spi-v1_softfp/libPeriphDriver_spi-v1_softfp.a(sys_ai85.o)
                0x10000a18                MXC_SYS_ClockSourceEnable
 .text.MXC_SYS_Reset_Periph
                0x10000b0c       0x48 C:/analog/cfs/1.1.0/SDK/MAX/Libraries/PeriphDrivers/bin/MAX78000/spi-v1_softfp/libPeriphDriver_spi-v1_softfp.a(sys_ai85.o)
                0x10000b0c                MXC_SYS_Reset_Periph
 .text.MXC_GPIO_Init
                0x10000b54       0x40 C:/analog/cfs/1.1.0/SDK/MAX/Libraries/PeriphDrivers/bin/MAX78000/spi-v1_softfp/libPeriphDriver_spi-v1_softfp.a(gpio_ai85.o)
                0x10000b54                MXC_GPIO_Init
 .text.MXC_GPIO_Config
                0x10000b94      0x22c C:/analog/cfs/1.1.0/SDK/MAX/Libraries/PeriphDrivers/bin/MAX78000/spi-v1_softfp/libPeriphDriver_spi-v1_softfp.a(gpio_ai85.o)
                0x10000b94                MXC_GPIO_Config
 .text.MXC_GPIO_InGet
                0x10000dc0       0x30 C:/analog/cfs/1.1.0/SDK/MAX/Libraries/PeriphDrivers/bin/MAX78000/spi-v1_softfp/libPeriphDriver_spi-v1_softfp.a(gpio_ai85.o)
                0x10000dc0                MXC_GPIO_InGet
 .text.MXC_GPIO_OutSet
                0x10000df0       0x30 C:/analog/cfs/1.1.0/SDK/MAX/Libraries/PeriphDrivers/bin/MAX78000/spi-v1_softfp/libPeriphDriver_spi-v1_softfp.a(gpio_ai85.o)
                0x10000df0                MXC_GPIO_OutSet
 .text.MXC_GPIO_OutClr
                0x10000e20       0x34 C:/analog/cfs/1.1.0/SDK/MAX/Libraries/PeriphDrivers/bin/MAX78000/spi-v1_softfp/libPeriphDriver_spi-v1_softfp.a(gpio_ai85.o)
                0x10000e20                MXC_GPIO_OutClr
 .text.MXC_GPIO_Handler
                0x10000e54        0x4 C:/analog/cfs/1.1.0/SDK/MAX/Libraries/PeriphDrivers/bin/MAX78000/spi-v1_softfp/libPeriphDriver_spi-v1_softfp.a(gpio_ai85.o)
                0x10000e54                MXC_GPIO_Handler
 .text.MXC_GPIO_ClearFlags
                0x10000e58       0x18 C:/analog/cfs/1.1.0/SDK/MAX/Libraries/PeriphDrivers/bin/MAX78000/spi-v1_softfp/libPeriphDriver_spi-v1_softfp.a(gpio_ai85.o)
                0x10000e58                MXC_GPIO_ClearFlags
 .text.MXC_GPIO_GetFlags
                0x10000e70       0x18 C:/analog/cfs/1.1.0/SDK/MAX/Libraries/PeriphDrivers/bin/MAX78000/spi-v1_softfp/libPeriphDriver_spi-v1_softfp.a(gpio_ai85.o)
                0x10000e70                MXC_GPIO_GetFlags
 .text.MXC_GPIO_GetConfigLock
                0x10000e88        0x4 C:/analog/cfs/1.1.0/SDK/MAX/Libraries/PeriphDrivers/bin/MAX78000/spi-v1_softfp/libPeriphDriver_spi-v1_softfp.a(gpio_ai85.o)
                0x10000e88                MXC_GPIO_GetConfigLock
 .text.MXC_GPIO_RevA_InGet
                0x10000e8c        0x8 C:/analog/cfs/1.1.0/SDK/MAX/Libraries/PeriphDrivers/bin/MAX78000/spi-v1_softfp/libPeriphDriver_spi-v1_softfp.a(gpio_reva.o)
                0x10000e8c                MXC_GPIO_RevA_InGet
 .text.MXC_GPIO_RevA_OutSet
                0x10000e94        0x4 C:/analog/cfs/1.1.0/SDK/MAX/Libraries/PeriphDrivers/bin/MAX78000/spi-v1_softfp/libPeriphDriver_spi-v1_softfp.a(gpio_reva.o)
                0x10000e94                MXC_GPIO_RevA_OutSet
 .text.MXC_GPIO_RevA_OutClr
                0x10000e98        0x4 C:/analog/cfs/1.1.0/SDK/MAX/Libraries/PeriphDrivers/bin/MAX78000/spi-v1_softfp/libPeriphDriver_spi-v1_softfp.a(gpio_reva.o)
                0x10000e98                MXC_GPIO_RevA_OutClr
 .text.MXC_GPIO_RevA_ClearFlags
                0x10000e9c        0x4 C:/analog/cfs/1.1.0/SDK/MAX/Libraries/PeriphDrivers/bin/MAX78000/spi-v1_softfp/libPeriphDriver_spi-v1_softfp.a(gpio_reva.o)
                0x10000e9c                MXC_GPIO_RevA_ClearFlags
 .text.MXC_GPIO_RevA_GetFlags
                0x10000ea0        0x4 C:/analog/cfs/1.1.0/SDK/MAX/Libraries/PeriphDrivers/bin/MAX78000/spi-v1_softfp/libPeriphDriver_spi-v1_softfp.a(gpio_reva.o)
                0x10000ea0                MXC_GPIO_RevA_GetFlags
 .text.MXC_GPIO_RevA_SetVSSEL
                0x10000ea4       0x38 C:/analog/cfs/1.1.0/SDK/MAX/Libraries/PeriphDrivers/bin/MAX78000/spi-v1_softfp/libPeriphDriver_spi-v1_softfp.a(gpio_reva.o)
                0x10000ea4                MXC_GPIO_RevA_SetVSSEL
 .text.MXC_GPIO_RevA_SetAF
                0x10000edc       0x84 C:/analog/cfs/1.1.0/SDK/MAX/Libraries/PeriphDrivers/bin/MAX78000/spi-v1_softfp/libPeriphDriver_spi-v1_softfp.a(gpio_reva.o)
                0x10000edc                MXC_GPIO_RevA_SetAF
 .text.MXC_GPIO_RevA_SetDriveStrength
                0x10000f60       0x84 C:/analog/cfs/1.1.0/SDK/MAX/Libraries/PeriphDrivers/bin/MAX78000/spi-v1_softfp/libPeriphDriver_spi-v1_softfp.a(gpio_reva.o)
                0x10000f60                MXC_GPIO_RevA_SetDriveStrength
 .text.MXC_ICC_Enable
                0x10000fe4        0x4 C:/analog/cfs/1.1.0/SDK/MAX/Libraries/PeriphDrivers/bin/MAX78000/spi-v1_softfp/libPeriphDriver_spi-v1_softfp.a(icc_me17.o)
                0x10000fe4                MXC_ICC_Enable
 .text.MXC_ICC_RevA_Enable
                0x10000fe8       0x30 C:/analog/cfs/1.1.0/SDK/MAX/Libraries/PeriphDrivers/bin/MAX78000/spi-v1_softfp/libPeriphDriver_spi-v1_softfp.a(icc_reva.o)
                0x10000fe8                MXC_ICC_RevA_Enable
 .text.MXC_UART_Shutdown
                0x10001018       0x6c C:/analog/cfs/1.1.0/SDK/MAX/Libraries/PeriphDrivers/bin/MAX78000/spi-v1_softfp/libPeriphDriver_spi-v1_softfp.a(uart_ai85.o)
                0x10001018                MXC_UART_Shutdown
 .text.MXC_UART_SetFrequency
                0x10001084       0x9c C:/analog/cfs/1.1.0/SDK/MAX/Libraries/PeriphDrivers/bin/MAX78000/spi-v1_softfp/libPeriphDriver_spi-v1_softfp.a(uart_ai85.o)
                0x10001084                MXC_UART_SetFrequency
 .text.MXC_UART_SetDataSize
                0x10001120        0x4 C:/analog/cfs/1.1.0/SDK/MAX/Libraries/PeriphDrivers/bin/MAX78000/spi-v1_softfp/libPeriphDriver_spi-v1_softfp.a(uart_ai85.o)
                0x10001120                MXC_UART_SetDataSize
 .text.MXC_UART_SetStopBits
                0x10001124        0x4 C:/analog/cfs/1.1.0/SDK/MAX/Libraries/PeriphDrivers/bin/MAX78000/spi-v1_softfp/libPeriphDriver_spi-v1_softfp.a(uart_ai85.o)
                0x10001124                MXC_UART_SetStopBits
 .text.MXC_UART_SetParity
                0x10001128        0x4 C:/analog/cfs/1.1.0/SDK/MAX/Libraries/PeriphDrivers/bin/MAX78000/spi-v1_softfp/libPeriphDriver_spi-v1_softfp.a(uart_ai85.o)
                0x10001128                MXC_UART_SetParity
 .text.MXC_UART_SetClockSource
                0x1000112c       0x70 C:/analog/cfs/1.1.0/SDK/MAX/Libraries/PeriphDrivers/bin/MAX78000/spi-v1_softfp/libPeriphDriver_spi-v1_softfp.a(uart_ai85.o)
                0x1000112c                MXC_UART_SetClockSource
 .text.MXC_UART_GetClockSource
                0x1000119c       0x4c C:/analog/cfs/1.1.0/SDK/MAX/Libraries/PeriphDrivers/bin/MAX78000/spi-v1_softfp/libPeriphDriver_spi-v1_softfp.a(uart_ai85.o)
                0x1000119c                MXC_UART_GetClockSource
 .text.MXC_UART_Init
                0x100011e8       0xa4 C:/analog/cfs/1.1.0/SDK/MAX/Libraries/PeriphDrivers/bin/MAX78000/spi-v1_softfp/libPeriphDriver_spi-v1_softfp.a(uart_ai85.o)
                0x100011e8                MXC_UART_Init
 .text.MXC_UART_ReadCharacterRaw
                0x1000128c        0x4 C:/analog/cfs/1.1.0/SDK/MAX/Libraries/PeriphDrivers/bin/MAX78000/spi-v1_softfp/libPeriphDriver_spi-v1_softfp.a(uart_ai85.o)
                0x1000128c                MXC_UART_ReadCharacterRaw
 .text.MXC_UART_WriteCharacterRaw
                0x10001290        0x4 C:/analog/cfs/1.1.0/SDK/MAX/Libraries/PeriphDrivers/bin/MAX78000/spi-v1_softfp/libPeriphDriver_spi-v1_softfp.a(uart_ai85.o)
                0x10001290                MXC_UART_WriteCharacterRaw
 .text.MXC_UART_ReadCharacter
                0x10001294        0x4 C:/analog/cfs/1.1.0/SDK/MAX/Libraries/PeriphDrivers/bin/MAX78000/spi-v1_softfp/libPeriphDriver_spi-v1_softfp.a(uart_ai85.o)
                0x10001294                MXC_UART_ReadCharacter
 .text.MXC_UART_WriteCharacter
                0x10001298        0x4 C:/analog/cfs/1.1.0/SDK/MAX/Libraries/PeriphDrivers/bin/MAX78000/spi-v1_softfp/libPeriphDriver_spi-v1_softfp.a(uart_ai85.o)
                0x10001298                MXC_UART_WriteCharacter
 .text.MXC_UART_GetRXFIFOAvailable
                0x1000129c        0x4 C:/analog/cfs/1.1.0/SDK/MAX/Libraries/PeriphDrivers/bin/MAX78000/spi-v1_softfp/libPeriphDriver_spi-v1_softfp.a(uart_ai85.o)
                0x1000129c                MXC_UART_GetRXFIFOAvailable
 .text.MXC_UART_GetTXFIFOAvailable
                0x100012a0        0x4 C:/analog/cfs/1.1.0/SDK/MAX/Libraries/PeriphDrivers/bin/MAX78000/spi-v1_softfp/libPeriphDriver_spi-v1_softfp.a(uart_ai85.o)
                0x100012a0                MXC_UART_GetTXFIFOAvailable
 .text.MXC_UART_SetRXThreshold
                0x100012a4        0x4 C:/analog/cfs/1.1.0/SDK/MAX/Libraries/PeriphDrivers/bin/MAX78000/spi-v1_softfp/libPeriphDriver_spi-v1_softfp.a(uart_ai85.o)
                0x100012a4                MXC_UART_SetRXThreshold
 .text.MXC_UART_Common_ReadCharacter
                0x100012a8       0x18 C:/analog/cfs/1.1.0/SDK/MAX/Libraries/PeriphDrivers/bin/MAX78000/spi-v1_softfp/libPeriphDriver_spi-v1_softfp.a(uart_common.o)
                0x100012a8                MXC_UART_Common_ReadCharacter
 .text.MXC_UART_Common_WriteCharacter
                0x100012c0       0x1c C:/analog/cfs/1.1.0/SDK/MAX/Libraries/PeriphDrivers/bin/MAX78000/spi-v1_softfp/libPeriphDriver_spi-v1_softfp.a(uart_common.o)
                0x100012c0                MXC_UART_Common_WriteCharacter
 .text.MXC_UART_RevB_Init
                0x100012dc       0xe4 C:/analog/cfs/1.1.0/SDK/MAX/Libraries/PeriphDrivers/bin/MAX78000/spi-v1_softfp/libPeriphDriver_spi-v1_softfp.a(uart_revb.o)
                0x100012dc                MXC_UART_RevB_Init
 .text.MXC_UART_RevB_SetFrequency
                0x100013c0       0x1c C:/analog/cfs/1.1.0/SDK/MAX/Libraries/PeriphDrivers/bin/MAX78000/spi-v1_softfp/libPeriphDriver_spi-v1_softfp.a(uart_revb.o)
                0x100013c0                MXC_UART_RevB_SetFrequency
 .text.MXC_UART_RevB_SetDataSize
                0x100013dc       0x20 C:/analog/cfs/1.1.0/SDK/MAX/Libraries/PeriphDrivers/bin/MAX78000/spi-v1_softfp/libPeriphDriver_spi-v1_softfp.a(uart_revb.o)
                0x100013dc                MXC_UART_RevB_SetDataSize
 .text.MXC_UART_RevB_SetStopBits
                0x100013fc       0x24 C:/analog/cfs/1.1.0/SDK/MAX/Libraries/PeriphDrivers/bin/MAX78000/spi-v1_softfp/libPeriphDriver_spi-v1_softfp.a(uart_revb.o)
                0x100013fc                MXC_UART_RevB_SetStopBits
 .text.MXC_UART_RevB_SetParity
                0x10001420       0x90 C:/analog/cfs/1.1.0/SDK/MAX/Libraries/PeriphDrivers/bin/MAX78000/spi-v1_softfp/libPeriphDriver_spi-v1_softfp.a(uart_revb.o)
                0x10001420                MXC_UART_RevB_SetParity
 .text.MXC_UART_RevB_SetClockSource
                0x100014b0       0xa0 C:/analog/cfs/1.1.0/SDK/MAX/Libraries/PeriphDrivers/bin/MAX78000/spi-v1_softfp/libPeriphDriver_spi-v1_softfp.a(uart_revb.o)
                0x100014b0                MXC_UART_RevB_SetClockSource
 .text.MXC_UART_RevB_GetClockSource
                0x10001550        0x8 C:/analog/cfs/1.1.0/SDK/MAX/Libraries/PeriphDrivers/bin/MAX78000/spi-v1_softfp/libPeriphDriver_spi-v1_softfp.a(uart_revb.o)
                0x10001550                MXC_UART_RevB_GetClockSource
 .text.MXC_UART_RevB_ReadCharacterRaw
                0x10001558       0x10 C:/analog/cfs/1.1.0/SDK/MAX/Libraries/PeriphDrivers/bin/MAX78000/spi-v1_softfp/libPeriphDriver_spi-v1_softfp.a(uart_revb.o)
                0x10001558                MXC_UART_RevB_ReadCharacterRaw
 .text.MXC_UART_RevB_WriteCharacterRaw
                0x10001568       0x14 C:/analog/cfs/1.1.0/SDK/MAX/Libraries/PeriphDrivers/bin/MAX78000/spi-v1_softfp/libPeriphDriver_spi-v1_softfp.a(uart_revb.o)
                0x10001568                MXC_UART_RevB_WriteCharacterRaw
 .text.MXC_UART_RevB_GetRXFIFOAvailable
                0x1000157c        0x8 C:/analog/cfs/1.1.0/SDK/MAX/Libraries/PeriphDrivers/bin/MAX78000/spi-v1_softfp/libPeriphDriver_spi-v1_softfp.a(uart_revb.o)
                0x1000157c                MXC_UART_RevB_GetRXFIFOAvailable
 .text.MXC_UART_RevB_GetTXFIFOAvailable
                0x10001584        0xc C:/analog/cfs/1.1.0/SDK/MAX/Libraries/PeriphDrivers/bin/MAX78000/spi-v1_softfp/libPeriphDriver_spi-v1_softfp.a(uart_revb.o)
                0x10001584                MXC_UART_RevB_GetTXFIFOAvailable
 .text.MXC_UART_RevB_SetRXThreshold
                0x10001590       0x1c C:/analog/cfs/1.1.0/SDK/MAX/Libraries/PeriphDrivers/bin/MAX78000/spi-v1_softfp/libPeriphDriver_spi-v1_softfp.a(uart_revb.o)
                0x10001590                MXC_UART_RevB_SetRXThreshold
 .text.MXC_DelayInit
                0x100015ac       0x7c C:/analog/cfs/1.1.0/SDK/MAX/Libraries/PeriphDrivers/bin/MAX78000/spi-v1_softfp/libPeriphDriver_spi-v1_softfp.a(mxc_delay.o)
 .text.MXC_DelayAsync
                0x10001628       0x3c C:/analog/cfs/1.1.0/SDK/MAX/Libraries/PeriphDrivers/bin/MAX78000/spi-v1_softfp/libPeriphDriver_spi-v1_softfp.a(mxc_delay.o)
                0x10001628                MXC_DelayAsync
 .text.MXC_DelayCheck
                0x10001664       0x70 C:/analog/cfs/1.1.0/SDK/MAX/Libraries/PeriphDrivers/bin/MAX78000/spi-v1_softfp/libPeriphDriver_spi-v1_softfp.a(mxc_delay.o)
                0x10001664                MXC_DelayCheck
 .text.MXC_DelayAbort
                0x100016d4       0x34 C:/analog/cfs/1.1.0/SDK/MAX/Libraries/PeriphDrivers/bin/MAX78000/spi-v1_softfp/libPeriphDriver_spi-v1_softfp.a(mxc_delay.o)
                0x100016d4                MXC_DelayAbort
 .text.MXC_Delay
                0x10001708       0x74 C:/analog/cfs/1.1.0/SDK/MAX/Libraries/PeriphDrivers/bin/MAX78000/spi-v1_softfp/libPeriphDriver_spi-v1_softfp.a(mxc_delay.o)
                0x10001708                MXC_Delay
 .text.MXC_GPIO_Common_Init
                0x1000177c       0x24 C:/analog/cfs/1.1.0/SDK/MAX/Libraries/PeriphDrivers/bin/MAX78000/spi-v1_softfp/libPeriphDriver_spi-v1_softfp.a(gpio_common.o)
                0x1000177c                MXC_GPIO_Common_Init
 .text.MXC_GPIO_Common_Handler
                0x100017a0       0x70 C:/analog/cfs/1.1.0/SDK/MAX/Libraries/PeriphDrivers/bin/MAX78000/spi-v1_softfp/libPeriphDriver_spi-v1_softfp.a(gpio_common.o)
                0x100017a0                MXC_GPIO_Common_Handler
 .text.MXC_GPIO_Common_GetConfigLock
                0x10001810        0xc C:/analog/cfs/1.1.0/SDK/MAX/Libraries/PeriphDrivers/bin/MAX78000/spi-v1_softfp/libPeriphDriver_spi-v1_softfp.a(gpio_common.o)
                0x10001810                MXC_GPIO_Common_GetConfigLock
 .text.malloc   0x1000181c       0x10 C:/Program Files (x86)/Arm GNU Toolchain arm-none-eabi/14.3 rel1/bin/../lib/gcc/arm-none-eabi/14.3.1/../../../../arm-none-eabi/lib/thumb/v7e-m+fp/softfp\libc.a(libc_a-malloc.o)
                0x1000181c                malloc
 .text._malloc_r
                0x1000182c      0x598 C:/Program Files (x86)/Arm GNU Toolchain arm-none-eabi/14.3 rel1/bin/../lib/gcc/arm-none-eabi/14.3.1/../../../../arm-none-eabi/lib/thumb/v7e-m+fp/softfp\libc.a(libc_a-mallocr.o)
                0x1000182c                _malloc_r
 .text.__malloc_lock
                0x10001dc4        0xc C:/Program Files (x86)/Arm GNU Toolchain arm-none-eabi/14.3 rel1/bin/../lib/gcc/arm-none-eabi/14.3.1/../../../../arm-none-eabi/lib/thumb/v7e-m+fp/softfp\libc.a(libc_a-mlock.o)
                0x10001dc4                __malloc_lock
 .text.__malloc_unlock
                0x10001dd0        0xc C:/Program Files (x86)/Arm GNU Toolchain arm-none-eabi/14.3 rel1/bin/../lib/gcc/arm-none-eabi/14.3.1/../../../../arm-none-eabi/lib/thumb/v7e-m+fp/softfp\libc.a(libc_a-mlock.o)
                0x10001dd0                __malloc_unlock
 .text.stdio_exit_handler
                0x10001ddc       0x18 C:/Program Files (x86)/Arm GNU Toolchain arm-none-eabi/14.3 rel1/bin/../lib/gcc/arm-none-eabi/14.3.1/../../../../arm-none-eabi/lib/thumb/v7e-m+fp/softfp\libc.a(libc_a-findfp.o)
 .text.cleanup_stdio
                0x10001df4       0x40 C:/Program Files (x86)/Arm GNU Toolchain arm-none-eabi/14.3 rel1/bin/../lib/gcc/arm-none-eabi/14.3.1/../../../../arm-none-eabi/lib/thumb/v7e-m+fp/softfp\libc.a(libc_a-findfp.o)
 .text.global_stdio_init.part.0
                0x10001e34       0xf0 C:/Program Files (x86)/Arm GNU Toolchain arm-none-eabi/14.3 rel1/bin/../lib/gcc/arm-none-eabi/14.3.1/../../../../arm-none-eabi/lib/thumb/v7e-m+fp/softfp\libc.a(libc_a-findfp.o)
 .text.__sinit  0x10001f24       0x3c C:/Program Files (x86)/Arm GNU Toolchain arm-none-eabi/14.3 rel1/bin/../lib/gcc/arm-none-eabi/14.3.1/../../../../arm-none-eabi/lib/thumb/v7e-m+fp/softfp\libc.a(libc_a-findfp.o)
                0x10001f24                __sinit
 .text.__sfp_lock_acquire
                0x10001f60        0xc C:/Program Files (x86)/Arm GNU Toolchain arm-none-eabi/14.3 rel1/bin/../lib/gcc/arm-none-eabi/14.3.1/../../../../arm-none-eabi/lib/thumb/v7e-m+fp/softfp\libc.a(libc_a-findfp.o)
                0x10001f60                __sfp_lock_acquire
 .text.__sfp_lock_release
                0x10001f6c        0xc C:/Program Files (x86)/Arm GNU Toolchain arm-none-eabi/14.3 rel1/bin/../lib/gcc/arm-none-eabi/14.3.1/../../../../arm-none-eabi/lib/thumb/v7e-m+fp/softfp\libc.a(libc_a-findfp.o)
                0x10001f6c                __sfp_lock_release
 .text._fwalk_sglue
                0x10001f78       0x44 C:/Program Files (x86)/Arm GNU Toolchain arm-none-eabi/14.3 rel1/bin/../lib/gcc/arm-none-eabi/14.3.1/../../../../arm-none-eabi/lib/thumb/v7e-m+fp/softfp\libc.a(libc_a-fwalk.o)
                0x10001f78                _fwalk_sglue
 .text.printf   0x10001fbc       0x28 C:/Program Files (x86)/Arm GNU Toolchain arm-none-eabi/14.3 rel1/bin/../lib/gcc/arm-none-eabi/14.3.1/../../../../arm-none-eabi/lib/thumb/v7e-m+fp/softfp\libc.a(libc_a-printf.o)
                0x10001fbc                printf
 .text._puts_r  0x10001fe4       0xbc C:/Program Files (x86)/Arm GNU Toolchain arm-none-eabi/14.3 rel1/bin/../lib/gcc/arm-none-eabi/14.3.1/../../../../arm-none-eabi/lib/thumb/v7e-m+fp/softfp\libc.a(libc_a-puts.o)
                0x10001fe4                _puts_r
 .text.puts     0x100020a0       0x10 C:/Program Files (x86)/Arm GNU Toolchain arm-none-eabi/14.3 rel1/bin/../lib/gcc/arm-none-eabi/14.3.1/../../../../arm-none-eabi/lib/thumb/v7e-m+fp/softfp\libc.a(libc_a-puts.o)
                0x100020a0                puts
 .text.__sread  0x100020b0       0x24 C:/Program Files (x86)/Arm GNU Toolchain arm-none-eabi/14.3 rel1/bin/../lib/gcc/arm-none-eabi/14.3.1/../../../../arm-none-eabi/lib/thumb/v7e-m+fp/softfp\libc.a(libc_a-stdio.o)
                0x100020b0                __sread
 .text.__swrite
                0x100020d4       0x40 C:/Program Files (x86)/Arm GNU Toolchain arm-none-eabi/14.3 rel1/bin/../lib/gcc/arm-none-eabi/14.3.1/../../../../arm-none-eabi/lib/thumb/v7e-m+fp/softfp\libc.a(libc_a-stdio.o)
                0x100020d4                __swrite
 .text.__sseek  0x10002114       0x24 C:/Program Files (x86)/Arm GNU Toolchain arm-none-eabi/14.3 rel1/bin/../lib/gcc/arm-none-eabi/14.3.1/../../../../arm-none-eabi/lib/thumb/v7e-m+fp/softfp\libc.a(libc_a-stdio.o)
                0x10002114                __sseek
 .text.__sclose
                0x10002138        0x8 C:/Program Files (x86)/Arm GNU Toolchain arm-none-eabi/14.3 rel1/bin/../lib/gcc/arm-none-eabi/14.3.1/../../../../arm-none-eabi/lib/thumb/v7e-m+fp/softfp\libc.a(libc_a-stdio.o)
                0x10002138                __sclose
 .text.memset   0x10002140       0x9c C:/Program Files (x86)/Arm GNU Toolchain arm-none-eabi/14.3 rel1/bin/../lib/gcc/arm-none-eabi/14.3.1/../../../../arm-none-eabi/lib/thumb/v7e-m+fp/softfp\libc.a(libc_a-memset.o)
                0x10002140                memset
 .text._close_r
                0x100021dc       0x24 C:/Program Files (x86)/Arm GNU Toolchain arm-none-eabi/14.3 rel1/bin/../lib/gcc/arm-none-eabi/14.3.1/../../../../arm-none-eabi/lib/thumb/v7e-m+fp/softfp\libc.a(libc_a-closer.o)
                0x100021dc                _close_r
 .text._lseek_r
                0x10002200       0x2c C:/Program Files (x86)/Arm GNU Toolchain arm-none-eabi/14.3 rel1/bin/../lib/gcc/arm-none-eabi/14.3.1/../../../../arm-none-eabi/lib/thumb/v7e-m+fp/softfp\libc.a(libc_a-lseekr.o)
                0x10002200                _lseek_r
 .text._read_r  0x1000222c       0x2c C:/Program Files (x86)/Arm GNU Toolchain arm-none-eabi/14.3 rel1/bin/../lib/gcc/arm-none-eabi/14.3.1/../../../../arm-none-eabi/lib/thumb/v7e-m+fp/softfp\libc.a(libc_a-readr.o)
                0x1000222c                _read_r
 .text._sbrk_r  0x10002258       0x24 C:/Program Files (x86)/Arm GNU Toolchain arm-none-eabi/14.3 rel1/bin/../lib/gcc/arm-none-eabi/14.3.1/../../../../arm-none-eabi/lib/thumb/v7e-m+fp/softfp\libc.a(libc_a-sbrkr.o)
                0x10002258                _sbrk_r
 .text._write_r
                0x1000227c       0x2c C:/Program Files (x86)/Arm GNU Toolchain arm-none-eabi/14.3 rel1/bin/../lib/gcc/arm-none-eabi/14.3.1/../../../../arm-none-eabi/lib/thumb/v7e-m+fp/softfp\libc.a(libc_a-writer.o)
                0x1000227c                _write_r
 .text.__errno  0x100022a8        0xc C:/Program Files (x86)/Arm GNU Toolchain arm-none-eabi/14.3 rel1/bin/../lib/gcc/arm-none-eabi/14.3.1/../../../../arm-none-eabi/lib/thumb/v7e-m+fp/softfp\libc.a(libc_a-errno.o)
                0x100022a8                __errno
 .text.__libc_init_array
                0x100022b4       0x50 C:/Program Files (x86)/Arm GNU Toolchain arm-none-eabi/14.3 rel1/bin/../lib/gcc/arm-none-eabi/14.3.1/../../../../arm-none-eabi/lib/thumb/v7e-m+fp/softfp\libc.a(libc_a-init.o)
                0x100022b4                __libc_init_array
 .text.__retarget_lock_init_recursive
                0x10002304        0x4 C:/Program Files (x86)/Arm GNU Toolchain arm-none-eabi/14.3 rel1/bin/../lib/gcc/arm-none-eabi/14.3.1/../../../../arm-none-eabi/lib/thumb/v7e-m+fp/softfp\libc.a(libc_a-lock.o)
                0x10002304                __retarget_lock_init_recursive
 .text.__retarget_lock_close_recursive
                0x10002308        0x4 C:/Program Files (x86)/Arm GNU Toolchain arm-none-eabi/14.3 rel1/bin/../lib/gcc/arm-none-eabi/14.3.1/../../../../arm-none-eabi/lib/thumb/v7e-m+fp/softfp\libc.a(libc_a-lock.o)
                0x10002308                __retarget_lock_close_recursive
 .text.__retarget_lock_acquire_recursive
                0x1000230c        0x4 C:/Program Files (x86)/Arm GNU Toolchain arm-none-eabi/14.3 rel1/bin/../lib/gcc/arm-none-eabi/14.3.1/../../../../arm-none-eabi/lib/thumb/v7e-m+fp/softfp\libc.a(libc_a-lock.o)
                0x1000230c                __retarget_lock_acquire_recursive
 .text.__retarget_lock_release_recursive
                0x10002310        0x4 C:/Program Files (x86)/Arm GNU Toolchain arm-none-eabi/14.3 rel1/bin/../lib/gcc/arm-none-eabi/14.3.1/../../../../arm-none-eabi/lib/thumb/v7e-m+fp/softfp\libc.a(libc_a-lock.o)
                0x10002310                __retarget_lock_release_recursive
 .text.sysconf  0x10002314       0x1c C:/Program Files (x86)/Arm GNU Toolchain arm-none-eabi/14.3 rel1/bin/../lib/gcc/arm-none-eabi/14.3.1/../../../../arm-none-eabi/lib/thumb/v7e-m+fp/softfp\libc.a(libc_a-sysconf.o)
                0x10002314                sysconf
 .text          0x10002330      0x134 C:/Program Files (x86)/Arm GNU Toolchain arm-none-eabi/14.3 rel1/bin/../lib/gcc/arm-none-eabi/14.3.1/../../../../arm-none-eabi/lib/thumb/v7e-m+fp/softfp\libc.a(libc_a-memcpy.o)
                0x10002330                memcpy
 *fill*         0x10002464       0x1c 
 .text          0x10002480       0xd8 C:/Program Files (x86)/Arm GNU Toolchain arm-none-eabi/14.3 rel1/bin/../lib/gcc/arm-none-eabi/14.3.1/../../../../arm-none-eabi/lib/thumb/v7e-m+fp/softfp\libc.a(libc_a-strlen.o)
                0x10002480                strlen
 .text.startup.register_fini
                0x10002558       0x14 C:/Program Files (x86)/Arm GNU Toolchain arm-none-eabi/14.3 rel1/bin/../lib/gcc/arm-none-eabi/14.3.1/../../../../arm-none-eabi/lib/thumb/v7e-m+fp/softfp\libc.a(libc_a-__call_atexit.o)
 .text.atexit   0x1000256c        0xc C:/Program Files (x86)/Arm GNU Toolchain arm-none-eabi/14.3 rel1/bin/../lib/gcc/arm-none-eabi/14.3.1/../../../../arm-none-eabi/lib/thumb/v7e-m+fp/softfp\libc.a(libc_a-atexit.o)
                0x1000256c                atexit
 .text._malloc_trim_r
                0x10002578       0xb8 C:/Program Files (x86)/Arm GNU Toolchain arm-none-eabi/14.3 rel1/bin/../lib/gcc/arm-none-eabi/14.3.1/../../../../arm-none-eabi/lib/thumb/v7e-m+fp/softfp\libc.a(libc_a-freer.o)
                0x10002578                _malloc_trim_r
 .text._free_r  0x10002630      0x1f0 C:/Program Files (x86)/Arm GNU Toolchain arm-none-eabi/14.3 rel1/bin/../lib/gcc/arm-none-eabi/14.3.1/../../../../arm-none-eabi/lib/thumb/v7e-m+fp/softfp\libc.a(libc_a-freer.o)
                0x10002630                _free_r
 .text._vfprintf_r
                0x10002820     0x2320 C:/Program Files (x86)/Arm GNU Toolchain arm-none-eabi/14.3 rel1/bin/../lib/gcc/arm-none-eabi/14.3.1/../../../../arm-none-eabi/lib/thumb/v7e-m+fp/softfp\libc.a(libc_a-vfprintf.o)
                0x10002820                _vfprintf_r
 .text.__sbprintf
                0x10004b40       0x84 C:/Program Files (x86)/Arm GNU Toolchain arm-none-eabi/14.3 rel1/bin/../lib/gcc/arm-none-eabi/14.3.1/../../../../arm-none-eabi/lib/thumb/v7e-m+fp/softfp\libc.a(libc_a-vfprintf.o)
 .text.__sprint_r
                0x10004bc4       0x20 C:/Program Files (x86)/Arm GNU Toolchain arm-none-eabi/14.3 rel1/bin/../lib/gcc/arm-none-eabi/14.3.1/../../../../arm-none-eabi/lib/thumb/v7e-m+fp/softfp\libc.a(libc_a-sprint_r.o)
                0x10004bc4                __sprint_r
 .text._fclose_r
                0x10004be4       0xc0 C:/Program Files (x86)/Arm GNU Toolchain arm-none-eabi/14.3 rel1/bin/../lib/gcc/arm-none-eabi/14.3.1/../../../../arm-none-eabi/lib/thumb/v7e-m+fp/softfp\libc.a(libc_a-fclose.o)
                0x10004be4                _fclose_r
 .text.__sflush_r
                0x10004ca4      0x138 C:/Program Files (x86)/Arm GNU Toolchain arm-none-eabi/14.3 rel1/bin/../lib/gcc/arm-none-eabi/14.3.1/../../../../arm-none-eabi/lib/thumb/v7e-m+fp/softfp\libc.a(libc_a-fflush.o)
                0x10004ca4                __sflush_r
 .text._fflush_r
                0x10004ddc       0x54 C:/Program Files (x86)/Arm GNU Toolchain arm-none-eabi/14.3 rel1/bin/../lib/gcc/arm-none-eabi/14.3.1/../../../../arm-none-eabi/lib/thumb/v7e-m+fp/softfp\libc.a(libc_a-fflush.o)
                0x10004ddc                _fflush_r
 .text.__sfvwrite_r
                0x10004e30      0x2ec C:/Program Files (x86)/Arm GNU Toolchain arm-none-eabi/14.3 rel1/bin/../lib/gcc/arm-none-eabi/14.3.1/../../../../arm-none-eabi/lib/thumb/v7e-m+fp/softfp\libc.a(libc_a-fvwrite.o)
                0x10004e30                __sfvwrite_r
 .text.__swsetup_r
                0x1000511c       0xfc C:/Program Files (x86)/Arm GNU Toolchain arm-none-eabi/14.3 rel1/bin/../lib/gcc/arm-none-eabi/14.3.1/../../../../arm-none-eabi/lib/thumb/v7e-m+fp/softfp\libc.a(libc_a-wsetup.o)
                0x1000511c                __swsetup_r
 .text.memmove  0x10005218      0x130 C:/Program Files (x86)/Arm GNU Toolchain arm-none-eabi/14.3 rel1/bin/../lib/gcc/arm-none-eabi/14.3.1/../../../../arm-none-eabi/lib/thumb/v7e-m+fp/softfp\libc.a(libc_a-memmove.o)
                0x10005218                memmove
 .text.strncpy  0x10005348       0x68 C:/Program Files (x86)/Arm GNU Toolchain arm-none-eabi/14.3 rel1/bin/../lib/gcc/arm-none-eabi/14.3.1/../../../../arm-none-eabi/lib/thumb/v7e-m+fp/softfp\libc.a(libc_a-strncpy.o)
                0x10005348                strncpy
 .text.__locale_mb_cur_max
                0x100053b0        0xc C:/Program Files (x86)/Arm GNU Toolchain arm-none-eabi/14.3 rel1/bin/../lib/gcc/arm-none-eabi/14.3.1/../../../../arm-none-eabi/lib/thumb/v7e-m+fp/softfp\libc.a(libc_a-locale.o)
                0x100053b0                __locale_mb_cur_max
 .text._localeconv_r
                0x100053bc        0x8 C:/Program Files (x86)/Arm GNU Toolchain arm-none-eabi/14.3 rel1/bin/../lib/gcc/arm-none-eabi/14.3.1/../../../../arm-none-eabi/lib/thumb/v7e-m+fp/softfp\libc.a(libc_a-localeconv.o)
                0x100053bc                _localeconv_r
 .text.__libc_fini_array
                0x100053c4       0x28 C:/Program Files (x86)/Arm GNU Toolchain arm-none-eabi/14.3 rel1/bin/../lib/gcc/arm-none-eabi/14.3.1/../../../../arm-none-eabi/lib/thumb/v7e-m+fp/softfp\libc.a(libc_a-fini.o)
                0x100053c4                __libc_fini_array
 *fill*         0x100053ec        0x4 
 .text          0x100053f0       0xa0 C:/Program Files (x86)/Arm GNU Toolchain arm-none-eabi/14.3 rel1/bin/../lib/gcc/arm-none-eabi/14.3.1/../../../../arm-none-eabi/lib/thumb/v7e-m+fp/softfp\libc.a(libc_a-memchr.o)
                0x100053f0                memchr
 .text.frexp    0x10005490       0x6c C:/Program Files (x86)/Arm GNU Toolchain arm-none-eabi/14.3 rel1/bin/../lib/gcc/arm-none-eabi/14.3.1/../../../../arm-none-eabi/lib/thumb/v7e-m+fp/softfp\libc.a(libm_a-s_frexp.o)
                0x10005490                frexp
 .text.__register_exitproc
                0x100054fc       0x80 C:/Program Files (x86)/Arm GNU Toolchain arm-none-eabi/14.3 rel1/bin/../lib/gcc/arm-none-eabi/14.3.1/../../../../arm-none-eabi/lib/thumb/v7e-m+fp/softfp\libc.a(libc_a-__atexit.o)
                0x100054fc                __register_exitproc
 .text.quorem   0x1000557c      0x12c C:/Program Files (x86)/Arm GNU Toolchain arm-none-eabi/14.3 rel1/bin/../lib/gcc/arm-none-eabi/14.3.1/../../../../arm-none-eabi/lib/thumb/v7e-m+fp/softfp\libc.a(libc_a-dtoa.o)
 .text._dtoa_r  0x100056a8     0x1034 C:/Program Files (x86)/Arm GNU Toolchain arm-none-eabi/14.3 rel1/bin/../lib/gcc/arm-none-eabi/14.3.1/../../../../arm-none-eabi/lib/thumb/v7e-m+fp/softfp\libc.a(libc_a-dtoa.o)
                0x100056a8                _dtoa_r
 .text.__ascii_mbtowc
                0x100066dc       0x2c C:/Program Files (x86)/Arm GNU Toolchain arm-none-eabi/14.3 rel1/bin/../lib/gcc/arm-none-eabi/14.3.1/../../../../arm-none-eabi/lib/thumb/v7e-m+fp/softfp\libc.a(libc_a-mbtowc_r.o)
                0x100066dc                __ascii_mbtowc
 .text._Balloc  0x10006708       0x4c C:/Program Files (x86)/Arm GNU Toolchain arm-none-eabi/14.3 rel1/bin/../lib/gcc/arm-none-eabi/14.3.1/../../../../arm-none-eabi/lib/thumb/v7e-m+fp/softfp\libc.a(libc_a-mprec.o)
                0x10006708                _Balloc
 .text._Bfree   0x10006754       0x14 C:/Program Files (x86)/Arm GNU Toolchain arm-none-eabi/14.3 rel1/bin/../lib/gcc/arm-none-eabi/14.3.1/../../../../arm-none-eabi/lib/thumb/v7e-m+fp/softfp\libc.a(libc_a-mprec.o)
                0x10006754                _Bfree
 .text.__multadd
                0x10006768       0xa0 C:/Program Files (x86)/Arm GNU Toolchain arm-none-eabi/14.3 rel1/bin/../lib/gcc/arm-none-eabi/14.3.1/../../../../arm-none-eabi/lib/thumb/v7e-m+fp/softfp\libc.a(libc_a-mprec.o)
                0x10006768                __multadd
 .text.__hi0bits
                0x10006808       0x54 C:/Program Files (x86)/Arm GNU Toolchain arm-none-eabi/14.3 rel1/bin/../lib/gcc/arm-none-eabi/14.3.1/../../../../arm-none-eabi/lib/thumb/v7e-m+fp/softfp\libc.a(libc_a-mprec.o)
                0x10006808                __hi0bits
 .text.__lo0bits
                0x1000685c       0x80 C:/Program Files (x86)/Arm GNU Toolchain arm-none-eabi/14.3 rel1/bin/../lib/gcc/arm-none-eabi/14.3.1/../../../../arm-none-eabi/lib/thumb/v7e-m+fp/softfp\libc.a(libc_a-mprec.o)
                0x1000685c                __lo0bits
 .text.__i2b    0x100068dc       0x5c C:/Program Files (x86)/Arm GNU Toolchain arm-none-eabi/14.3 rel1/bin/../lib/gcc/arm-none-eabi/14.3.1/../../../../arm-none-eabi/lib/thumb/v7e-m+fp/softfp\libc.a(libc_a-mprec.o)
                0x100068dc                __i2b
 .text.__multiply
                0x10006938      0x16c C:/Program Files (x86)/Arm GNU Toolchain arm-none-eabi/14.3 rel1/bin/../lib/gcc/arm-none-eabi/14.3.1/../../../../arm-none-eabi/lib/thumb/v7e-m+fp/softfp\libc.a(libc_a-mprec.o)
                0x10006938                __multiply
 .text.__pow5mult
                0x10006aa4       0xc0 C:/Program Files (x86)/Arm GNU Toolchain arm-none-eabi/14.3 rel1/bin/../lib/gcc/arm-none-eabi/14.3.1/../../../../arm-none-eabi/lib/thumb/v7e-m+fp/softfp\libc.a(libc_a-mprec.o)
                0x10006aa4                __pow5mult
 .text.__lshift
                0x10006b64       0xe8 C:/Program Files (x86)/Arm GNU Toolchain arm-none-eabi/14.3 rel1/bin/../lib/gcc/arm-none-eabi/14.3.1/../../../../arm-none-eabi/lib/thumb/v7e-m+fp/softfp\libc.a(libc_a-mprec.o)
                0x10006b64                __lshift
 .text.__mcmp   0x10006c4c       0x44 C:/Program Files (x86)/Arm GNU Toolchain arm-none-eabi/14.3 rel1/bin/../lib/gcc/arm-none-eabi/14.3.1/../../../../arm-none-eabi/lib/thumb/v7e-m+fp/softfp\libc.a(libc_a-mprec.o)
                0x10006c4c                __mcmp
 .text.__mdiff  0x10006c90      0x174 C:/Program Files (x86)/Arm GNU Toolchain arm-none-eabi/14.3 rel1/bin/../lib/gcc/arm-none-eabi/14.3.1/../../../../arm-none-eabi/lib/thumb/v7e-m+fp/softfp\libc.a(libc_a-mprec.o)
                0x10006c90                __mdiff
 .text.__d2b    0x10006e04       0xb8 C:/Program Files (x86)/Arm GNU Toolchain arm-none-eabi/14.3 rel1/bin/../lib/gcc/arm-none-eabi/14.3.1/../../../../arm-none-eabi/lib/thumb/v7e-m+fp/softfp\libc.a(libc_a-mprec.o)
                0x10006e04                __d2b
 .text._realloc_r
                0x10006ebc      0x348 C:/Program Files (x86)/Arm GNU Toolchain arm-none-eabi/14.3 rel1/bin/../lib/gcc/arm-none-eabi/14.3.1/../../../../arm-none-eabi/lib/thumb/v7e-m+fp/softfp\libc.a(libc_a-reallocr.o)
                0x10006ebc                _realloc_r
 .text.__ascii_wctomb
                0x10007204       0x1c C:/Program Files (x86)/Arm GNU Toolchain arm-none-eabi/14.3 rel1/bin/../lib/gcc/arm-none-eabi/14.3.1/../../../../arm-none-eabi/lib/thumb/v7e-m+fp/softfp\libc.a(libc_a-wctomb_r.o)
                0x10007204                __ascii_wctomb
 .text._wcrtomb_r
                0x10007220       0x4c C:/Program Files (x86)/Arm GNU Toolchain arm-none-eabi/14.3 rel1/bin/../lib/gcc/arm-none-eabi/14.3.1/../../../../arm-none-eabi/lib/thumb/v7e-m+fp/softfp\libc.a(libc_a-wcrtomb.o)
                0x10007220                _wcrtomb_r
 .text._wcsrtombs_r
                0x1000726c       0x18 C:/Program Files (x86)/Arm GNU Toolchain arm-none-eabi/14.3 rel1/bin/../lib/gcc/arm-none-eabi/14.3.1/../../../../arm-none-eabi/lib/thumb/v7e-m+fp/softfp\libc.a(libc_a-wcsrtombs.o)
                0x1000726c                _wcsrtombs_r
 .text.__smakebuf_r
                0x10007284       0xd0 C:/Program Files (x86)/Arm GNU Toolchain arm-none-eabi/14.3 rel1/bin/../lib/gcc/arm-none-eabi/14.3.1/../../../../arm-none-eabi/lib/thumb/v7e-m+fp/softfp\libc.a(libc_a-makebuf.o)
                0x10007284                __smakebuf_r
 .text._fstat_r
                0x10007354       0x2c C:/Program Files (x86)/Arm GNU Toolchain arm-none-eabi/14.3 rel1/bin/../lib/gcc/arm-none-eabi/14.3.1/../../../../arm-none-eabi/lib/thumb/v7e-m+fp/softfp\libc.a(libc_a-fstatr.o)
                0x10007354                _fstat_r
 .text._isatty_r
                0x10007380       0x24 C:/Program Files (x86)/Arm GNU Toolchain arm-none-eabi/14.3 rel1/bin/../lib/gcc/arm-none-eabi/14.3.1/../../../../arm-none-eabi/lib/thumb/v7e-m+fp/softfp\libc.a(libc_a-isattyr.o)
                0x10007380                _isatty_r
 .text.__assert_func
                0x100073a4       0x40 C:/Program Files (x86)/Arm GNU Toolchain arm-none-eabi/14.3 rel1/bin/../lib/gcc/arm-none-eabi/14.3.1/../../../../arm-none-eabi/lib/thumb/v7e-m+fp/softfp\libc.a(libc_a-assert.o)
                0x100073a4                __assert_func
 .text._calloc_r
                0x100073e4       0x6c C:/Program Files (x86)/Arm GNU Toolchain arm-none-eabi/14.3 rel1/bin/../lib/gcc/arm-none-eabi/14.3.1/../../../../arm-none-eabi/lib/thumb/v7e-m+fp/softfp\libc.a(libc_a-callocr.o)
                0x100073e4                _calloc_r
 .text._wcsnrtombs_l
                0x10007450       0xf0 C:/Program Files (x86)/Arm GNU Toolchain arm-none-eabi/14.3 rel1/bin/../lib/gcc/arm-none-eabi/14.3.1/../../../../arm-none-eabi/lib/thumb/v7e-m+fp/softfp\libc.a(libc_a-wcsnrtombs.o)
                0x10007450                _wcsnrtombs_l
 .text._wcsnrtombs_r
                0x10007540       0x24 C:/Program Files (x86)/Arm GNU Toolchain arm-none-eabi/14.3 rel1/bin/../lib/gcc/arm-none-eabi/14.3.1/../../../../arm-none-eabi/lib/thumb/v7e-m+fp/softfp\libc.a(libc_a-wcsnrtombs.o)
                0x10007540                _wcsnrtombs_r
 .text.fiprintf
                0x10007564       0x28 C:/Program Files (x86)/Arm GNU Toolchain arm-none-eabi/14.3 rel1/bin/../lib/gcc/arm-none-eabi/14.3.1/../../../../arm-none-eabi/lib/thumb/v7e-m+fp/softfp\libc.a(libc_a-fiprintf.o)
                0x10007564                fiprintf
 .text._vfiprintf_r
                0x1000758c     0x1288 C:/Program Files (x86)/Arm GNU Toolchain arm-none-eabi/14.3 rel1/bin/../lib/gcc/arm-none-eabi/14.3.1/../../../../arm-none-eabi/lib/thumb/v7e-m+fp/softfp\libc.a(libc_a-vfiprintf.o)
                0x1000758c                _vfiprintf_r
 .text.__sbprintf
                0x10008814       0x84 C:/Program Files (x86)/Arm GNU Toolchain arm-none-eabi/14.3 rel1/bin/../lib/gcc/arm-none-eabi/14.3.1/../../../../arm-none-eabi/lib/thumb/v7e-m+fp/softfp\libc.a(libc_a-vfiprintf.o)
 .text.abort    0x10008898       0x10 C:/Program Files (x86)/Arm GNU Toolchain arm-none-eabi/14.3 rel1/bin/../lib/gcc/arm-none-eabi/14.3.1/../../../../arm-none-eabi/lib/thumb/v7e-m+fp/softfp\libc.a(libc_a-abort.o)
                0x10008898                abort
 .text.raise    0x100088a8       0x58 C:/Program Files (x86)/Arm GNU Toolchain arm-none-eabi/14.3 rel1/bin/../lib/gcc/arm-none-eabi/14.3.1/../../../../arm-none-eabi/lib/thumb/v7e-m+fp/softfp\libc.a(libc_a-signal.o)
                0x100088a8                raise
 .text._kill_r  0x10008900       0x2c C:/Program Files (x86)/Arm GNU Toolchain arm-none-eabi/14.3 rel1/bin/../lib/gcc/arm-none-eabi/14.3.1/../../../../arm-none-eabi/lib/thumb/v7e-m+fp/softfp\libc.a(libc_a-signalr.o)
                0x10008900                _kill_r
 .text._getpid_r
                0x1000892c        0x4 C:/Program Files (x86)/Arm GNU Toolchain arm-none-eabi/14.3 rel1/bin/../lib/gcc/arm-none-eabi/14.3.1/../../../../arm-none-eabi/lib/thumb/v7e-m+fp/softfp\libc.a(libc_a-signalr.o)
                0x1000892c                _getpid_r
 .text._exit    0x10008930        0x4 C:/Program Files (x86)/Arm GNU Toolchain arm-none-eabi/14.3 rel1/bin/../lib/gcc/arm-none-eabi/14.3.1/../../../../arm-none-eabi/lib/thumb/v7e-m+fp/softfp\libnosys.a(_exit.o)
                0x10008930                _exit
 .text          0x10008934      0x378 C:/Program Files (x86)/Arm GNU Toolchain arm-none-eabi/14.3 rel1/bin/../lib/gcc/arm-none-eabi/14.3.1/thumb/v7e-m+fp/softfp\libgcc.a(_arm_addsubdf3.o)
                0x10008934                __aeabi_drsub
                0x1000893c                __aeabi_dsub
                0x1000893c                __subdf3
                0x10008940                __aeabi_dadd
                0x10008940                __adddf3
                0x10008bb8                __floatunsidf
                0x10008bb8                __aeabi_ui2d
                0x10008bd8                __floatsidf
                0x10008bd8                __aeabi_i2d
                0x10008bfc                __aeabi_f2d
                0x10008bfc                __extendsfdf2
                0x10008c40                __floatundidf
                0x10008c40                __aeabi_ul2d
                0x10008c50                __floatdidf
                0x10008c50                __aeabi_l2d
 .text          0x10008cac      0x424 C:/Program Files (x86)/Arm GNU Toolchain arm-none-eabi/14.3 rel1/bin/../lib/gcc/arm-none-eabi/14.3.1/thumb/v7e-m+fp/softfp\libgcc.a(_arm_muldivdf3.o)
                0x10008cac                __aeabi_dmul
                0x10008cac                __muldf3
                0x10008f00                __divdf3
                0x10008f00                __aeabi_ddiv
 .text          0x100090d0      0x110 C:/Program Files (x86)/Arm GNU Toolchain arm-none-eabi/14.3 rel1/bin/../lib/gcc/arm-none-eabi/14.3.1/thumb/v7e-m+fp/softfp\libgcc.a(_arm_cmpdf2.o)
                0x100090d0                __gtdf2
                0x100090d0                __gedf2
                0x100090d8                __ltdf2
                0x100090d8                __ledf2
                0x100090e0                __nedf2
                0x100090e0                __eqdf2
                0x100090e0                __cmpdf2
                0x1000915c                __aeabi_cdrcmple
                0x1000916c                __aeabi_cdcmpeq
                0x1000916c                __aeabi_cdcmple
                0x1000917c                __aeabi_dcmpeq
                0x10009190                __aeabi_dcmplt
                0x100091a4                __aeabi_dcmple
                0x100091b8                __aeabi_dcmpge
                0x100091cc                __aeabi_dcmpgt
 .text          0x100091e0       0x2c C:/Program Files (x86)/Arm GNU Toolchain arm-none-eabi/14.3 rel1/bin/../lib/gcc/arm-none-eabi/14.3.1/thumb/v7e-m+fp/softfp\libgcc.a(_arm_unorddf2.o)
                0x100091e0                __unorddf2
                0x100091e0                __aeabi_dcmpun
 .text          0x1000920c       0x50 C:/Program Files (x86)/Arm GNU Toolchain arm-none-eabi/14.3 rel1/bin/../lib/gcc/arm-none-eabi/14.3.1/thumb/v7e-m+fp/softfp\libgcc.a(_arm_fixdfsi.o)
                0x1000920c                __aeabi_d2iz
                0x1000920c                __fixdfsi
 .text          0x1000925c       0x30 C:/Program Files (x86)/Arm GNU Toolchain arm-none-eabi/14.3 rel1/bin/../lib/gcc/arm-none-eabi/14.3.1/thumb/v7e-m+fp/softfp\libgcc.a(_aeabi_uldivmod.o)
                0x1000925c                __aeabi_uldivmod
 .text.__udivmoddi4
                0x1000928c      0x2f8 C:/Program Files (x86)/Arm GNU Toolchain arm-none-eabi/14.3 rel1/bin/../lib/gcc/arm-none-eabi/14.3.1/thumb/v7e-m+fp/softfp\libgcc.a(_udivmoddi4.o)
                0x1000928c                __udivmoddi4
 .text          0x10009584        0x4 C:/Program Files (x86)/Arm GNU Toolchain arm-none-eabi/14.3 rel1/bin/../lib/gcc/arm-none-eabi/14.3.1/thumb/v7e-m+fp/softfp\libgcc.a(_dvmd_tls.o)
                0x10009584                __aeabi_idiv0
                0x10009584                __aeabi_ldiv0
 *(.rodata*)
 .rodata.main.str1.4
                0x10009588      0x43f c:/Users/jadma/cfs/2.0.0/Hello_World/build/main.o
                                0x10e (size before relaxing)
 *fill*         0x100099c7        0x1 
 .rodata.leds   0x100099c8       0x48 c:/Users/jadma/cfs/2.0.0/Hello_World/build/main.o
                0x100099c8                leds
 .rodata        0x10009a10       0x24 c:/Users/jadma/cfs/2.0.0/Hello_World/build/main.o
 .rodata.mxc_assert.str1.4
                0x10009a34       0x19 c:/Users/jadma/cfs/2.0.0/Hello_World/build/board.o
 .rodata.Board_Init.str1.4
                0x10009a34       0x55 c:/Users/jadma/cfs/2.0.0/Hello_World/build/board.o
 .rodata.num_leds
                0x10009a34        0x4 c:/Users/jadma/cfs/2.0.0/Hello_World/build/board.o
                0x10009a34                num_leds
 .rodata.led_pin
                0x10009a38       0x24 c:/Users/jadma/cfs/2.0.0/Hello_World/build/board.o
                0x10009a38                led_pin
 .rodata.num_pbs
                0x10009a5c        0x4 c:/Users/jadma/cfs/2.0.0/Hello_World/build/board.o
                0x10009a5c                num_pbs
 .rodata.pb_pin
                0x10009a60       0x18 c:/Users/jadma/cfs/2.0.0/Hello_World/build/board.o
                0x10009a60                pb_pin
 .rodata.gpio_cfg_uart3
                0x10009a78        0xc C:/analog/cfs/1.1.0/SDK/MAX/Libraries/PeriphDrivers/bin/MAX78000/spi-v1_softfp/libPeriphDriver_spi-v1_softfp.a(pins_ai85.o)
                0x10009a78                gpio_cfg_uart3
 .rodata.gpio_cfg_uart2
                0x10009a84        0xc C:/analog/cfs/1.1.0/SDK/MAX/Libraries/PeriphDrivers/bin/MAX78000/spi-v1_softfp/libPeriphDriver_spi-v1_softfp.a(pins_ai85.o)
                0x10009a84                gpio_cfg_uart2
 .rodata.gpio_cfg_uart1
                0x10009a90        0xc C:/analog/cfs/1.1.0/SDK/MAX/Libraries/PeriphDrivers/bin/MAX78000/spi-v1_softfp/libPeriphDriver_spi-v1_softfp.a(pins_ai85.o)
                0x10009a90                gpio_cfg_uart1
 .rodata.gpio_cfg_uart0
                0x10009a9c        0xc C:/analog/cfs/1.1.0/SDK/MAX/Libraries/PeriphDrivers/bin/MAX78000/spi-v1_softfp/libPeriphDriver_spi-v1_softfp.a(pins_ai85.o)
                0x10009a9c                gpio_cfg_uart0
 .rodata.gpio_cfg_extclk
                0x10009aa8        0xc C:/analog/cfs/1.1.0/SDK/MAX/Libraries/PeriphDrivers/bin/MAX78000/spi-v1_softfp/libPeriphDriver_spi-v1_softfp.a(pins_ai85.o)
                0x10009aa8                gpio_cfg_extclk
 .rodata.MXC_UART_RevB_Init.str1.4
                0x10009ab4       0x7b C:/analog/cfs/1.1.0/SDK/MAX/Libraries/PeriphDrivers/bin/MAX78000/spi-v1_softfp/libPeriphDriver_spi-v1_softfp.a(uart_revb.o)
 .rodata.MXC_UART_RevB_SetClockSource.str1.4
                0x10009ab4       0x27 C:/analog/cfs/1.1.0/SDK/MAX/Libraries/PeriphDrivers/bin/MAX78000/spi-v1_softfp/libPeriphDriver_spi-v1_softfp.a(uart_revb.o)
 .rodata.MXC_GPIO_Common_Handler.str1.4
                0x10009ab4       0x6e C:/analog/cfs/1.1.0/SDK/MAX/Libraries/PeriphDrivers/bin/MAX78000/spi-v1_softfp/libPeriphDriver_spi-v1_softfp.a(gpio_common.o)
 .rodata.CSWTCH.16
                0x10009ab4       0x10 C:/analog/cfs/1.1.0/SDK/MAX/Libraries/PeriphDrivers/bin/MAX78000/spi-v1_softfp/libPeriphDriver_spi-v1_softfp.a(gpio_common.o)
 .rodata._puts_r.str1.4
                0x10009ac4        0x2 C:/Program Files (x86)/Arm GNU Toolchain arm-none-eabi/14.3 rel1/bin/../lib/gcc/arm-none-eabi/14.3.1/../../../../arm-none-eabi/lib/thumb/v7e-m+fp/softfp\libc.a(libc_a-puts.o)
 .rodata._vfprintf_r.str1.4
                0x10009ac4       0x42 C:/Program Files (x86)/Arm GNU Toolchain arm-none-eabi/14.3 rel1/bin/../lib/gcc/arm-none-eabi/14.3.1/../../../../arm-none-eabi/lib/thumb/v7e-m+fp/softfp\libc.a(libc_a-vfprintf.o)
 .rodata.zeroes.0
                0x10009ac4       0x10 C:/Program Files (x86)/Arm GNU Toolchain arm-none-eabi/14.3 rel1/bin/../lib/gcc/arm-none-eabi/14.3.1/../../../../arm-none-eabi/lib/thumb/v7e-m+fp/softfp\libc.a(libc_a-vfprintf.o)
 .rodata.blanks.1
                0x10009ad4       0x10 C:/Program Files (x86)/Arm GNU Toolchain arm-none-eabi/14.3 rel1/bin/../lib/gcc/arm-none-eabi/14.3.1/../../../../arm-none-eabi/lib/thumb/v7e-m+fp/softfp\libc.a(libc_a-vfprintf.o)
 .rodata.str1.4
                0x10009ae4       0x4c C:/Program Files (x86)/Arm GNU Toolchain arm-none-eabi/14.3 rel1/bin/../lib/gcc/arm-none-eabi/14.3.1/../../../../arm-none-eabi/lib/thumb/v7e-m+fp/softfp\libc.a(libc_a-locale.o)
 .rodata._dtoa_r.str1.4
                0x10009ae4       0x83 C:/Program Files (x86)/Arm GNU Toolchain arm-none-eabi/14.3 rel1/bin/../lib/gcc/arm-none-eabi/14.3.1/../../../../arm-none-eabi/lib/thumb/v7e-m+fp/softfp\libc.a(libc_a-dtoa.o)
 .rodata.__multadd.str1.4
                0x10009ae4       0x70 C:/Program Files (x86)/Arm GNU Toolchain arm-none-eabi/14.3 rel1/bin/../lib/gcc/arm-none-eabi/14.3.1/../../../../arm-none-eabi/lib/thumb/v7e-m+fp/softfp\libc.a(libc_a-mprec.o)
 .rodata.p05.0  0x10009ae4        0xc C:/Program Files (x86)/Arm GNU Toolchain arm-none-eabi/14.3 rel1/bin/../lib/gcc/arm-none-eabi/14.3.1/../../../../arm-none-eabi/lib/thumb/v7e-m+fp/softfp\libc.a(libc_a-mprec.o)
 .rodata.__mprec_bigtens
                0x10009af0       0x28 C:/Program Files (x86)/Arm GNU Toolchain arm-none-eabi/14.3 rel1/bin/../lib/gcc/arm-none-eabi/14.3.1/../../../../arm-none-eabi/lib/thumb/v7e-m+fp/softfp\libc.a(libc_a-mprec.o)
                0x10009af0                __mprec_bigtens
 .rodata.__mprec_tens
                0x10009b18       0xc8 C:/Program Files (x86)/Arm GNU Toolchain arm-none-eabi/14.3 rel1/bin/../lib/gcc/arm-none-eabi/14.3.1/../../../../arm-none-eabi/lib/thumb/v7e-m+fp/softfp\libc.a(libc_a-mprec.o)
                0x10009b18                __mprec_tens
 .rodata._ctype_
                0x10009be0      0x101 C:/Program Files (x86)/Arm GNU Toolchain arm-none-eabi/14.3 rel1/bin/../lib/gcc/arm-none-eabi/14.3.1/../../../../arm-none-eabi/lib/thumb/v7e-m+fp/softfp\libc.a(libc_a-ctype_.o)
                0x10009be0                _ctype_
 .rodata.__assert_func.str1.4
                0x10009ce1       0x43 C:/Program Files (x86)/Arm GNU Toolchain arm-none-eabi/14.3 rel1/bin/../lib/gcc/arm-none-eabi/14.3.1/../../../../arm-none-eabi/lib/thumb/v7e-m+fp/softfp\libc.a(libc_a-assert.o)
 .rodata._vfiprintf_r.str1.4
                0x10009ce1       0x2f C:/Program Files (x86)/Arm GNU Toolchain arm-none-eabi/14.3 rel1/bin/../lib/gcc/arm-none-eabi/14.3.1/../../../../arm-none-eabi/lib/thumb/v7e-m+fp/softfp\libc.a(libc_a-vfiprintf.o)
 *fill*         0x10009ce1        0x3 
 .rodata.zeroes.0
                0x10009ce4       0x10 C:/Program Files (x86)/Arm GNU Toolchain arm-none-eabi/14.3 rel1/bin/../lib/gcc/arm-none-eabi/14.3.1/../../../../arm-none-eabi/lib/thumb/v7e-m+fp/softfp\libc.a(libc_a-vfiprintf.o)
 .rodata.blanks.1
                0x10009cf4       0x10 C:/Program Files (x86)/Arm GNU Toolchain arm-none-eabi/14.3 rel1/bin/../lib/gcc/arm-none-eabi/14.3.1/../../../../arm-none-eabi/lib/thumb/v7e-m+fp/softfp\libc.a(libc_a-vfiprintf.o)
 *(.init)
 .init          0x10009d04        0x4 C:/Program Files (x86)/Arm GNU Toolchain arm-none-eabi/14.3 rel1/bin/../lib/gcc/arm-none-eabi/14.3.1/thumb/v7e-m+fp/softfp/crti.o
                0x10009d04                _init
 .init          0x10009d08        0x8 C:/Program Files (x86)/Arm GNU Toolchain arm-none-eabi/14.3 rel1/bin/../lib/gcc/arm-none-eabi/14.3.1/thumb/v7e-m+fp/softfp/crtn.o
 *(.fini)
 .fini          0x10009d10        0x4 C:/Program Files (x86)/Arm GNU Toolchain arm-none-eabi/14.3 rel1/bin/../lib/gcc/arm-none-eabi/14.3.1/thumb/v7e-m+fp/softfp/crti.o
                0x10009d10                _fini
 .fini          0x10009d14        0x8 C:/Program Files (x86)/Arm GNU Toolchain arm-none-eabi/14.3 rel1/bin/../lib/gcc/arm-none-eabi/14.3.1/thumb/v7e-m+fp/softfp/crtn.o
 *crtbegin.o(.ctors)
 *crtbegin?.o(.ctors)
 *(EXCLUDE_FILE(*crtend.o *crtend?.o) .ctors)
 *(SORT_BY_NAME(.ctors.*))
 *(.ctors)
 *crtbegin.o(.dtors)
 *crtbegin?.o(.dtors)
 *(EXCLUDE_FILE(*crtend.o *crtend?.o) .dtors)
 *(SORT_BY_NAME(.dtors.*))
 *(.dtors)
 *(.eh_frame*)
 .eh_frame      0x10009d1c        0x0 C:/Program Files (x86)/Arm GNU Toolchain arm-none-eabi/14.3 rel1/bin/../lib/gcc/arm-none-eabi/14.3.1/thumb/v7e-m+fp/softfp/crtbegin.o
 .eh_frame      0x10009d1c        0x4 C:/Program Files (x86)/Arm GNU Toolchain arm-none-eabi/14.3 rel1/bin/../lib/gcc/arm-none-eabi/14.3.1/thumb/v7e-m+fp/softfp/crtend.o
                0x10009d20                        _etext = .

.glue_7         0x10009d20        0x0
 .glue_7        0x10009d20        0x0 linker stubs

.glue_7t        0x10009d20        0x0
 .glue_7t       0x10009d20        0x0 linker stubs

.vfp11_veneer   0x10009d20        0x0
 .vfp11_veneer  0x10009d20        0x0 linker stubs

.v4_bx          0x10009d20        0x0
 .v4_bx         0x10009d20        0x0 linker stubs

.iplt           0x10009d20        0x0
 .iplt          0x10009d20        0x0 C:/Program Files (x86)/Arm GNU Toolchain arm-none-eabi/14.3 rel1/bin/../lib/gcc/arm-none-eabi/14.3.1/thumb/v7e-m+fp/softfp/crtbegin.o

.ARM.extab
 *(.ARM.extab* .gnu.linkonce.armextab.*)

.bin_storage    0x10009d20        0x0
 FILL mask 0xff
                0x10009d20                        _bin_start_ = .
 *(.bin_storage_img)
                0x10009d20                        _bin_end_ = .
                0x10009d20                        . = ALIGN (0x4)

.rom_code       0x00000000        0x0
                0x00000000                        . = ALIGN (0x10)
                0x20000000                        _sran_code = .
 *(.rom_code_section)
                0x20000000                        _esran_code = .

.flash_code     0x10009d20        0x0
                0x10009d20                        . = ALIGN (0x10)
                0x20000000                        _sran_code = .
 *(.flash_code_section)
                0x20000000                        _esran_code = .

.sram_code      0x20000000        0x0
                0x20000000                        . = ALIGN (0x10)
                0x20000000                        _sran_code = .
 *(.sram_code_section)
                0x20000000                        _esran_code = .

.ARM.exidx      0x10009d20        0x8
                0x10009d20                        __exidx_start = .
 *(.ARM.exidx* .gnu.linkonce.armexidx.*)
 .ARM.exidx     0x10009d20        0x8 C:/Program Files (x86)/Arm GNU Toolchain arm-none-eabi/14.3 rel1/bin/../lib/gcc/arm-none-eabi/14.3.1/../../../../arm-none-eabi/lib/thumb/v7e-m+fp/softfp\libc.a(libc_a-memcpy.o)
 .ARM.exidx     0x10009d28        0x0 C:/Program Files (x86)/Arm GNU Toolchain arm-none-eabi/14.3 rel1/bin/../lib/gcc/arm-none-eabi/14.3.1/../../../../arm-none-eabi/lib/thumb/v7e-m+fp/softfp\libc.a(libc_a-strlen.o)
                                  0x8 (size before relaxing)
 .ARM.exidx     0x10009d28        0x0 C:/Program Files (x86)/Arm GNU Toolchain arm-none-eabi/14.3 rel1/bin/../lib/gcc/arm-none-eabi/14.3.1/../../../../arm-none-eabi/lib/thumb/v7e-m+fp/softfp\libc.a(libc_a-memchr.o)
                                  0x8 (size before relaxing)
 .ARM.exidx.text.__udivmoddi4
                0x10009d28        0x0 C:/Program Files (x86)/Arm GNU Toolchain arm-none-eabi/14.3 rel1/bin/../lib/gcc/arm-none-eabi/14.3.1/thumb/v7e-m+fp/softfp\libgcc.a(_udivmoddi4.o)
                                  0x8 (size before relaxing)
                0x10009d28                        __exidx_end = .

.rel.dyn        0x10009d28        0x0
 .rel.iplt      0x10009d28        0x0 C:/Program Files (x86)/Arm GNU Toolchain arm-none-eabi/14.3 rel1/bin/../lib/gcc/arm-none-eabi/14.3.1/thumb/v7e-m+fp/softfp/crtbegin.o

.data           0x20000000      0x8f4 load address 0x10009d28
                0x20000000                        _data = ALIGN (., 0x4)
 *(vtable)
 *(.data*)
 .data.ConsoleUart
                0x20000000        0x4 c:/Users/jadma/cfs/2.0.0/Hello_World/build/board.o
                0x20000000                ConsoleUart
 *fill*         0x20000004        0x4 
 .data.states   0x20000008       0x60 C:/analog/cfs/1.1.0/SDK/MAX/Libraries/PeriphDrivers/bin/MAX78000/spi-v1_softfp/libPeriphDriver_spi-v1_softfp.a(uart_revb.o)
 .data.overflows
                0x20000068        0x4 C:/analog/cfs/1.1.0/SDK/MAX/Libraries/PeriphDrivers/bin/MAX78000/spi-v1_softfp/libPeriphDriver_spi-v1_softfp.a(mxc_delay.o)
 .data.__malloc_sbrk_base
                0x2000006c        0x4 C:/Program Files (x86)/Arm GNU Toolchain arm-none-eabi/14.3 rel1/bin/../lib/gcc/arm-none-eabi/14.3.1/../../../../arm-none-eabi/lib/thumb/v7e-m+fp/softfp\libc.a(libc_a-mallocr.o)
                0x2000006c                __malloc_sbrk_base
 .data.__malloc_trim_threshold
                0x20000070        0x4 C:/Program Files (x86)/Arm GNU Toolchain arm-none-eabi/14.3 rel1/bin/../lib/gcc/arm-none-eabi/14.3.1/../../../../arm-none-eabi/lib/thumb/v7e-m+fp/softfp\libc.a(libc_a-mallocr.o)
                0x20000070                __malloc_trim_threshold
 *fill*         0x20000074        0x4 
 .data.__malloc_av_
                0x20000078      0x408 C:/Program Files (x86)/Arm GNU Toolchain arm-none-eabi/14.3 rel1/bin/../lib/gcc/arm-none-eabi/14.3.1/../../../../arm-none-eabi/lib/thumb/v7e-m+fp/softfp\libc.a(libc_a-mallocr.o)
                0x20000078                __malloc_av_
 .data.__sglue  0x20000480        0xc C:/Program Files (x86)/Arm GNU Toolchain arm-none-eabi/14.3 rel1/bin/../lib/gcc/arm-none-eabi/14.3.1/../../../../arm-none-eabi/lib/thumb/v7e-m+fp/softfp\libc.a(libc_a-findfp.o)
                0x20000480                __sglue
 .data._impure_ptr
                0x2000048c        0x4 C:/Program Files (x86)/Arm GNU Toolchain arm-none-eabi/14.3 rel1/bin/../lib/gcc/arm-none-eabi/14.3.1/../../../../arm-none-eabi/lib/thumb/v7e-m+fp/softfp\libc.a(libc_a-impure.o)
                0x2000048c                _impure_ptr
 .data._impure_data
                0x20000490      0x200 C:/Program Files (x86)/Arm GNU Toolchain arm-none-eabi/14.3 rel1/bin/../lib/gcc/arm-none-eabi/14.3.1/../../../../arm-none-eabi/lib/thumb/v7e-m+fp/softfp\libc.a(libc_a-impure.o)
                0x20000490                _impure_data
 .data.__atexit_recursive_mutex
                0x20000690        0x4 C:/Program Files (x86)/Arm GNU Toolchain arm-none-eabi/14.3 rel1/bin/../lib/gcc/arm-none-eabi/14.3.1/../../../../arm-none-eabi/lib/thumb/v7e-m+fp/softfp\libc.a(libc_a-__call_atexit.o)
                0x20000690                __atexit_recursive_mutex
 .data.__global_locale
                0x20000694      0x254 C:/Program Files (x86)/Arm GNU Toolchain arm-none-eabi/14.3 rel1/bin/../lib/gcc/arm-none-eabi/14.3.1/../../../../arm-none-eabi/lib/thumb/v7e-m+fp/softfp\libc.a(libc_a-locale.o)
                0x20000694                __global_locale
 *(.flashprog*)
                0x200008e8                        . = ALIGN (0x4)
                0x200008e8                        PROVIDE (__preinit_array_start = .)
 *(.preinit_array)
                0x200008e8                        PROVIDE (__preinit_array_end = .)
                0x200008e8                        . = ALIGN (0x4)
                0x200008e8                        PROVIDE (__init_array_start = .)
 *(SORT_BY_NAME(.init_array.*))
 .init_array.00000
                0x200008e8        0x4 C:/Program Files (x86)/Arm GNU Toolchain arm-none-eabi/14.3 rel1/bin/../lib/gcc/arm-none-eabi/14.3.1/../../../../arm-none-eabi/lib/thumb/v7e-m+fp/softfp\libc.a(libc_a-__call_atexit.o)
 *(.init_array)
 .init_array    0x200008ec        0x4 C:/Program Files (x86)/Arm GNU Toolchain arm-none-eabi/14.3 rel1/bin/../lib/gcc/arm-none-eabi/14.3.1/thumb/v7e-m+fp/softfp/crtbegin.o
                0x200008f0                        PROVIDE (__init_array_end = .)
                0x200008f0                        . = ALIGN (0x4)
                0x200008f0                        PROVIDE (__fini_array_start = .)
 *(SORT_BY_NAME(.fini_array.*))
 *(.fini_array)
 .fini_array    0x200008f0        0x4 C:/Program Files (x86)/Arm GNU Toolchain arm-none-eabi/14.3 rel1/bin/../lib/gcc/arm-none-eabi/14.3.1/thumb/v7e-m+fp/softfp/crtbegin.o
                0x200008f4                        PROVIDE (__fini_array_end = .)
                0x200008f4                        _edata = ALIGN (., 0x4)
                0x10009d28                        __load_data = LOADADDR (.data)

.tm_clone_table
                0x200008f4        0x0 load address 0x1000a61c
 .tm_clone_table
                0x200008f4        0x0 C:/Program Files (x86)/Arm GNU Toolchain arm-none-eabi/14.3 rel1/bin/../lib/gcc/arm-none-eabi/14.3.1/thumb/v7e-m+fp/softfp/crtbegin.o
 .tm_clone_table
                0x200008f4        0x0 C:/Program Files (x86)/Arm GNU Toolchain arm-none-eabi/14.3 rel1/bin/../lib/gcc/arm-none-eabi/14.3.1/thumb/v7e-m+fp/softfp/crtend.o

.igot.plt       0x200008f4        0x0 load address 0x1000a61c
 .igot.plt      0x200008f4        0x0 C:/Program Files (x86)/Arm GNU Toolchain arm-none-eabi/14.3 rel1/bin/../lib/gcc/arm-none-eabi/14.3.1/thumb/v7e-m+fp/softfp/crtbegin.o

.bss            0x200008f4      0x750 load address 0x1000a61c
                0x200008f4                        . = ALIGN (0x4)
                0x200008f4                        _bss = .
 *(.bss*)
 .bss.completed.1
                0x200008f4        0x1 C:/Program Files (x86)/Arm GNU Toolchain arm-none-eabi/14.3 rel1/bin/../lib/gcc/arm-none-eabi/14.3.1/thumb/v7e-m+fp/softfp/crtbegin.o
 *fill*         0x200008f5        0x3 
 .bss.object.0  0x200008f8       0x18 C:/Program Files (x86)/Arm GNU Toolchain arm-none-eabi/14.3 rel1/bin/../lib/gcc/arm-none-eabi/14.3.1/thumb/v7e-m+fp/softfp/crtbegin.o
 .bss.mode      0x20000910        0x4 c:/Users/jadma/cfs/2.0.0/Hello_World/build/main.o
                0x20000910                mode
 .bss.g_pb_polarity
                0x20000914        0x4 c:/Users/jadma/cfs/2.0.0/Hello_World/build/pb.o
 .bss.heap_end  0x20000918        0x4 c:/Users/jadma/cfs/2.0.0/Hello_World/build/heap.o
 .bss.g_is_clock_locked
                0x2000091c        0x4 C:/analog/cfs/1.1.0/SDK/MAX/Libraries/PeriphDrivers/bin/MAX78000/spi-v1_softfp/libPeriphDriver_spi-v1_softfp.a(uart_revb.o)
 .bss.cbFunc    0x20000920        0x4 C:/analog/cfs/1.1.0/SDK/MAX/Libraries/PeriphDrivers/bin/MAX78000/spi-v1_softfp/libPeriphDriver_spi-v1_softfp.a(mxc_delay.o)
 .bss.ctrl_save
                0x20000924        0x4 C:/analog/cfs/1.1.0/SDK/MAX/Libraries/PeriphDrivers/bin/MAX78000/spi-v1_softfp/libPeriphDriver_spi-v1_softfp.a(mxc_delay.o)
 .bss.endtick   0x20000928        0x4 C:/analog/cfs/1.1.0/SDK/MAX/Libraries/PeriphDrivers/bin/MAX78000/spi-v1_softfp/libPeriphDriver_spi-v1_softfp.a(mxc_delay.o)
 .bss.cfg_lock  0x2000092c        0x1 C:/analog/cfs/1.1.0/SDK/MAX/Libraries/PeriphDrivers/bin/MAX78000/spi-v1_softfp/libPeriphDriver_spi-v1_softfp.a(gpio_common.o)
 .bss.initialized
                0x2000092d        0x1 C:/analog/cfs/1.1.0/SDK/MAX/Libraries/PeriphDrivers/bin/MAX78000/spi-v1_softfp/libPeriphDriver_spi-v1_softfp.a(gpio_common.o)
 *fill*         0x2000092e        0x2 
 .bss.cbparam   0x20000930      0x200 C:/analog/cfs/1.1.0/SDK/MAX/Libraries/PeriphDrivers/bin/MAX78000/spi-v1_softfp/libPeriphDriver_spi-v1_softfp.a(gpio_common.o)
 .bss.callback  0x20000b30      0x200 C:/analog/cfs/1.1.0/SDK/MAX/Libraries/PeriphDrivers/bin/MAX78000/spi-v1_softfp/libPeriphDriver_spi-v1_softfp.a(gpio_common.o)
 .bss.__malloc_current_mallinfo
                0x20000d30       0x28 C:/Program Files (x86)/Arm GNU Toolchain arm-none-eabi/14.3 rel1/bin/../lib/gcc/arm-none-eabi/14.3.1/../../../../arm-none-eabi/lib/thumb/v7e-m+fp/softfp\libc.a(libc_a-mallocr.o)
                0x20000d30                __malloc_current_mallinfo
 .bss.__malloc_max_total_mem
                0x20000d58        0x4 C:/Program Files (x86)/Arm GNU Toolchain arm-none-eabi/14.3 rel1/bin/../lib/gcc/arm-none-eabi/14.3.1/../../../../arm-none-eabi/lib/thumb/v7e-m+fp/softfp\libc.a(libc_a-mallocr.o)
                0x20000d58                __malloc_max_total_mem
 .bss.__malloc_max_sbrked_mem
                0x20000d5c        0x4 C:/Program Files (x86)/Arm GNU Toolchain arm-none-eabi/14.3 rel1/bin/../lib/gcc/arm-none-eabi/14.3.1/../../../../arm-none-eabi/lib/thumb/v7e-m+fp/softfp\libc.a(libc_a-mallocr.o)
                0x20000d5c                __malloc_max_sbrked_mem
 .bss.__malloc_top_pad
                0x20000d60        0x4 C:/Program Files (x86)/Arm GNU Toolchain arm-none-eabi/14.3 rel1/bin/../lib/gcc/arm-none-eabi/14.3.1/../../../../arm-none-eabi/lib/thumb/v7e-m+fp/softfp\libc.a(libc_a-mallocr.o)
                0x20000d60                __malloc_top_pad
 .bss.__sf      0x20000d64      0x138 C:/Program Files (x86)/Arm GNU Toolchain arm-none-eabi/14.3 rel1/bin/../lib/gcc/arm-none-eabi/14.3.1/../../../../arm-none-eabi/lib/thumb/v7e-m+fp/softfp\libc.a(libc_a-findfp.o)
                0x20000d64                __sf
 .bss.__stdio_exit_handler
                0x20000e9c        0x4 C:/Program Files (x86)/Arm GNU Toolchain arm-none-eabi/14.3 rel1/bin/../lib/gcc/arm-none-eabi/14.3.1/../../../../arm-none-eabi/lib/thumb/v7e-m+fp/softfp\libc.a(libc_a-findfp.o)
                0x20000e9c                __stdio_exit_handler
 .bss.errno     0x20000ea0        0x4 C:/Program Files (x86)/Arm GNU Toolchain arm-none-eabi/14.3 rel1/bin/../lib/gcc/arm-none-eabi/14.3.1/../../../../arm-none-eabi/lib/thumb/v7e-m+fp/softfp\libc.a(libc_a-reent.o)
                0x20000ea0                errno
 .bss.__lock___malloc_recursive_mutex
                0x20000ea4        0x1 C:/Program Files (x86)/Arm GNU Toolchain arm-none-eabi/14.3 rel1/bin/../lib/gcc/arm-none-eabi/14.3.1/../../../../arm-none-eabi/lib/thumb/v7e-m+fp/softfp\libc.a(libc_a-lock.o)
                0x20000ea4                __lock___malloc_recursive_mutex
 *fill*         0x20000ea5        0x3 
 .bss.__lock___atexit_recursive_mutex
                0x20000ea8        0x1 C:/Program Files (x86)/Arm GNU Toolchain arm-none-eabi/14.3 rel1/bin/../lib/gcc/arm-none-eabi/14.3.1/../../../../arm-none-eabi/lib/thumb/v7e-m+fp/softfp\libc.a(libc_a-lock.o)
                0x20000ea8                __lock___atexit_recursive_mutex
 *fill*         0x20000ea9        0x3 
 .bss.__lock___sfp_recursive_mutex
                0x20000eac        0x1 C:/Program Files (x86)/Arm GNU Toolchain arm-none-eabi/14.3 rel1/bin/../lib/gcc/arm-none-eabi/14.3.1/../../../../arm-none-eabi/lib/thumb/v7e-m+fp/softfp\libc.a(libc_a-lock.o)
                0x20000eac                __lock___sfp_recursive_mutex
 *fill*         0x20000ead        0x3 
 .bss.__atexit  0x20000eb0        0x4 C:/Program Files (x86)/Arm GNU Toolchain arm-none-eabi/14.3 rel1/bin/../lib/gcc/arm-none-eabi/14.3.1/../../../../arm-none-eabi/lib/thumb/v7e-m+fp/softfp\libc.a(libc_a-__call_atexit.o)
                0x20000eb0                __atexit
 .bss.__atexit0
                0x20000eb4      0x190 C:/Program Files (x86)/Arm GNU Toolchain arm-none-eabi/14.3 rel1/bin/../lib/gcc/arm-none-eabi/14.3.1/../../../../arm-none-eabi/lib/thumb/v7e-m+fp/softfp\libc.a(libc_a-__atexit.o)
                0x20000eb4                __atexit0
 *(COMMON)
                0x20001044                        _ebss = ALIGN (., 0x4)

.shared         0x20001044        0x4 load address 0x1000a61c
                0x20001044                        . = ALIGN (0x4)
                0x20001044                        _shared = .
 *(.mailbox*)
                0x20001044                        . = ALIGN (0x4)
 *(.shared*)
 .shared        0x20001044        0x4 c:/Users/jadma/cfs/2.0.0/Hello_World/build/system_max78000.o
                0x20001044                SystemCoreClock
                0x20001048                        _eshared = ALIGN (., 0x4)
                0x1000a61c                        __shared_data = LOADADDR (.shared)
                0x20020000                        __StackTop = (ORIGIN (SRAM) + LENGTH (SRAM))
                0x2001f000                        __StackLimit = (__StackTop - SIZEOF (.stack_dummy))

.stack_dummy    0x20001048     0x1000 load address 0x1000a620
 *(.stack*)
 .stack         0x20001048     0x1000 c:/Users/jadma/cfs/2.0.0/Hello_World/build/startup_max78000.o

.heap           0x20001048      0xc00 load address 0x1000a620
                0x20001048                        . = ALIGN (0x4)
 *(.heap*)
 .heap          0x20001048      0xc00 c:/Users/jadma/cfs/2.0.0/Hello_World/build/startup_max78000.o
                0x20001048                __HeapBase
                0x2001f000                        __HeapLimit = ABSOLUTE (__StackLimit)
                0x20020000                        PROVIDE (__stack = __StackTop)
                0x00000001                        ASSERT ((__StackLimit >= _ebss), region RAM overflowed with stack)

.riscv_flash    0x1000a620      0x1e0
                0x1000a700                        . = ALIGN (0x100)
 *fill*         0x1000a620       0xe0 
                0x1000a800                        . = (. + 0x100)
 *fill*         0x1000a700      0x100 
                0x1000a800                        _riscv_boot = .
 *riscv.o(.text*)
OUTPUT(c:/Users/jadma/cfs/2.0.0/Hello_World/build/Hello_World.elf elf32-littlearm)
LOAD linker stubs

.ARM.attributes
                0x00000000       0x2e
 .ARM.attributes
                0x00000000       0x22 C:/Program Files (x86)/Arm GNU Toolchain arm-none-eabi/14.3 rel1/bin/../lib/gcc/arm-none-eabi/14.3.1/thumb/v7e-m+fp/softfp/crti.o
 .ARM.attributes
                0x00000022       0x32 C:/Program Files (x86)/Arm GNU Toolchain arm-none-eabi/14.3 rel1/bin/../lib/gcc/arm-none-eabi/14.3.1/thumb/v7e-m+fp/softfp/crtbegin.o
 .ARM.attributes
                0x00000054       0x32 c:/Users/jadma/cfs/2.0.0/Hello_World/build/gpio.o
 .ARM.attributes
                0x00000086       0x32 c:/Users/jadma/cfs/2.0.0/Hello_World/build/main.o
 .ARM.attributes
                0x000000b8       0x32 c:/Users/jadma/cfs/2.0.0/Hello_World/build/board.o
 .ARM.attributes
                0x000000ea       0x32 c:/Users/jadma/cfs/2.0.0/Hello_World/build/stdio.o
 .ARM.attributes
                0x0000011c       0x32 c:/Users/jadma/cfs/2.0.0/Hello_World/build/led.o
 .ARM.attributes
                0x0000014e       0x32 c:/Users/jadma/cfs/2.0.0/Hello_World/build/pb.o
 .ARM.attributes
                0x00000180       0x1b c:/Users/jadma/cfs/2.0.0/Hello_World/build/startup_max78000.o
 .ARM.attributes
                0x0000019b       0x32 c:/Users/jadma/cfs/2.0.0/Hello_World/build/heap.o
 .ARM.attributes
                0x000001cd       0x32 c:/Users/jadma/cfs/2.0.0/Hello_World/build/system_max78000.o
 .ARM.attributes
                0x000001ff       0x32 C:/analog/cfs/1.1.0/SDK/MAX/Libraries/PeriphDrivers/bin/MAX78000/spi-v1_softfp/libPeriphDriver_spi-v1_softfp.a(pins_ai85.o)
 .ARM.attributes
                0x00000231       0x32 C:/analog/cfs/1.1.0/SDK/MAX/Libraries/PeriphDrivers/bin/MAX78000/spi-v1_softfp/libPeriphDriver_spi-v1_softfp.a(sys_ai85.o)
 .ARM.attributes
                0x00000263       0x32 C:/analog/cfs/1.1.0/SDK/MAX/Libraries/PeriphDrivers/bin/MAX78000/spi-v1_softfp/libPeriphDriver_spi-v1_softfp.a(gpio_ai85.o)
 .ARM.attributes
                0x00000295       0x32 C:/analog/cfs/1.1.0/SDK/MAX/Libraries/PeriphDrivers/bin/MAX78000/spi-v1_softfp/libPeriphDriver_spi-v1_softfp.a(gpio_reva.o)
 .ARM.attributes
                0x000002c7       0x32 C:/analog/cfs/1.1.0/SDK/MAX/Libraries/PeriphDrivers/bin/MAX78000/spi-v1_softfp/libPeriphDriver_spi-v1_softfp.a(icc_me17.o)
 .ARM.attributes
                0x000002f9       0x32 C:/analog/cfs/1.1.0/SDK/MAX/Libraries/PeriphDrivers/bin/MAX78000/spi-v1_softfp/libPeriphDriver_spi-v1_softfp.a(icc_reva.o)
 .ARM.attributes
                0x0000032b       0x32 C:/analog/cfs/1.1.0/SDK/MAX/Libraries/PeriphDrivers/bin/MAX78000/spi-v1_softfp/libPeriphDriver_spi-v1_softfp.a(uart_ai85.o)
 .ARM.attributes
                0x0000035d       0x32 C:/analog/cfs/1.1.0/SDK/MAX/Libraries/PeriphDrivers/bin/MAX78000/spi-v1_softfp/libPeriphDriver_spi-v1_softfp.a(uart_common.o)
 .ARM.attributes
                0x0000038f       0x32 C:/analog/cfs/1.1.0/SDK/MAX/Libraries/PeriphDrivers/bin/MAX78000/spi-v1_softfp/libPeriphDriver_spi-v1_softfp.a(uart_revb.o)
 .ARM.attributes
                0x000003c1       0x32 C:/analog/cfs/1.1.0/SDK/MAX/Libraries/PeriphDrivers/bin/MAX78000/spi-v1_softfp/libPeriphDriver_spi-v1_softfp.a(mxc_delay.o)
 .ARM.attributes
                0x000003f3       0x32 C:/analog/cfs/1.1.0/SDK/MAX/Libraries/PeriphDrivers/bin/MAX78000/spi-v1_softfp/libPeriphDriver_spi-v1_softfp.a(gpio_common.o)
 .ARM.attributes
                0x00000425       0x32 C:/Program Files (x86)/Arm GNU Toolchain arm-none-eabi/14.3 rel1/bin/../lib/gcc/arm-none-eabi/14.3.1/../../../../arm-none-eabi/lib/thumb/v7e-m+fp/softfp\libc.a(libc_a-malloc.o)
 .ARM.attributes
                0x00000457       0x32 C:/Program Files (x86)/Arm GNU Toolchain arm-none-eabi/14.3 rel1/bin/../lib/gcc/arm-none-eabi/14.3.1/../../../../arm-none-eabi/lib/thumb/v7e-m+fp/softfp\libc.a(libc_a-mallocr.o)
 .ARM.attributes
                0x00000489       0x32 C:/Program Files (x86)/Arm GNU Toolchain arm-none-eabi/14.3 rel1/bin/../lib/gcc/arm-none-eabi/14.3.1/../../../../arm-none-eabi/lib/thumb/v7e-m+fp/softfp\libc.a(libc_a-mlock.o)
 .ARM.attributes
                0x000004bb       0x32 C:/Program Files (x86)/Arm GNU Toolchain arm-none-eabi/14.3 rel1/bin/../lib/gcc/arm-none-eabi/14.3.1/../../../../arm-none-eabi/lib/thumb/v7e-m+fp/softfp\libc.a(libc_a-findfp.o)
 .ARM.attributes
                0x000004ed       0x32 C:/Program Files (x86)/Arm GNU Toolchain arm-none-eabi/14.3 rel1/bin/../lib/gcc/arm-none-eabi/14.3.1/../../../../arm-none-eabi/lib/thumb/v7e-m+fp/softfp\libc.a(libc_a-fwalk.o)
 .ARM.attributes
                0x0000051f       0x32 C:/Program Files (x86)/Arm GNU Toolchain arm-none-eabi/14.3 rel1/bin/../lib/gcc/arm-none-eabi/14.3.1/../../../../arm-none-eabi/lib/thumb/v7e-m+fp/softfp\libc.a(libc_a-printf.o)
 .ARM.attributes
                0x00000551       0x32 C:/Program Files (x86)/Arm GNU Toolchain arm-none-eabi/14.3 rel1/bin/../lib/gcc/arm-none-eabi/14.3.1/../../../../arm-none-eabi/lib/thumb/v7e-m+fp/softfp\libc.a(libc_a-puts.o)
 .ARM.attributes
                0x00000583       0x32 C:/Program Files (x86)/Arm GNU Toolchain arm-none-eabi/14.3 rel1/bin/../lib/gcc/arm-none-eabi/14.3.1/../../../../arm-none-eabi/lib/thumb/v7e-m+fp/softfp\libc.a(libc_a-stdio.o)
 .ARM.attributes
                0x000005b5       0x32 C:/Program Files (x86)/Arm GNU Toolchain arm-none-eabi/14.3 rel1/bin/../lib/gcc/arm-none-eabi/14.3.1/../../../../arm-none-eabi/lib/thumb/v7e-m+fp/softfp\libc.a(libc_a-memset.o)
 .ARM.attributes
                0x000005e7       0x32 C:/Program Files (x86)/Arm GNU Toolchain arm-none-eabi/14.3 rel1/bin/../lib/gcc/arm-none-eabi/14.3.1/../../../../arm-none-eabi/lib/thumb/v7e-m+fp/softfp\libc.a(libc_a-closer.o)
 .ARM.attributes
                0x00000619       0x32 C:/Program Files (x86)/Arm GNU Toolchain arm-none-eabi/14.3 rel1/bin/../lib/gcc/arm-none-eabi/14.3.1/../../../../arm-none-eabi/lib/thumb/v7e-m+fp/softfp\libc.a(libc_a-reent.o)
 .ARM.attributes
                0x0000064b       0x32 C:/Program Files (x86)/Arm GNU Toolchain arm-none-eabi/14.3 rel1/bin/../lib/gcc/arm-none-eabi/14.3.1/../../../../arm-none-eabi/lib/thumb/v7e-m+fp/softfp\libc.a(libc_a-impure.o)
 .ARM.attributes
                0x0000067d       0x32 C:/Program Files (x86)/Arm GNU Toolchain arm-none-eabi/14.3 rel1/bin/../lib/gcc/arm-none-eabi/14.3.1/../../../../arm-none-eabi/lib/thumb/v7e-m+fp/softfp\libc.a(libc_a-lseekr.o)
 .ARM.attributes
                0x000006af       0x32 C:/Program Files (x86)/Arm GNU Toolchain arm-none-eabi/14.3 rel1/bin/../lib/gcc/arm-none-eabi/14.3.1/../../../../arm-none-eabi/lib/thumb/v7e-m+fp/softfp\libc.a(libc_a-readr.o)
 .ARM.attributes
                0x000006e1       0x32 C:/Program Files (x86)/Arm GNU Toolchain arm-none-eabi/14.3 rel1/bin/../lib/gcc/arm-none-eabi/14.3.1/../../../../arm-none-eabi/lib/thumb/v7e-m+fp/softfp\libc.a(libc_a-sbrkr.o)
 .ARM.attributes
                0x00000713       0x32 C:/Program Files (x86)/Arm GNU Toolchain arm-none-eabi/14.3 rel1/bin/../lib/gcc/arm-none-eabi/14.3.1/../../../../arm-none-eabi/lib/thumb/v7e-m+fp/softfp\libc.a(libc_a-writer.o)
 .ARM.attributes
                0x00000745       0x32 C:/Program Files (x86)/Arm GNU Toolchain arm-none-eabi/14.3 rel1/bin/../lib/gcc/arm-none-eabi/14.3.1/../../../../arm-none-eabi/lib/thumb/v7e-m+fp/softfp\libc.a(libc_a-errno.o)
 .ARM.attributes
                0x00000777       0x32 C:/Program Files (x86)/Arm GNU Toolchain arm-none-eabi/14.3 rel1/bin/../lib/gcc/arm-none-eabi/14.3.1/../../../../arm-none-eabi/lib/thumb/v7e-m+fp/softfp\libc.a(libc_a-init.o)
 .ARM.attributes
                0x000007a9       0x32 C:/Program Files (x86)/Arm GNU Toolchain arm-none-eabi/14.3 rel1/bin/../lib/gcc/arm-none-eabi/14.3.1/../../../../arm-none-eabi/lib/thumb/v7e-m+fp/softfp\libc.a(libc_a-lock.o)
 .ARM.attributes
                0x000007db       0x32 C:/Program Files (x86)/Arm GNU Toolchain arm-none-eabi/14.3 rel1/bin/../lib/gcc/arm-none-eabi/14.3.1/../../../../arm-none-eabi/lib/thumb/v7e-m+fp/softfp\libc.a(libc_a-sysconf.o)
 .ARM.attributes
                0x0000080d       0x20 C:/Program Files (x86)/Arm GNU Toolchain arm-none-eabi/14.3 rel1/bin/../lib/gcc/arm-none-eabi/14.3.1/../../../../arm-none-eabi/lib/thumb/v7e-m+fp/softfp\libc.a(libc_a-memcpy.o)
 .ARM.attributes
                0x0000082d       0x1c C:/Program Files (x86)/Arm GNU Toolchain arm-none-eabi/14.3 rel1/bin/../lib/gcc/arm-none-eabi/14.3.1/../../../../arm-none-eabi/lib/thumb/v7e-m+fp/softfp\libc.a(libc_a-strlen.o)
 .ARM.attributes
                0x00000849       0x32 C:/Program Files (x86)/Arm GNU Toolchain arm-none-eabi/14.3 rel1/bin/../lib/gcc/arm-none-eabi/14.3.1/../../../../arm-none-eabi/lib/thumb/v7e-m+fp/softfp\libc.a(libc_a-__call_atexit.o)
 .ARM.attributes
                0x0000087b       0x32 C:/Program Files (x86)/Arm GNU Toolchain arm-none-eabi/14.3 rel1/bin/../lib/gcc/arm-none-eabi/14.3.1/../../../../arm-none-eabi/lib/thumb/v7e-m+fp/softfp\libc.a(libc_a-atexit.o)
 .ARM.attributes
                0x000008ad       0x32 C:/Program Files (x86)/Arm GNU Toolchain arm-none-eabi/14.3 rel1/bin/../lib/gcc/arm-none-eabi/14.3.1/../../../../arm-none-eabi/lib/thumb/v7e-m+fp/softfp\libc.a(libc_a-freer.o)
 .ARM.attributes
                0x000008df       0x32 C:/Program Files (x86)/Arm GNU Toolchain arm-none-eabi/14.3 rel1/bin/../lib/gcc/arm-none-eabi/14.3.1/../../../../arm-none-eabi/lib/thumb/v7e-m+fp/softfp\libc.a(libc_a-vfprintf.o)
 .ARM.attributes
                0x00000911       0x32 C:/Program Files (x86)/Arm GNU Toolchain arm-none-eabi/14.3 rel1/bin/../lib/gcc/arm-none-eabi/14.3.1/../../../../arm-none-eabi/lib/thumb/v7e-m+fp/softfp\libc.a(libc_a-sprint_r.o)
 .ARM.attributes
                0x00000943       0x32 C:/Program Files (x86)/Arm GNU Toolchain arm-none-eabi/14.3 rel1/bin/../lib/gcc/arm-none-eabi/14.3.1/../../../../arm-none-eabi/lib/thumb/v7e-m+fp/softfp\libc.a(libc_a-fclose.o)
 .ARM.attributes
                0x00000975       0x32 C:/Program Files (x86)/Arm GNU Toolchain arm-none-eabi/14.3 rel1/bin/../lib/gcc/arm-none-eabi/14.3.1/../../../../arm-none-eabi/lib/thumb/v7e-m+fp/softfp\libc.a(libc_a-fflush.o)
 .ARM.attributes
                0x000009a7       0x32 C:/Program Files (x86)/Arm GNU Toolchain arm-none-eabi/14.3 rel1/bin/../lib/gcc/arm-none-eabi/14.3.1/../../../../arm-none-eabi/lib/thumb/v7e-m+fp/softfp\libc.a(libc_a-fvwrite.o)
 .ARM.attributes
                0x000009d9       0x32 C:/Program Files (x86)/Arm GNU Toolchain arm-none-eabi/14.3 rel1/bin/../lib/gcc/arm-none-eabi/14.3.1/../../../../arm-none-eabi/lib/thumb/v7e-m+fp/softfp\libc.a(libc_a-wsetup.o)
 .ARM.attributes
                0x00000a0b       0x32 C:/Program Files (x86)/Arm GNU Toolchain arm-none-eabi/14.3 rel1/bin/../lib/gcc/arm-none-eabi/14.3.1/../../../../arm-none-eabi/lib/thumb/v7e-m+fp/softfp\libc.a(libc_a-memmove.o)
 .ARM.attributes
                0x00000a3d       0x32 C:/Program Files (x86)/Arm GNU Toolchain arm-none-eabi/14.3 rel1/bin/../lib/gcc/arm-none-eabi/14.3.1/../../../../arm-none-eabi/lib/thumb/v7e-m+fp/softfp\libc.a(libc_a-strncpy.o)
 .ARM.attributes