Archive member included to satisfy reference by file (symbol)

C:/analog/cfs/1.1.0/SDK/MAX/Libraries/PeriphDrivers/bin/MAX78000/spi-v1_softfp/libPeriphDriver_spi-v1_softfp.a(pins_ai85.o)
                              c:/Users/jadma/cfs/2.0.0/Hello_World/build/camera.o (gpio_cfg_pcif_xclk)
C:/analog/cfs/1.1.0/SDK/MAX/Libraries/PeriphDrivers/bin/MAX78000/spi-v1_softfp/libPeriphDriver_spi-v1_softfp.a(sys_ai85.o)
                              c:/Users/jadma/cfs/2.0.0/Hello_World/build/board.o (MXC_SYS_ClockEnable)
C:/analog/cfs/1.1.0/SDK/MAX/Libraries/PeriphDrivers/bin/MAX78000/spi-v1_softfp/libPeriphDriver_spi-v1_softfp.a(aes_me17.o)
                              C:/analog/cfs/1.1.0/SDK/MAX/Libraries/PeriphDrivers/bin/MAX78000/spi-v1_softfp/libPeriphDriver_spi-v1_softfp.a(sys_ai85.o) (MXC_AES_Init)
C:/analog/cfs/1.1.0/SDK/MAX/Libraries/PeriphDrivers/bin/MAX78000/spi-v1_softfp/libPeriphDriver_spi-v1_softfp.a(aes_revb.o)
                              C:/analog/cfs/1.1.0/SDK/MAX/Libraries/PeriphDrivers/bin/MAX78000/spi-v1_softfp/libPeriphDriver_spi-v1_softfp.a(aes_me17.o) (MXC_AES_RevB_Init)
C:/analog/cfs/1.1.0/SDK/MAX/Libraries/PeriphDrivers/bin/MAX78000/spi-v1_softfp/libPeriphDriver_spi-v1_softfp.a(cameraif_ai85.o)
                              c:/Users/jadma/cfs/2.0.0/Hello_World/build/camera.o (MXC_PCIF_Init)
C:/analog/cfs/1.1.0/SDK/MAX/Libraries/PeriphDrivers/bin/MAX78000/spi-v1_softfp/libPeriphDriver_spi-v1_softfp.a(cameraif_reva.o)
                              C:/analog/cfs/1.1.0/SDK/MAX/Libraries/PeriphDrivers/bin/MAX78000/spi-v1_softfp/libPeriphDriver_spi-v1_softfp.a(cameraif_ai85.o) (MXC_PCIF_RevA_SetDatawidth)
C:/analog/cfs/1.1.0/SDK/MAX/Libraries/PeriphDrivers/bin/MAX78000/spi-v1_softfp/libPeriphDriver_spi-v1_softfp.a(dma_me17.o)
                              c:/Users/jadma/cfs/2.0.0/Hello_World/build/fastspi.o (MXC_DMA_Init)
C:/analog/cfs/1.1.0/SDK/MAX/Libraries/PeriphDrivers/bin/MAX78000/spi-v1_softfp/libPeriphDriver_spi-v1_softfp.a(dma_reva.o)
                              C:/analog/cfs/1.1.0/SDK/MAX/Libraries/PeriphDrivers/bin/MAX78000/spi-v1_softfp/libPeriphDriver_spi-v1_softfp.a(dma_me17.o) (MXC_DMA_RevA_Init)
C:/analog/cfs/1.1.0/SDK/MAX/Libraries/PeriphDrivers/bin/MAX78000/spi-v1_softfp/libPeriphDriver_spi-v1_softfp.a(flc_me17.o)
                              C:/analog/cfs/1.1.0/SDK/MAX/Libraries/PeriphDrivers/bin/MAX78000/spi-v1_softfp/libPeriphDriver_spi-v1_softfp.a(sys_ai85.o) (MXC_FLC_UnlockInfoBlock)
C:/analog/cfs/1.1.0/SDK/MAX/Libraries/PeriphDrivers/bin/MAX78000/spi-v1_softfp/libPeriphDriver_spi-v1_softfp.a(flc_reva.o)
                              C:/analog/cfs/1.1.0/SDK/MAX/Libraries/PeriphDrivers/bin/MAX78000/spi-v1_softfp/libPeriphDriver_spi-v1_softfp.a(flc_me17.o) (MXC_FLC_RevA_Busy)
C:/analog/cfs/1.1.0/SDK/MAX/Libraries/PeriphDrivers/bin/MAX78000/spi-v1_softfp/libPeriphDriver_spi-v1_softfp.a(gpio_ai85.o)
                              c:/Users/jadma/cfs/2.0.0/Hello_World/build/gpio.o (MXC_GPIO_Config)
C:/analog/cfs/1.1.0/SDK/MAX/Libraries/PeriphDrivers/bin/MAX78000/spi-v1_softfp/libPeriphDriver_spi-v1_softfp.a(gpio_reva.o)
                              C:/analog/cfs/1.1.0/SDK/MAX/Libraries/PeriphDrivers/bin/MAX78000/spi-v1_softfp/libPeriphDriver_spi-v1_softfp.a(gpio_ai85.o) (MXC_GPIO_RevA_InGet)
C:/analog/cfs/1.1.0/SDK/MAX/Libraries/PeriphDrivers/bin/MAX78000/spi-v1_softfp/libPeriphDriver_spi-v1_softfp.a(i2c_me17.o)
                              c:/Users/jadma/cfs/2.0.0/Hello_World/build/max20303.o (MXC_I2C_Init)
C:/analog/cfs/1.1.0/SDK/MAX/Libraries/PeriphDrivers/bin/MAX78000/spi-v1_softfp/libPeriphDriver_spi-v1_softfp.a(i2c_reva.o)
                              C:/analog/cfs/1.1.0/SDK/MAX/Libraries/PeriphDrivers/bin/MAX78000/spi-v1_softfp/libPeriphDriver_spi-v1_softfp.a(i2c_me17.o) (MXC_I2C_RevA_DMACallback)
C:/analog/cfs/1.1.0/SDK/MAX/Libraries/PeriphDrivers/bin/MAX78000/spi-v1_softfp/libPeriphDriver_spi-v1_softfp.a(icc_me17.o)
                              c:/Users/jadma/cfs/2.0.0/Hello_World/build/system_max78000.o (MXC_ICC_Enable)
C:/analog/cfs/1.1.0/SDK/MAX/Libraries/PeriphDrivers/bin/MAX78000/spi-v1_softfp/libPeriphDriver_spi-v1_softfp.a(icc_reva.o)
                              C:/analog/cfs/1.1.0/SDK/MAX/Libraries/PeriphDrivers/bin/MAX78000/spi-v1_softfp/libPeriphDriver_spi-v1_softfp.a(icc_me17.o) (MXC_ICC_RevA_ID)
C:/analog/cfs/1.1.0/SDK/MAX/Libraries/PeriphDrivers/bin/MAX78000/spi-v1_softfp/libPeriphDriver_spi-v1_softfp.a(pt_ai85.o)
                              c:/Users/jadma/cfs/2.0.0/Hello_World/build/camera.o (MXC_PT_Init)
C:/analog/cfs/1.1.0/SDK/MAX/Libraries/PeriphDrivers/bin/MAX78000/spi-v1_softfp/libPeriphDriver_spi-v1_softfp.a(pt_reva.o)
                              C:/analog/cfs/1.1.0/SDK/MAX/Libraries/PeriphDrivers/bin/MAX78000/spi-v1_softfp/libPeriphDriver_spi-v1_softfp.a(pt_ai85.o) (MXC_PT_RevA_Init)
C:/analog/cfs/1.1.0/SDK/MAX/Libraries/PeriphDrivers/bin/MAX78000/spi-v1_softfp/libPeriphDriver_spi-v1_softfp.a(spi_me17.o)
[...]
Memory Configuration

Name             Origin             Length             Attributes
ROM              0x00000000         0x00010000         xr
FLASH            0x10000000         0x00080000         xr
SRAM             0x20000000         0x00020000         xrw
*default*        0x00000000         0xffffffff

Linker script and memory map

LOAD C:/Program Files (x86)/Arm GNU Toolchain arm-none-eabi/14.3 rel1/bin/../lib/gcc/arm-none-eabi/14.3.1/thumb/v7e-m+fp/softfp/crti.o
LOAD C:/Program Files (x86)/Arm GNU Toolchain arm-none-eabi/14.3 rel1/bin/../lib/gcc/arm-none-eabi/14.3.1/thumb/v7e-m+fp/softfp/crtbegin.o
LOAD C:/Program Files (x86)/Arm GNU Toolchain arm-none-eabi/14.3 rel1/bin/../lib/gcc/arm-none-eabi/14.3.1/../../../../arm-none-eabi/lib/thumb/v7e-m+fp/softfp/crt0.o
LOAD c:/Users/jadma/cfs/2.0.0/Hello_World/build/gpio.o
LOAD c:/Users/jadma/cfs/2.0.0/Hello_World/build/main.o
LOAD c:/Users/jadma/cfs/2.0.0/Hello_World/build/board.o
LOAD c:/Users/jadma/cfs/2.0.0/Hello_World/build/stdio.o
LOAD c:/Users/jadma/cfs/2.0.0/Hello_World/build/led.o
LOAD c:/Users/jadma/cfs/2.0.0/Hello_World/build/pb.o
LOAD c:/Users/jadma/cfs/2.0.0/Hello_World/build/tft_ili9341.o
LOAD c:/Users/jadma/cfs/2.0.0/Hello_World/build/camera.o
LOAD c:/Users/jadma/cfs/2.0.0/Hello_World/build/ov7692.o
LOAD c:/Users/jadma/cfs/2.0.0/Hello_World/build/sccb.o
LOAD c:/Users/jadma/cfs/2.0.0/Hello_World/build/max20303.o
LOAD c:/Users/jadma/cfs/2.0.0/Hello_World/build/max9867.o
LOAD c:/Users/jadma/cfs/2.0.0/Hello_World/build/N01S830HA.o
LOAD c:/Users/jadma/cfs/2.0.0/Hello_World/build/fastspi.o
LOAD c:/Users/jadma/cfs/2.0.0/Hello_World/build/startup_max78000.o
LOAD c:/Users/jadma/cfs/2.0.0/Hello_World/build/heap.o
LOAD c:/Users/jadma/cfs/2.0.0/Hello_World/build/system_max78000.o
START GROUP
LOAD C:/analog/cfs/1.1.0/SDK/MAX/Libraries/PeriphDrivers/bin/MAX78000/spi-v1_softfp/libPeriphDriver_spi-v1_softfp.a
LOAD C:/Program Files (x86)/Arm GNU Toolchain arm-none-eabi/14.3 rel1/bin/../lib/gcc/arm-none-eabi/14.3.1/../../../../arm-none-eabi/lib/thumb/v7e-m+fp/softfp\libc.a
LOAD C:/Program Files (x86)/Arm GNU Toolchain arm-none-eabi/14.3 rel1/bin/../lib/gcc/arm-none-eabi/14.3.1/../../../../arm-none-eabi/lib/thumb/v7e-m+fp/softfp\libm.a
LOAD C:/Program Files (x86)/Arm GNU Toolchain arm-none-eabi/14.3 rel1/bin/../lib/gcc/arm-none-eabi/14.3.1/../../../../arm-none-eabi/lib/thumb/v7e-m+fp/softfp\libnosys.a
END GROUP
START GROUP
LOAD C:/Program Files (x86)/Arm GNU Toolchain arm-none-eabi/14.3 rel1/bin/../lib/gcc/arm-none-eabi/14.3.1/thumb/v7e-m+fp/softfp\libgcc.a
LOAD C:/Program Files (x86)/Arm GNU Toolchain arm-none-eabi/14.3 rel1/bin/../lib/gcc/arm-none-eabi/14.3.1/../../../../arm-none-eabi/lib/thumb/v7e-m+fp/softfp\libc.a
END GROUP
LOAD C:/Program Files (x86)/Arm GNU Toolchain arm-none-eabi/14.3 rel1/bin/../lib/gcc/arm-none-eabi/14.3.1/thumb/v7e-m+fp/softfp/crtend.o
LOAD C:/Program Files (x86)/Arm GNU Toolchain arm-none-eabi/14.3 rel1/bin/../lib/gcc/arm-none-eabi/14.3.1/thumb/v7e-m+fp/softfp/crtn.o

.rom
 *(.rom_vector)
 *(.rom_handlers*)

.text           0x10000000     0x9e60
                0x10000000                        _text = .
 *(.isr_vector)
 .isr_vector    0x10000000      0x1e0 c:/Users/jadma/cfs/2.0.0/Hello_World/build/startup_max78000.o
                0x10000000                __isr_vector
 EXCLUDE_FILE(*riscv.o) *(.text*)
 .text.deregister_tm_clones
                0x100001e0       0x1c C:/Program Files (x86)/Arm GNU Toolchain arm-none-eabi/14.3 rel1/bin/../lib/gcc/arm-none-eabi/14.3.1/thumb/v7e-m+fp/softfp/crtbegin.o
 .text.register_tm_clones
                0x100001fc       0x24 C:/Program Files (x86)/Arm GNU Toolchain arm-none-eabi/14.3 rel1/bin/../lib/gcc/arm-none-eabi/14.3.1/thumb/v7e-m+fp/softfp/crtbegin.o
 .text.__do_global_dtors_aux
                0x10000220       0x28 C:/Program Files (x86)/Arm GNU Toolchain arm-none-eabi/14.3 rel1/bin/../lib/gcc/arm-none-eabi/14.3.1/thumb/v7e-m+fp/softfp/crtbegin.o
 .text.frame_dummy
                0x10000248       0x24 C:/Program Files (x86)/Arm GNU Toolchain arm-none-eabi/14.3 rel1/bin/../lib/gcc/arm-none-eabi/14.3.1/thumb/v7e-m+fp/softfp/crtbegin.o
 .text.gpio_init_output
                0x1000026c       0x1c c:/Users/jadma/cfs/2.0.0/Hello_World/build/gpio.o
                0x1000026c                gpio_init_output
 .text.gpio_init_input
                0x10000288       0x1c c:/Users/jadma/cfs/2.0.0/Hello_World/build/gpio.o
                0x10000288                gpio_init_input
 .text.gpio_set
                0x100002a4        0x4 c:/Users/jadma/cfs/2.0.0/Hello_World/build/gpio.o
                0x100002a4                gpio_set
 .text.gpio_clear
                0x100002a8        0x4 c:/Users/jadma/cfs/2.0.0/Hello_World/build/gpio.o
                0x100002a8                gpio_clear
 .text.gpio_read
                0x100002ac       0x10 c:/Users/jadma/cfs/2.0.0/Hello_World/build/gpio.o
                0x100002ac                gpio_read
 .text.led_init
                0x100002bc       0x28 c:/Users/jadma/cfs/2.0.0/Hello_World/build/main.o
                0x100002bc                led_init
 .text.heartbeat_pattern
                0x100002e4       0xf8 c:/Users/jadma/cfs/2.0.0/Hello_World/build/main.o
                0x100002e4                heartbeat_pattern
 .text.snake_pattern
                0x100003dc      0x198 c:/Users/jadma/cfs/2.0.0/Hello_World/build/main.o
                0x100003dc                snake_pattern
 .text.startup.main
                0x10000574      0x110 c:/Users/jadma/cfs/2.0.0/Hello_World/build/main.o
                0x10000574                main
 .text.mxc_assert
                0x10000684       0x10 c:/Users/jadma/cfs/2.0.0/Hello_World/build/board.o
                0x10000684                mxc_assert
 .text.GPIO0_IRQHandler
                0x10000694        0x8 c:/Users/jadma/cfs/2.0.0/Hello_World/build/board.o
                0x10000694                GPIO0_IRQHandler
 .text.GPIO1_IRQHandler
                0x1000069c        0x8 c:/Users/jadma/cfs/2.0.0/Hello_World/build/board.o
                0x1000069c                GPIO1_IRQHandler
 .text.GPIO2_IRQHandler
                0x100006a4        0x8 c:/Users/jadma/cfs/2.0.0/Hello_World/build/board.o
                0x100006a4                GPIO2_IRQHandler
 .text.Board_Init
                0x100006ac       0x6c c:/Users/jadma/cfs/2.0.0/Hello_World/build/board.o
                0x100006ac                Board_Init
 .text.NMI_Handler
                0x10000718        0x4 c:/Users/jadma/cfs/2.0.0/Hello_World/build/board.o
                0x10000718                NMI_Handler
 .text._close   0x1000071c        0x8 c:/Users/jadma/cfs/2.0.0/Hello_World/build/stdio.o
                0x1000071c                _close
 .text._isatty  0x10000724        0x8 c:/Users/jadma/cfs/2.0.0/Hello_World/build/stdio.o
                0x10000724                _isatty
 .text._lseek   0x1000072c        0x8 c:/Users/jadma/cfs/2.0.0/Hello_World/build/stdio.o
                0x1000072c                _lseek
 .text._fstat   0x10000734        0x8 c:/Users/jadma/cfs/2.0.0/Hello_World/build/stdio.o
                0x10000734                _fstat
 .text._read    0x1000073c       0x50 c:/Users/jadma/cfs/2.0.0/Hello_World/build/stdio.o
                0x1000073c                _read
 .text._write   0x1000078c       0x54 c:/Users/jadma/cfs/2.0.0/Hello_World/build/stdio.o
                0x1000078c                _write
 .text.LED_Init
                0x100007e0       0x40 c:/Users/jadma/cfs/2.0.0/Hello_World/build/led.o
                0x100007e0                LED_Init
 .text.PB_Init  0x10000820       0x60 c:/Users/jadma/cfs/2.0.0/Hello_World/build/pb.o
                0x10000820                PB_Init
 .text          0x10000880      0x148 c:/Users/jadma/cfs/2.0.0/Hello_World/build/startup_max78000.o
                0x10000880                Reset_Handler
                0x100008be                HardFault_Handler
                0x100008c0                MemManage_Handler
                0x100008c2                BusFault_Handler
                0x100008c4                UsageFault_Handler
                0x100008c6                SVC_Handler
                0x100008c8                DebugMon_Handler
                0x100008ca                PendSV_Handler
                0x100008cc                SysTick_Handler
                0x100008ce                Default_Handler
                0x100008d0                PF_IRQHandler
                0x100008d2                WDT0_IRQHandler
                0x100008d4                RSV02_IRQHandler
                0x100008d6                RTC_IRQHandler
                0x100008d8                TRNG_IRQHandler
                0x100008da                TMR0_IRQHandler
                0x100008dc                TMR1_IRQHandler
                0x100008de                TMR2_IRQHandler
                0x100008e0                TMR3_IRQHandler
                0x100008e2                TMR4_IRQHandler
                0x100008e4                TMR5_IRQHandler
                0x100008e6                RSV11_IRQHandler
                0x100008e8                RSV12_IRQHandler
                0x100008ea                I2C0_IRQHandler
                0x100008ec                UART0_IRQHandler
                0x100008ee                UART1_IRQHandler
                0x100008f0                SPI1_IRQHandler
                0x100008f2                RSV17_IRQHandler
                0x100008f4                RSV18_IRQHandler
                0x100008f6                RSV19_IRQHandler
                0x100008f8                ADC_IRQHandler
                0x100008fa                RSV21_IRQHandler
                0x100008fc                RSV22_IRQHandler
                0x100008fe                FLC0_IRQHandler
                0x10000906                RSV27_IRQHandler
                0x10000908                DMA0_IRQHandler
                0x1000090a                DMA1_IRQHandler
                0x1000090c                DMA2_IRQHandler
                0x1000090e                DMA3_IRQHandler
                0x10000910                RSV32_IRQHandler
                0x10000912                RSV33_IRQHandler
                0x10000914                UART2_IRQHandler
                0x10000916                RSV35_IRQHandler
                0x10000918                I2C1_IRQHandler
                0x1000091a                RSV37_IRQHandler
                0x1000091c                RSV38_IRQHandler
                0x1000091e                RSV39_IRQHandler
                0x10000920                RSV40_IRQHandler
                0x10000922                RSV41_IRQHandler
                0x10000924                RSV42_IRQHandler
                0x10000926                RSV43_IRQHandler
                0x10000928                RSV44_IRQHandler
                0x1000092a                RSV45_IRQHandler
                0x1000092c                RSV46_IRQHandler
                0x1000092e                RSV47_IRQHandler
                0x10000930                RSV48_IRQHandler
                0x10000932                RSV49_IRQHandler
                0x10000934                RSV50_IRQHandler
                0x10000936                RSV51_IRQHandler
                0x10000938                RSV52_IRQHandler
                0x1000093a                WUT_IRQHandler
                0x1000093c                GPIOWAKE_IRQHandler
                0x1000093e                RSV55_IRQHandler
                0x10000940                SPI0_IRQHandler
                0x10000942                WDT1_IRQHandler
                0x10000944                RSV58_IRQHandler
                0x10000946                PT_IRQHandler
                0x10000948                RSV60_IRQHandler
                0x1000094a                RSV61_IRQHandler
                0x1000094c                I2C2_IRQHandler
                0x1000094e                RISCV_IRQHandler
                0x10000950                RSV64_IRQHandler
                0x10000952                RSV65_IRQHandler
                0x10000954                RSV66_IRQHandler
                0x10000956                OWM_IRQHandler
                0x10000958                RSV68_IRQHandler
                0x1000095a                RSV69_IRQHandler
                0x1000095c                RSV70_IRQHandler
                0x1000095e                RSV71_IRQHandler
                0x10000960                RSV72_IRQHandler
                0x10000962                RSV73_IRQHandler
                0x10000964                RSV74_IRQHandler
                0x10000966                RSV75_IRQHandler
                0x10000968                RSV76_IRQHandler
                0x1000096a                RSV77_IRQHandler
                0x1000096c                RSV78_IRQHandler
                0x1000096e                RSV79_IRQHandler
                0x10000970                RSV80_IRQHandler
                0x10000972                RSV81_IRQHandler
                0x10000974                ECC_IRQHandler
                0x10000976                DVS_IRQHandler
                0x10000978                SIMO_IRQHandler
                0x1000097a                RSV85_IRQHandler
                0x1000097c                RSV86_IRQHandler
                0x1000097e                RSV87_IRQHandler
                0x10000980                UART3_IRQHandler
                0x10000982                RSV89_IRQHandler
                0x10000984                RSV90_IRQHandler
                0x10000986                PCIF_IRQHandler
                0x10000988                RSV92_IRQHandler
                0x1000098a                RSV93_IRQHandler
                0x1000098c                RSV94_IRQHandler
                0x1000098e                RSV95_IRQHandler
                0x10000990                RSV96_IRQHandler
                0x10000992                AES_IRQHandler
                0x10000994                RSV98_IRQHandler
                0x10000996                I2S_IRQHandler
                0x10000998                CNN_FIFO_IRQHandler
                0x1000099a                CNN_IRQHandler
                0x1000099c                RSV102_IRQHandler
                0x1000099e                LPCMP_IRQHandler
 .text._sbrk    0x100009c8       0x3c c:/Users/jadma/cfs/2.0.0/Hello_World/build/heap.o
                0x100009c8                _sbrk
 .text._getpid  0x10000a04        0x8 c:/Users/jadma/cfs/2.0.0/Hello_World/build/system_max78000.o
                0x10000a04                _getpid
 .text._kill    0x10000a0c        0x8 c:/Users/jadma/cfs/2.0.0/Hello_World/build/system_max78000.o
                0x10000a0c                _kill
 .text.SystemCoreClockUpdate
                0x10000a14       0x68 c:/Users/jadma/cfs/2.0.0/Hello_World/build/system_max78000.o
                0x10000a14                SystemCoreClockUpdate
 .text.PreInit  0x10000a7c        0x4 c:/Users/jadma/cfs/2.0.0/Hello_World/build/system_max78000.o
                0x10000a7c                PreInit
 .text.PinInit  0x10000a80        0x4 c:/Users/jadma/cfs/2.0.0/Hello_World/build/system_max78000.o
                0x10000a80                PinInit
 .text.PeripheralInit
                0x10000a84        0x4 c:/Users/jadma/cfs/2.0.0/Hello_World/build/system_max78000.o
                0x10000a84                PeripheralInit
 .text.SystemInit
                0x10000a88       0x40 c:/Users/jadma/cfs/2.0.0/Hello_World/build/system_max78000.o
                0x10000a88                SystemInit
 .text.MXC_SYS_ClockDisable
                0x10000ac8       0x40 C:/analog/cfs/1.1.0/SDK/MAX/Libraries/PeriphDrivers/bin/MAX78000/spi-v1_softfp/libPeriphDriver_spi-v1_softfp.a(sys_ai85.o)
                0x10000ac8                MXC_SYS_ClockDisable
 .text.MXC_SYS_ClockEnable
                0x10000b08       0x44 C:/analog/cfs/1.1.0/SDK/MAX/Libraries/PeriphDrivers/bin/MAX78000/spi-v1_softfp/libPeriphDriver_spi-v1_softfp.a(sys_ai85.o)
                0x10000b08                MXC_SYS_ClockEnable
 .text.MXC_SYS_ClockSourceEnable
                0x10000b4c       0xf4 C:/analog/cfs/1.1.0/SDK/MAX/Libraries/PeriphDrivers/bin/MAX78000/spi-v1_softfp/libPeriphDriver_spi-v1_softfp.a(sys_ai85.o)
                0x10000b4c                MXC_SYS_ClockSourceEnable
 .text.MXC_SYS_Reset_Periph
                0x10000c40       0x48 C:/analog/cfs/1.1.0/SDK/MAX/Libraries/PeriphDrivers/bin/MAX78000/spi-v1_softfp/libPeriphDriver_spi-v1_softfp.a(sys_ai85.o)
                0x10000c40                MXC_SYS_Reset_Periph
 .text.MXC_GPIO_Init
                0x10000c88       0x40 C:/analog/cfs/1.1.0/SDK/MAX/Libraries/PeriphDrivers/bin/MAX78000/spi-v1_softfp/libPeriphDriver_spi-v1_softfp.a(gpio_ai85.o)
                0x10000c88                MXC_GPIO_Init
 .text.MXC_GPIO_Config
                0x10000cc8      0x22c C:/analog/cfs/1.1.0/SDK/MAX/Libraries/PeriphDrivers/bin/MAX78000/spi-v1_softfp/libPeriphDriver_spi-v1_softfp.a(gpio_ai85.o)
                0x10000cc8                MXC_GPIO_Config
 .text.MXC_GPIO_InGet
                0x10000ef4       0x30 C:/analog/cfs/1.1.0/SDK/MAX/Libraries/PeriphDrivers/bin/MAX78000/spi-v1_softfp/libPeriphDriver_spi-v1_softfp.a(gpio_ai85.o)
                0x10000ef4                MXC_GPIO_InGet
 .text.MXC_GPIO_OutSet
                0x10000f24       0x30 C:/analog/cfs/1.1.0/SDK/MAX/Libraries/PeriphDrivers/bin/MAX78000/spi-v1_softfp/libPeriphDriver_spi-v1_softfp.a(gpio_ai85.o)
                0x10000f24                MXC_GPIO_OutSet
 .text.MXC_GPIO_OutClr
                0x10000f54       0x34 C:/analog/cfs/1.1.0/SDK/MAX/Libraries/PeriphDrivers/bin/MAX78000/spi-v1_softfp/libPeriphDriver_spi-v1_softfp.a(gpio_ai85.o)
                0x10000f54                MXC_GPIO_OutClr
 .text.MXC_GPIO_Handler
                0x10000f88        0x4 C:/analog/cfs/1.1.0/SDK/MAX/Libraries/PeriphDrivers/bin/MAX78000/spi-v1_softfp/libPeriphDriver_spi-v1_softfp.a(gpio_ai85.o)
                0x10000f88                MXC_GPIO_Handler
 .text.MXC_GPIO_ClearFlags
                0x10000f8c       0x18 C:/analog/cfs/1.1.0/SDK/MAX/Libraries/PeriphDrivers/bin/MAX78000/spi-v1_softfp/libPeriphDriver_spi-v1_softfp.a(gpio_ai85.o)
                0x10000f8c                MXC_GPIO_ClearFlags
 .text.MXC_GPIO_GetFlags
                0x10000fa4       0x18 C:/analog/cfs/1.1.0/SDK/MAX/Libraries/PeriphDrivers/bin/MAX78000/spi-v1_softfp/libPeriphDriver_spi-v1_softfp.a(gpio_ai85.o)
                0x10000fa4                MXC_GPIO_GetFlags
 .text.MXC_GPIO_GetConfigLock
                0x10000fbc        0x4 C:/analog/cfs/1.1.0/SDK/MAX/Libraries/PeriphDrivers/bin/MAX78000/spi-v1_softfp/libPeriphDriver_spi-v1_softfp.a(gpio_ai85.o)
                0x10000fbc                MXC_GPIO_GetConfigLock
 .text.MXC_GPIO_RevA_InGet
                0x10000fc0        0x8 C:/analog/cfs/1.1.0/SDK/MAX/Libraries/PeriphDrivers/bin/MAX78000/spi-v1_softfp/libPeriphDriver_spi-v1_softfp.a(gpio_reva.o)
                0x10000fc0                MXC_GPIO_RevA_InGet
 .text.MXC_GPIO_RevA_OutSet
                0x10000fc8        0x4 C:/analog/cfs/1.1.0/SDK/MAX/Libraries/PeriphDrivers/bin/MAX78000/spi-v1_softfp/libPeriphDriver_spi-v1_softfp.a(gpio_reva.o)
                0x10000fc8                MXC_GPIO_RevA_OutSet
 .text.MXC_GPIO_RevA_OutClr
                0x10000fcc        0x4 C:/analog/cfs/1.1.0/SDK/MAX/Libraries/PeriphDrivers/bin/MAX78000/spi-v1_softfp/libPeriphDriver_spi-v1_softfp.a(gpio_reva.o)
                0x10000fcc                MXC_GPIO_RevA_OutClr
 .text.MXC_GPIO_RevA_ClearFlags
                0x10000fd0        0x4 C:/analog/cfs/1.1.0/SDK/MAX/Libraries/PeriphDrivers/bin/MAX78000/spi-v1_softfp/libPeriphDriver_spi-v1_softfp.a(gpio_reva.o)
                0x10000fd0                MXC_GPIO_RevA_ClearFlags
 .text.MXC_GPIO_RevA_GetFlags
                0x10000fd4        0x4 C:/analog/cfs/1.1.0/SDK/MAX/Libraries/PeriphDrivers/bin/MAX78000/spi-v1_softfp/libPeriphDriver_spi-v1_softfp.a(gpio_reva.o)
                0x10000fd4                MXC_GPIO_RevA_GetFlags
 .text.MXC_GPIO_RevA_SetVSSEL
                0x10000fd8       0x38 C:/analog/cfs/1.1.0/SDK/MAX/Libraries/PeriphDrivers/bin/MAX78000/spi-v1_softfp/libPeriphDriver_spi-v1_softfp.a(gpio_reva.o)
                0x10000fd8                MXC_GPIO_RevA_SetVSSEL
 .text.MXC_GPIO_RevA_SetAF
                0x10001010       0x84 C:/analog/cfs/1.1.0/SDK/MAX/Libraries/PeriphDrivers/bin/MAX78000/spi-v1_softfp/libPeriphDriver_spi-v1_softfp.a(gpio_reva.o)
                0x10001010                MXC_GPIO_RevA_SetAF
 .text.MXC_GPIO_RevA_SetDriveStrength
                0x10001094       0x84 C:/analog/cfs/1.1.0/SDK/MAX/Libraries/PeriphDrivers/bin/MAX78000/spi-v1_softfp/libPeriphDriver_spi-v1_softfp.a(gpio_reva.o)
                0x10001094                MXC_GPIO_RevA_SetDriveStrength
 .text.MXC_ICC_Enable
                0x10001118        0x4 C:/analog/cfs/1.1.0/SDK/MAX/Libraries/PeriphDrivers/bin/MAX78000/spi-v1_softfp/libPeriphDriver_spi-v1_softfp.a(icc_me17.o)
                0x10001118                MXC_ICC_Enable
 .text.MXC_ICC_RevA_Enable
                0x1000111c       0x30 C:/analog/cfs/1.1.0/SDK/MAX/Libraries/PeriphDrivers/bin/MAX78000/spi-v1_softfp/libPeriphDriver_spi-v1_softfp.a(icc_reva.o)
                0x1000111c                MXC_ICC_RevA_Enable
 .text.MXC_UART_Shutdown
                0x1000114c       0x6c C:/analog/cfs/1.1.0/SDK/MAX/Libraries/PeriphDrivers/bin/MAX78000/spi-v1_softfp/libPeriphDriver_spi-v1_softfp.a(uart_ai85.o)
                0x1000114c                MXC_UART_Shutdown
 .text.MXC_UART_SetFrequency
                0x100011b8       0x9c C:/analog/cfs/1.1.0/SDK/MAX/Libraries/PeriphDrivers/bin/MAX78000/spi-v1_softfp/libPeriphDriver_spi-v1_softfp.a(uart_ai85.o)
                0x100011b8                MXC_UART_SetFrequency
 .text.MXC_UART_SetDataSize
                0x10001254        0x4 C:/analog/cfs/1.1.0/SDK/MAX/Libraries/PeriphDrivers/bin/MAX78000/spi-v1_softfp/libPeriphDriver_spi-v1_softfp.a(uart_ai85.o)
                0x10001254                MXC_UART_SetDataSize
 .text.MXC_UART_SetStopBits
                0x10001258        0x4 C:/analog/cfs/1.1.0/SDK/MAX/Libraries/PeriphDrivers/bin/MAX78000/spi-v1_softfp/libPeriphDriver_spi-v1_softfp.a(uart_ai85.o)
                0x10001258                MXC_UART_SetStopBits
 .text.MXC_UART_SetParity
                0x1000125c        0x4 C:/analog/cfs/1.1.0/SDK/MAX/Libraries/PeriphDrivers/bin/MAX78000/spi-v1_softfp/libPeriphDriver_spi-v1_softfp.a(uart_ai85.o)
                0x1000125c                MXC_UART_SetParity
 .text.MXC_UART_SetClockSource
                0x10001260       0x70 C:/analog/cfs/1.1.0/SDK/MAX/Libraries/PeriphDrivers/bin/MAX78000/spi-v1_softfp/libPeriphDriver_spi-v1_softfp.a(uart_ai85.o)
                0x10001260                MXC_UART_SetClockSource
 .text.MXC_UART_GetClockSource
                0x100012d0       0x4c C:/analog/cfs/1.1.0/SDK/MAX/Libraries/PeriphDrivers/bin/MAX78000/spi-v1_softfp/libPeriphDriver_spi-v1_softfp.a(uart_ai85.o)
                0x100012d0                MXC_UART_GetClockSource
 .text.MXC_UART_Init
                0x1000131c       0xa4 C:/analog/cfs/1.1.0/SDK/MAX/Libraries/PeriphDrivers/bin/MAX78000/spi-v1_softfp/libPeriphDriver_spi-v1_softfp.a(uart_ai85.o)
                0x1000131c                MXC_UART_Init
 .text.MXC_UART_ReadCharacterRaw
                0x100013c0        0x4 C:/analog/cfs/1.1.0/SDK/MAX/Libraries/PeriphDrivers/bin/MAX78000/spi-v1_softfp/libPeriphDriver_spi-v1_softfp.a(uart_ai85.o)
                0x100013c0                MXC_UART_ReadCharacterRaw
 .text.MXC_UART_WriteCharacterRaw
                0x100013c4        0x4 C:/analog/cfs/1.1.0/SDK/MAX/Libraries/PeriphDrivers/bin/MAX78000/spi-v1_softfp/libPeriphDriver_spi-v1_softfp.a(uart_ai85.o)
                0x100013c4                MXC_UART_WriteCharacterRaw
 .text.MXC_UART_ReadCharacter
                0x100013c8        0x4 C:/analog/cfs/1.1.0/SDK/MAX/Libraries/PeriphDrivers/bin/MAX78000/spi-v1_softfp/libPeriphDriver_spi-v1_softfp.a(uart_ai85.o)
                0x100013c8                MXC_UART_ReadCharacter
 .text.MXC_UART_WriteCharacter
                0x100013cc        0x4 C:/analog/cfs/1.1.0/SDK/MAX/Libraries/PeriphDrivers/bin/MAX78000/spi-v1_softfp/libPeriphDriver_spi-v1_softfp.a(uart_ai85.o)
                0x100013cc                MXC_UART_WriteCharacter
 .text.MXC_UART_GetRXFIFOAvailable
                0x100013d0        0x4 C:/analog/cfs/1.1.0/SDK/MAX/Libraries/PeriphDrivers/bin/MAX78000/spi-v1_softfp/libPeriphDriver_spi-v1_softfp.a(uart_ai85.o)
                0x100013d0                MXC_UART_GetRXFIFOAvailable
 .text.MXC_UART_GetTXFIFOAvailable
                0x100013d4        0x4 C:/analog/cfs/1.1.0/SDK/MAX/Libraries/PeriphDrivers/bin/MAX78000/spi-v1_softfp/libPeriphDriver_spi-v1_softfp.a(uart_ai85.o)
                0x100013d4                MXC_UART_GetTXFIFOAvailable
 .text.MXC_UART_SetRXThreshold
                0x100013d8        0x4 C:/analog/cfs/1.1.0/SDK/MAX/Libraries/PeriphDrivers/bin/MAX78000/spi-v1_softfp/libPeriphDriver_spi-v1_softfp.a(uart_ai85.o)
                0x100013d8                MXC_UART_SetRXThreshold
 .text.MXC_UART_Common_ReadCharacter
                0x100013dc       0x18 C:/analog/cfs/1.1.0/SDK/MAX/Libraries/PeriphDrivers/bin/MAX78000/spi-v1_softfp/libPeriphDriver_spi-v1_softfp.a(uart_common.o)
                0x100013dc                MXC_UART_Common_ReadCharacter
 .text.MXC_UART_Common_WriteCharacter
                0x100013f4       0x1c C:/analog/cfs/1.1.0/SDK/MAX/Libraries/PeriphDrivers/bin/MAX78000/spi-v1_softfp/libPeriphDriver_spi-v1_softfp.a(uart_common.o)
                0x100013f4                MXC_UART_Common_WriteCharacter
 .text.MXC_UART_RevB_Init
                0x10001410       0xe4 C:/analog/cfs/1.1.0/SDK/MAX/Libraries/PeriphDrivers/bin/MAX78000/spi-v1_softfp/libPeriphDriver_spi-v1_softfp.a(uart_revb.o)
                0x10001410                MXC_UART_RevB_Init
 .text.MXC_UART_RevB_SetFrequency
                0x100014f4       0x1c C:/analog/cfs/1.1.0/SDK/MAX/Libraries/PeriphDrivers/bin/MAX78000/spi-v1_softfp/libPeriphDriver_spi-v1_softfp.a(uart_revb.o)
                0x100014f4                MXC_UART_RevB_SetFrequency
 .text.MXC_UART_RevB_SetDataSize
                0x10001510       0x20 C:/analog/cfs/1.1.0/SDK/MAX/Libraries/PeriphDrivers/bin/MAX78000/spi-v1_softfp/libPeriphDriver_spi-v1_softfp.a(uart_revb.o)
                0x10001510                MXC_UART_RevB_SetDataSize
 .text.MXC_UART_RevB_SetStopBits
                0x10001530       0x24 C:/analog/cfs/1.1.0/SDK/MAX/Libraries/PeriphDrivers/bin/MAX78000/spi-v1_softfp/libPeriphDriver_spi-v1_softfp.a(uart_revb.o)
                0x10001530                MXC_UART_RevB_SetStopBits
 .text.MXC_UART_RevB_SetParity
                0x10001554       0x90 C:/analog/cfs/1.1.0/SDK/MAX/Libraries/PeriphDrivers/bin/MAX78000/spi-v1_softfp/libPeriphDriver_spi-v1_softfp.a(uart_revb.o)
                0x10001554                MXC_UART_RevB_SetParity
 .text.MXC_UART_RevB_SetClockSource
                0x100015e4       0xa0 C:/analog/cfs/1.1.0/SDK/MAX/Libraries/PeriphDrivers/bin/MAX78000/spi-v1_softfp/libPeriphDriver_spi-v1_softfp.a(uart_revb.o)
                0x100015e4                MXC_UART_RevB_SetClockSource
 .text.MXC_UART_RevB_GetClockSource
                0x10001684        0x8 C:/analog/cfs/1.1.0/SDK/MAX/Libraries/PeriphDrivers/bin/MAX78000/spi-v1_softfp/libPeriphDriver_spi-v1_softfp.a(uart_revb.o)
                0x10001684                MXC_UART_RevB_GetClockSource
 .text.MXC_UART_RevB_ReadCharacterRaw
                0x1000168c       0x10 C:/analog/cfs/1.1.0/SDK/MAX/Libraries/PeriphDrivers/bin/MAX78000/spi-v1_softfp/libPeriphDriver_spi-v1_softfp.a(uart_revb.o)
                0x1000168c                MXC_UART_RevB_ReadCharacterRaw
 .text.MXC_UART_RevB_WriteCharacterRaw
                0x1000169c       0x14 C:/analog/cfs/1.1.0/SDK/MAX/Libraries/PeriphDrivers/bin/MAX78000/spi-v1_softfp/libPeriphDriver_spi-v1_softfp.a(uart_revb.o)
                0x1000169c                MXC_UART_RevB_WriteCharacterRaw
 .text.MXC_UART_RevB_GetRXFIFOAvailable
                0x100016b0        0x8 C:/analog/cfs/1.1.0/SDK/MAX/Libraries/PeriphDrivers/bin/MAX78000/spi-v1_softfp/libPeriphDriver_spi-v1_softfp.a(uart_revb.o)
                0x100016b0                MXC_UART_RevB_GetRXFIFOAvailable
 .text.MXC_UART_RevB_GetTXFIFOAvailable
                0x100016b8        0xc C:/analog/cfs/1.1.0/SDK/MAX/Libraries/PeriphDrivers/bin/MAX78000/spi-v1_softfp/libPeriphDriver_spi-v1_softfp.a(uart_revb.o)
                0x100016b8                MXC_UART_RevB_GetTXFIFOAvailable
 .text.MXC_UART_RevB_SetRXThreshold
                0x100016c4       0x1c C:/analog/cfs/1.1.0/SDK/MAX/Libraries/PeriphDrivers/bin/MAX78000/spi-v1_softfp/libPeriphDriver_spi-v1_softfp.a(uart_revb.o)
                0x100016c4                MXC_UART_RevB_SetRXThreshold
 .text.MXC_DelayInit
                0x100016e0       0x7c C:/analog/cfs/1.1.0/SDK/MAX/Libraries/PeriphDrivers/bin/MAX78000/spi-v1_softfp/libPeriphDriver_spi-v1_softfp.a(mxc_delay.o)
 .text.MXC_DelayAsync
                0x1000175c       0x3c C:/analog/cfs/1.1.0/SDK/MAX/Libraries/PeriphDrivers/bin/MAX78000/spi-v1_softfp/libPeriphDriver_spi-v1_softfp.a(mxc_delay.o)
                0x1000175c                MXC_DelayAsync
 .text.MXC_DelayCheck
                0x10001798       0x70 C:/analog/cfs/1.1.0/SDK/MAX/Libraries/PeriphDrivers/bin/MAX78000/spi-v1_softfp/libPeriphDriver_spi-v1_softfp.a(mxc_delay.o)
                0x10001798                MXC_DelayCheck
 .text.MXC_DelayAbort
                0x10001808       0x34 C:/analog/cfs/1.1.0/SDK/MAX/Libraries/PeriphDrivers/bin/MAX78000/spi-v1_softfp/libPeriphDriver_spi-v1_softfp.a(mxc_delay.o)
                0x10001808                MXC_DelayAbort
 .text.MXC_Delay
                0x1000183c       0x74 C:/analog/cfs/1.1.0/SDK/MAX/Libraries/PeriphDrivers/bin/MAX78000/spi-v1_softfp/libPeriphDriver_spi-v1_softfp.a(mxc_delay.o)
                0x1000183c                MXC_Delay
 .text.MXC_GPIO_Common_Init
                0x100018b0       0x24 C:/analog/cfs/1.1.0/SDK/MAX/Libraries/PeriphDrivers/bin/MAX78000/spi-v1_softfp/libPeriphDriver_spi-v1_softfp.a(gpio_common.o)
                0x100018b0                MXC_GPIO_Common_Init
 .text.MXC_GPIO_Common_Handler
                0x100018d4       0x70 C:/analog/cfs/1.1.0/SDK/MAX/Libraries/PeriphDrivers/bin/MAX78000/spi-v1_softfp/libPeriphDriver_spi-v1_softfp.a(gpio_common.o)
                0x100018d4                MXC_GPIO_Common_Handler
 .text.MXC_GPIO_Common_GetConfigLock
                0x10001944        0xc C:/analog/cfs/1.1.0/SDK/MAX/Libraries/PeriphDrivers/bin/MAX78000/spi-v1_softfp/libPeriphDriver_spi-v1_softfp.a(gpio_common.o)
                0x10001944                MXC_GPIO_Common_GetConfigLock
 .text.malloc   0x10001950       0x10 C:/Program Files (x86)/Arm GNU Toolchain arm-none-eabi/14.3 rel1/bin/../lib/gcc/arm-none-eabi/14.3.1/../../../../arm-none-eabi/lib/thumb/v7e-m+fp/softfp\libc.a(libc_a-malloc.o)
                0x10001950                malloc
 .text._malloc_r
                0x10001960      0x598 C:/Program Files (x86)/Arm GNU Toolchain arm-none-eabi/14.3 rel1/bin/../lib/gcc/arm-none-eabi/14.3.1/../../../../arm-none-eabi/lib/thumb/v7e-m+fp/softfp\libc.a(libc_a-mallocr.o)
                0x10001960                _malloc_r
 .text.__malloc_lock
                0x10001ef8        0xc C:/Program Files (x86)/Arm GNU Toolchain arm-none-eabi/14.3 rel1/bin/../lib/gcc/arm-none-eabi/14.3.1/../../../../arm-none-eabi/lib/thumb/v7e-m+fp/softfp\libc.a(libc_a-mlock.o)
                0x10001ef8                __malloc_lock
 .text.__malloc_unlock
                0x10001f04        0xc C:/Program Files (x86)/Arm GNU Toolchain arm-none-eabi/14.3 rel1/bin/../lib/gcc/arm-none-eabi/14.3.1/../../../../arm-none-eabi/lib/thumb/v7e-m+fp/softfp\libc.a(libc_a-mlock.o)
                0x10001f04                __malloc_unlock
 .text.stdio_exit_handler
                0x10001f10       0x18 C:/Program Files (x86)/Arm GNU Toolchain arm-none-eabi/14.3 rel1/bin/../lib/gcc/arm-none-eabi/14.3.1/../../../../arm-none-eabi/lib/thumb/v7e-m+fp/softfp\libc.a(libc_a-findfp.o)
 .text.cleanup_stdio
                0x10001f28       0x40 C:/Program Files (x86)/Arm GNU Toolchain arm-none-eabi/14.3 rel1/bin/../lib/gcc/arm-none-eabi/14.3.1/../../../../arm-none-eabi/lib/thumb/v7e-m+fp/softfp\libc.a(libc_a-findfp.o)
 .text.global_stdio_init.part.0
                0x10001f68       0xf0 C:/Program Files (x86)/Arm GNU Toolchain arm-none-eabi/14.3 rel1/bin/../lib/gcc/arm-none-eabi/14.3.1/../../../../arm-none-eabi/lib/thumb/v7e-m+fp/softfp\libc.a(libc_a-findfp.o)
 .text.__sinit  0x10002058       0x3c C:/Program Files (x86)/Arm GNU Toolchain arm-none-eabi/14.3 rel1/bin/../lib/gcc/arm-none-eabi/14.3.1/../../../../arm-none-eabi/lib/thumb/v7e-m+fp/softfp\libc.a(libc_a-findfp.o)
                0x10002058                __sinit
 .text.__sfp_lock_acquire
                0x10002094        0xc C:/Program Files (x86)/Arm GNU Toolchain arm-none-eabi/14.3 rel1/bin/../lib/gcc/arm-none-eabi/14.3.1/../../../../arm-none-eabi/lib/thumb/v7e-m+fp/softfp\libc.a(libc_a-findfp.o)
                0x10002094                __sfp_lock_acquire
 .text.__sfp_lock_release
                0x100020a0        0xc C:/Program Files (x86)/Arm GNU Toolchain arm-none-eabi/14.3 rel1/bin/../lib/gcc/arm-none-eabi/14.3.1/../../../../arm-none-eabi/lib/thumb/v7e-m+fp/softfp\libc.a(libc_a-findfp.o)
                0x100020a0                __sfp_lock_release
 .text._fwalk_sglue
                0x100020ac       0x44 C:/Program Files (x86)/Arm GNU Toolchain arm-none-eabi/14.3 rel1/bin/../lib/gcc/arm-none-eabi/14.3.1/../../../../arm-none-eabi/lib/thumb/v7e-m+fp/softfp\libc.a(libc_a-fwalk.o)
                0x100020ac                _fwalk_sglue
 .text.printf   0x100020f0       0x28 C:/Program Files (x86)/Arm GNU Toolchain arm-none-eabi/14.3 rel1/bin/../lib/gcc/arm-none-eabi/14.3.1/../../../../arm-none-eabi/lib/thumb/v7e-m+fp/softfp\libc.a(libc_a-printf.o)
                0x100020f0                printf
 .text._puts_r  0x10002118       0xbc C:/Program Files (x86)/Arm GNU Toolchain arm-none-eabi/14.3 rel1/bin/../lib/gcc/arm-none-eabi/14.3.1/../../../../arm-none-eabi/lib/thumb/v7e-m+fp/softfp\libc.a(libc_a-puts.o)
                0x10002118                _puts_r
 .text.puts     0x100021d4       0x10 C:/Program Files (x86)/Arm GNU Toolchain arm-none-eabi/14.3 rel1/bin/../lib/gcc/arm-none-eabi/14.3.1/../../../../arm-none-eabi/lib/thumb/v7e-m+fp/softfp\libc.a(libc_a-puts.o)
                0x100021d4                puts
 .text.__sread  0x100021e4       0x24 C:/Program Files (x86)/Arm GNU Toolchain arm-none-eabi/14.3 rel1/bin/../lib/gcc/arm-none-eabi/14.3.1/../../../../arm-none-eabi/lib/thumb/v7e-m+fp/softfp\libc.a(libc_a-stdio.o)
                0x100021e4                __sread
 .text.__swrite
                0x10002208       0x40 C:/Program Files (x86)/Arm GNU Toolchain arm-none-eabi/14.3 rel1/bin/../lib/gcc/arm-none-eabi/14.3.1/../../../../arm-none-eabi/lib/thumb/v7e-m+fp/softfp\libc.a(libc_a-stdio.o)
                0x10002208                __swrite
 .text.__sseek  0x10002248       0x24 C:/Program Files (x86)/Arm GNU Toolchain arm-none-eabi/14.3 rel1/bin/../lib/gcc/arm-none-eabi/14.3.1/../../../../arm-none-eabi/lib/thumb/v7e-m+fp/softfp\libc.a(libc_a-stdio.o)
                0x10002248                __sseek
 .text.__sclose
                0x1000226c        0x8 C:/Program Files (x86)/Arm GNU Toolchain arm-none-eabi/14.3 rel1/bin/../lib/gcc/arm-none-eabi/14.3.1/../../../../arm-none-eabi/lib/thumb/v7e-m+fp/softfp\libc.a(libc_a-stdio.o)
                0x1000226c                __sclose
 .text.memset   0x10002274       0x9c C:/Program Files (x86)/Arm GNU Toolchain arm-none-eabi/14.3 rel1/bin/../lib/gcc/arm-none-eabi/14.3.1/../../../../arm-none-eabi/lib/thumb/v7e-m+fp/softfp\libc.a(libc_a-memset.o)
                0x10002274                memset
 .text._close_r
                0x10002310       0x24 C:/Program Files (x86)/Arm GNU Toolchain arm-none-eabi/14.3 rel1/bin/../lib/gcc/arm-none-eabi/14.3.1/../../../../arm-none-eabi/lib/thumb/v7e-m+fp/softfp\libc.a(libc_a-closer.o)
                0x10002310                _close_r
 .text._lseek_r
                0x10002334       0x2c C:/Program Files (x86)/Arm GNU Toolchain arm-none-eabi/14.3 rel1/bin/../lib/gcc/arm-none-eabi/14.3.1/../../../../arm-none-eabi/lib/thumb/v7e-m+fp/softfp\libc.a(libc_a-lseekr.o)
                0x10002334                _lseek_r
 .text._read_r  0x10002360       0x2c C:/Program Files (x86)/Arm GNU Toolchain arm-none-eabi/14.3 rel1/bin/../lib/gcc/arm-none-eabi/14.3.1/../../../../arm-none-eabi/lib/thumb/v7e-m+fp/softfp\libc.a(libc_a-readr.o)
                0x10002360                _read_r
 .text._sbrk_r  0x1000238c       0x24 C:/Program Files (x86)/Arm GNU Toolchain arm-none-eabi/14.3 rel1/bin/../lib/gcc/arm-none-eabi/14.3.1/../../../../arm-none-eabi/lib/thumb/v7e-m+fp/softfp\libc.a(libc_a-sbrkr.o)
                0x1000238c                _sbrk_r
 .text._write_r
                0x100023b0       0x2c C:/Program Files (x86)/Arm GNU Toolchain arm-none-eabi/14.3 rel1/bin/../lib/gcc/arm-none-eabi/14.3.1/../../../../arm-none-eabi/lib/thumb/v7e-m+fp/softfp\libc.a(libc_a-writer.o)
                0x100023b0                _write_r
 .text.__errno  0x100023dc        0xc C:/Program Files (x86)/Arm GNU Toolchain arm-none-eabi/14.3 rel1/bin/../lib/gcc/arm-none-eabi/14.3.1/../../../../arm-none-eabi/lib/thumb/v7e-m+fp/softfp\libc.a(libc_a-errno.o)
                0x100023dc                __errno
 .text.__libc_init_array
                0x100023e8       0x50 C:/Program Files (x86)/Arm GNU Toolchain arm-none-eabi/14.3 rel1/bin/../lib/gcc/arm-none-eabi/14.3.1/../../../../arm-none-eabi/lib/thumb/v7e-m+fp/softfp\libc.a(libc_a-init.o)
                0x100023e8                __libc_init_array
 .text.__retarget_lock_init_recursive
                0x10002438        0x4 C:/Program Files (x86)/Arm GNU Toolchain arm-none-eabi/14.3 rel1/bin/../lib/gcc/arm-none-eabi/14.3.1/../../../../arm-none-eabi/lib/thumb/v7e-m+fp/softfp\libc.a(libc_a-lock.o)
                0x10002438                __retarget_lock_init_recursive
 .text.__retarget_lock_close_recursive
                0x1000243c        0x4 C:/Program Files (x86)/Arm GNU Toolchain arm-none-eabi/14.3 rel1/bin/../lib/gcc/arm-none-eabi/14.3.1/../../../../arm-none-eabi/lib/thumb/v7e-m+fp/softfp\libc.a(libc_a-lock.o)
                0x1000243c                __retarget_lock_close_recursive
 .text.__retarget_lock_acquire_recursive
                0x10002440        0x4 C:/Program Files (x86)/Arm GNU Toolchain arm-none-eabi/14.3 rel1/bin/../lib/gcc/arm-none-eabi/14.3.1/../../../../arm-none-eabi/lib/thumb/v7e-m+fp/softfp\libc.a(libc_a-lock.o)
                0x10002440                __retarget_lock_acquire_recursive
 .text.__retarget_lock_release_recursive
                0x10002444        0x4 C:/Program Files (x86)/Arm GNU Toolchain arm-none-eabi/14.3 rel1/bin/../lib/gcc/arm-none-eabi/14.3.1/../../../../arm-none-eabi/lib/thumb/v7e-m+fp/softfp\libc.a(libc_a-lock.o)
                0x10002444                __retarget_lock_release_recursive
 .text.sysconf  0x10002448       0x1c C:/Program Files (x86)/Arm GNU Toolchain arm-none-eabi/14.3 rel1/bin/../lib/gcc/arm-none-eabi/14.3.1/../../../../arm-none-eabi/lib/thumb/v7e-m+fp/softfp\libc.a(libc_a-sysconf.o)
                0x10002448                sysconf
 .text          0x10002464      0x134 C:/Program Files (x86)/Arm GNU Toolchain arm-none-eabi/14.3 rel1/bin/../lib/gcc/arm-none-eabi/14.3.1/../../../../arm-none-eabi/lib/thumb/v7e-m+fp/softfp\libc.a(libc_a-memcpy.o)
                0x10002464                memcpy
 *fill*         0x10002598       0x28 
 .text          0x100025c0       0xd8 C:/Program Files (x86)/Arm GNU Toolchain arm-none-eabi/14.3 rel1/bin/../lib/gcc/arm-none-eabi/14.3.1/../../../../arm-none-eabi/lib/thumb/v7e-m+fp/softfp\libc.a(libc_a-strlen.o)
                0x100025c0                strlen
 .text.startup.register_fini
                0x10002698       0x14 C:/Program Files (x86)/Arm GNU Toolchain arm-none-eabi/14.3 rel1/bin/../lib/gcc/arm-none-eabi/14.3.1/../../../../arm-none-eabi/lib/thumb/v7e-m+fp/softfp\libc.a(libc_a-__call_atexit.o)
 .text.atexit   0x100026ac        0xc C:/Program Files (x86)/Arm GNU Toolchain arm-none-eabi/14.3 rel1/bin/../lib/gcc/arm-none-eabi/14.3.1/../../../../arm-none-eabi/lib/thumb/v7e-m+fp/softfp\libc.a(libc_a-atexit.o)
                0x100026ac                atexit
 .text._malloc_trim_r
                0x100026b8       0xb8 C:/Program Files (x86)/Arm GNU Toolchain arm-none-eabi/14.3 rel1/bin/../lib/gcc/arm-none-eabi/14.3.1/../../../../arm-none-eabi/lib/thumb/v7e-m+fp/softfp\libc.a(libc_a-freer.o)
                0x100026b8                _malloc_trim_r
 .text._free_r  0x10002770      0x1f0 C:/Program Files (x86)/Arm GNU Toolchain arm-none-eabi/14.3 rel1/bin/../lib/gcc/arm-none-eabi/14.3.1/../../../../arm-none-eabi/lib/thumb/v7e-m+fp/softfp\libc.a(libc_a-freer.o)
                0x10002770                _free_r
 .text._vfprintf_r
                0x10002960     0x2320 C:/Program Files (x86)/Arm GNU Toolchain arm-none-eabi/14.3 rel1/bin/../lib/gcc/arm-none-eabi/14.3.1/../../../../arm-none-eabi/lib/thumb/v7e-m+fp/softfp\libc.a(libc_a-vfprintf.o)
                0x10002960                _vfprintf_r
 .text.__sbprintf
                0x10004c80       0x84 C:/Program Files (x86)/Arm GNU Toolchain arm-none-eabi/14.3 rel1/bin/../lib/gcc/arm-none-eabi/14.3.1/../../../../arm-none-eabi/lib/thumb/v7e-m+fp/softfp\libc.a(libc_a-vfprintf.o)
 .text.__sprint_r
                0x10004d04       0x20 C:/Program Files (x86)/Arm GNU Toolchain arm-none-eabi/14.3 rel1/bin/../lib/gcc/arm-none-eabi/14.3.1/../../../../arm-none-eabi/lib/thumb/v7e-m+fp/softfp\libc.a(libc_a-sprint_r.o)
                0x10004d04                __sprint_r
 .text._fclose_r
                0x10004d24       0xc0 C:/Program Files (x86)/Arm GNU Toolchain arm-none-eabi/14.3 rel1/bin/../lib/gcc/arm-none-eabi/14.3.1/../../../../arm-none-eabi/lib/thumb/v7e-m+fp/softfp\libc.a(libc_a-fclose.o)
                0x10004d24                _fclose_r
 .text.__sflush_r
                0x10004de4      0x138 C:/Program Files (x86)/Arm GNU Toolchain arm-none-eabi/14.3 rel1/bin/../lib/gcc/arm-none-eabi/14.3.1/../../../../arm-none-eabi/lib/thumb/v7e-m+fp/softfp\libc.a(libc_a-fflush.o)
                0x10004de4                __sflush_r
 .text._fflush_r
                0x10004f1c       0x54 C:/Program Files (x86)/Arm GNU Toolchain arm-none-eabi/14.3 rel1/bin/../lib/gcc/arm-none-eabi/14.3.1/../../../../arm-none-eabi/lib/thumb/v7e-m+fp/softfp\libc.a(libc_a-fflush.o)
                0x10004f1c                _fflush_r
 .text.__sfvwrite_r
                0x10004f70      0x2ec C:/Program Files (x86)/Arm GNU Toolchain arm-none-eabi/14.3 rel1/bin/../lib/gcc/arm-none-eabi/14.3.1/../../../../arm-none-eabi/lib/thumb/v7e-m+fp/softfp\libc.a(libc_a-fvwrite.o)
                0x10004f70                __sfvwrite_r
 .text.__swsetup_r
                0x1000525c       0xfc C:/Program Files (x86)/Arm GNU Toolchain arm-none-eabi/14.3 rel1/bin/../lib/gcc/arm-none-eabi/14.3.1/../../../../arm-none-eabi/lib/thumb/v7e-m+fp/softfp\libc.a(libc_a-wsetup.o)
                0x1000525c                __swsetup_r
 .text.memmove  0x10005358      0x130 C:/Program Files (x86)/Arm GNU Toolchain arm-none-eabi/14.3 rel1/bin/../lib/gcc/arm-none-eabi/14.3.1/../../../../arm-none-eabi/lib/thumb/v7e-m+fp/softfp\libc.a(libc_a-memmove.o)
                0x10005358                memmove
 .text.strncpy  0x10005488       0x68 C:/Program Files (x86)/Arm GNU Toolchain arm-none-eabi/14.3 rel1/bin/../lib/gcc/arm-none-eabi/14.3.1/../../../../arm-none-eabi/lib/thumb/v7e-m+fp/softfp\libc.a(libc_a-strncpy.o)
                0x10005488                strncpy
 .text.__locale_mb_cur_max
                0x100054f0        0xc C:/Program Files (x86)/Arm GNU Toolchain arm-none-eabi/14.3 rel1/bin/../lib/gcc/arm-none-eabi/14.3.1/../../../../arm-none-eabi/lib/thumb/v7e-m+fp/softfp\libc.a(libc_a-locale.o)
                0x100054f0                __locale_mb_cur_max
 .text._localeconv_r
                0x100054fc        0x8 C:/Program Files (x86)/Arm GNU Toolchain arm-none-eabi/14.3 rel1/bin/../lib/gcc/arm-none-eabi/14.3.1/../../../../arm-none-eabi/lib/thumb/v7e-m+fp/softfp\libc.a(libc_a-localeconv.o)
                0x100054fc                _localeconv_r
 .text.__libc_fini_array
                0x10005504       0x28 C:/Program Files (x86)/Arm GNU Toolchain arm-none-eabi/14.3 rel1/bin/../lib/gcc/arm-none-eabi/14.3.1/../../../../arm-none-eabi/lib/thumb/v7e-m+fp/softfp\libc.a(libc_a-fini.o)
                0x10005504                __libc_fini_array
 *fill*         0x1000552c        0x4 
 .text          0x10005530       0xa0 C:/Program Files (x86)/Arm GNU Toolchain arm-none-eabi/14.3 rel1/bin/../lib/gcc/arm-none-eabi/14.3.1/../../../../arm-none-eabi/lib/thumb/v7e-m+fp/softfp\libc.a(libc_a-memchr.o)
                0x10005530                memchr
 .text.frexp    0x100055d0       0x6c C:/Program Files (x86)/Arm GNU Toolchain arm-none-eabi/14.3 rel1/bin/../lib/gcc/arm-none-eabi/14.3.1/../../../../arm-none-eabi/lib/thumb/v7e-m+fp/softfp\libc.a(libm_a-s_frexp.o)
                0x100055d0                frexp
 .text.__register_exitproc
                0x1000563c       0x80 C:/Program Files (x86)/Arm GNU Toolchain arm-none-eabi/14.3 rel1/bin/../lib/gcc/arm-none-eabi/14.3.1/../../../../arm-none-eabi/lib/thumb/v7e-m+fp/softfp\libc.a(libc_a-__atexit.o)
                0x1000563c                __register_exitproc
 .text.quorem   0x100056bc      0x12c C:/Program Files (x86)/Arm GNU Toolchain arm-none-eabi/14.3 rel1/bin/../lib/gcc/arm-none-eabi/14.3.1/../../../../arm-none-eabi/lib/thumb/v7e-m+fp/softfp\libc.a(libc_a-dtoa.o)
 .text._dtoa_r  0x100057e8     0x1034 C:/Program Files (x86)/Arm GNU Toolchain arm-none-eabi/14.3 rel1/bin/../lib/gcc/arm-none-eabi/14.3.1/../../../../arm-none-eabi/lib/thumb/v7e-m+fp/softfp\libc.a(libc_a-dtoa.o)
                0x100057e8                _dtoa_r
 .text.__ascii_mbtowc
                0x1000681c       0x2c C:/Program Files (x86)/Arm GNU Toolchain arm-none-eabi/14.3 rel1/bin/../lib/gcc/arm-none-eabi/14.3.1/../../../../arm-none-eabi/lib/thumb/v7e-m+fp/softfp\libc.a(libc_a-mbtowc_r.o)
                0x1000681c                __ascii_mbtowc
 .text._Balloc  0x10006848       0x4c C:/Program Files (x86)/Arm GNU Toolchain arm-none-eabi/14.3 rel1/bin/../lib/gcc/arm-none-eabi/14.3.1/../../../../arm-none-eabi/lib/thumb/v7e-m+fp/softfp\libc.a(libc_a-mprec.o)
                0x10006848                _Balloc
 .text._Bfree   0x10006894       0x14 C:/Program Files (x86)/Arm GNU Toolchain arm-none-eabi/14.3 rel1/bin/../lib/gcc/arm-none-eabi/14.3.1/../../../../arm-none-eabi/lib/thumb/v7e-m+fp/softfp\libc.a(libc_a-mprec.o)
                0x10006894                _Bfree
 .text.__multadd
                0x100068a8       0xa0 C:/Program Files (x86)/Arm GNU Toolchain arm-none-eabi/14.3 rel1/bin/../lib/gcc/arm-none-eabi/14.3.1/../../../../arm-none-eabi/lib/thumb/v7e-m+fp/softfp\libc.a(libc_a-mprec.o)
                0x100068a8                __multadd
 .text.__hi0bits
                0x10006948       0x54 C:/Program Files (x86)/Arm GNU Toolchain arm-none-eabi/14.3 rel1/bin/../lib/gcc/arm-none-eabi/14.3.1/../../../../arm-none-eabi/lib/thumb/v7e-m+fp/softfp\libc.a(libc_a-mprec.o)
                0x10006948                __hi0bits
 .text.__lo0bits
                0x1000699c       0x80 C:/Program Files (x86)/Arm GNU Toolchain arm-none-eabi/14.3 rel1/bin/../lib/gcc/arm-none-eabi/14.3.1/../../../../arm-none-eabi/lib/thumb/v7e-m+fp/softfp\libc.a(libc_a-mprec.o)
                0x1000699c                __lo0bits
 .text.__i2b    0x10006a1c       0x5c C:/Program Files (x86)/Arm GNU Toolchain arm-none-eabi/14.3 rel1/bin/../lib/gcc/arm-none-eabi/14.3.1/../../../../arm-none-eabi/lib/thumb/v7e-m+fp/softfp\libc.a(libc_a-mprec.o)
                0x10006a1c                __i2b
 .text.__multiply
                0x10006a78      0x16c C:/Program Files (x86)/Arm GNU Toolchain arm-none-eabi/14.3 rel1/bin/../lib/gcc/arm-none-eabi/14.3.1/../../../../arm-none-eabi/lib/thumb/v7e-m+fp/softfp\libc.a(libc_a-mprec.o)
                0x10006a78                __multiply
 .text.__pow5mult
                0x10006be4       0xc0 C:/Program Files (x86)/Arm GNU Toolchain arm-none-eabi/14.3 rel1/bin/../lib/gcc/arm-none-eabi/14.3.1/../../../../arm-none-eabi/lib/thumb/v7e-m+fp/softfp\libc.a(libc_a-mprec.o)
                0x10006be4                __pow5mult
 .text.__lshift
                0x10006ca4       0xe8 C:/Program Files (x86)/Arm GNU Toolchain arm-none-eabi/14.3 rel1/bin/../lib/gcc/arm-none-eabi/14.3.1/../../../../arm-none-eabi/lib/thumb/v7e-m+fp/softfp\libc.a(libc_a-mprec.o)
                0x10006ca4                __lshift
 .text.__mcmp   0x10006d8c       0x44 C:/Program Files (x86)/Arm GNU Toolchain arm-none-eabi/14.3 rel1/bin/../lib/gcc/arm-none-eabi/14.3.1/../../../../arm-none-eabi/lib/thumb/v7e-m+fp/softfp\libc.a(libc_a-mprec.o)
                0x10006d8c                __mcmp
 .text.__mdiff  0x10006dd0      0x174 C:/Program Files (x86)/Arm GNU Toolchain arm-none-eabi/14.3 rel1/bin/../lib/gcc/arm-none-eabi/14.3.1/../../../../arm-none-eabi/lib/thumb/v7e-m+fp/softfp\libc.a(libc_a-mprec.o)
                0x10006dd0                __mdiff
 .text.__d2b    0x10006f44       0xb8 C:/Program Files (x86)/Arm GNU Toolchain arm-none-eabi/14.3 rel1/bin/../lib/gcc/arm-none-eabi/14.3.1/../../../../arm-none-eabi/lib/thumb/v7e-m+fp/softfp\libc.a(libc_a-mprec.o)
                0x10006f44                __d2b
 .text._realloc_r
                0x10006ffc      0x348 C:/Program Files (x86)/Arm GNU Toolchain arm-none-eabi/14.3 rel1/bin/../lib/gcc/arm-none-eabi/14.3.1/../../../../arm-none-eabi/lib/thumb/v7e-m+fp/softfp\libc.a(libc_a-reallocr.o)
                0x10006ffc                _realloc_r
 .text.__ascii_wctomb
                0x10007344       0x1c C:/Program Files (x86)/Arm GNU Toolchain arm-none-eabi/14.3 rel1/bin/../lib/gcc/arm-none-eabi/14.3.1/../../../../arm-none-eabi/lib/thumb/v7e-m+fp/softfp\libc.a(libc_a-wctomb_r.o)
                0x10007344                __ascii_wctomb
 .text._wcrtomb_r
                0x10007360       0x4c C:/Program Files (x86)/Arm GNU Toolchain arm-none-eabi/14.3 rel1/bin/../lib/gcc/arm-none-eabi/14.3.1/../../../../arm-none-eabi/lib/thumb/v7e-m+fp/softfp\libc.a(libc_a-wcrtomb.o)
                0x10007360                _wcrtomb_r
 .text._wcsrtombs_r
                0x100073ac       0x18 C:/Program Files (x86)/Arm GNU Toolchain arm-none-eabi/14.3 rel1/bin/../lib/gcc/arm-none-eabi/14.3.1/../../../../arm-none-eabi/lib/thumb/v7e-m+fp/softfp\libc.a(libc_a-wcsrtombs.o)
                0x100073ac                _wcsrtombs_r
 .text.__smakebuf_r
                0x100073c4       0xd0 C:/Program Files (x86)/Arm GNU Toolchain arm-none-eabi/14.3 rel1/bin/../lib/gcc/arm-none-eabi/14.3.1/../../../../arm-none-eabi/lib/thumb/v7e-m+fp/softfp\libc.a(libc_a-makebuf.o)
                0x100073c4                __smakebuf_r
 .text._fstat_r
                0x10007494       0x2c C:/Program Files (x86)/Arm GNU Toolchain arm-none-eabi/14.3 rel1/bin/../lib/gcc/arm-none-eabi/14.3.1/../../../../arm-none-eabi/lib/thumb/v7e-m+fp/softfp\libc.a(libc_a-fstatr.o)
                0x10007494                _fstat_r
 .text._isatty_r
                0x100074c0       0x24 C:/Program Files (x86)/Arm GNU Toolchain arm-none-eabi/14.3 rel1/bin/../lib/gcc/arm-none-eabi/14.3.1/../../../../arm-none-eabi/lib/thumb/v7e-m+fp/softfp\libc.a(libc_a-isattyr.o)
                0x100074c0                _isatty_r
 .text.__assert_func
                0x100074e4       0x40 C:/Program Files (x86)/Arm GNU Toolchain arm-none-eabi/14.3 rel1/bin/../lib/gcc/arm-none-eabi/14.3.1/../../../../arm-none-eabi/lib/thumb/v7e-m+fp/softfp\libc.a(libc_a-assert.o)
                0x100074e4                __assert_func
 .text._calloc_r
                0x10007524       0x6c C:/Program Files (x86)/Arm GNU Toolchain arm-none-eabi/14.3 rel1/bin/../lib/gcc/arm-none-eabi/14.3.1/../../../../arm-none-eabi/lib/thumb/v7e-m+fp/softfp\libc.a(libc_a-callocr.o)
                0x10007524                _calloc_r
 .text._wcsnrtombs_l
                0x10007590       0xf0 C:/Program Files (x86)/Arm GNU Toolchain arm-none-eabi/14.3 rel1/bin/../lib/gcc/arm-none-eabi/14.3.1/../../../../arm-none-eabi/lib/thumb/v7e-m+fp/softfp\libc.a(libc_a-wcsnrtombs.o)
                0x10007590                _wcsnrtombs_l
 .text._wcsnrtombs_r
                0x10007680       0x24 C:/Program Files (x86)/Arm GNU Toolchain arm-none-eabi/14.3 rel1/bin/../lib/gcc/arm-none-eabi/14.3.1/../../../../arm-none-eabi/lib/thumb/v7e-m+fp/softfp\libc.a(libc_a-wcsnrtombs.o)
                0x10007680                _wcsnrtombs_r
 .text.fiprintf
                0x100076a4       0x28 C:/Program Files (x86)/Arm GNU Toolchain arm-none-eabi/14.3 rel1/bin/../lib/gcc/arm-none-eabi/14.3.1/../../../../arm-none-eabi/lib/thumb/v7e-m+fp/softfp\libc.a(libc_a-fiprintf.o)
                0x100076a4                fiprintf
 .text._vfiprintf_r
                0x100076cc     0x1288 C:/Program Files (x86)/Arm GNU Toolchain arm-none-eabi/14.3 rel1/bin/../lib/gcc/arm-none-eabi/14.3.1/../../../../arm-none-eabi/lib/thumb/v7e-m+fp/softfp\libc.a(libc_a-vfiprintf.o)
                0x100076cc                _vfiprintf_r
 .text.__sbprintf
                0x10008954       0x84 C:/Program Files (x86)/Arm GNU Toolchain arm-none-eabi/14.3 rel1/bin/../lib/gcc/arm-none-eabi/14.3.1/../../../../arm-none-eabi/lib/thumb/v7e-m+fp/softfp\libc.a(libc_a-vfiprintf.o)
 .text.abort    0x100089d8       0x10 C:/Program Files (x86)/Arm GNU Toolchain arm-none-eabi/14.3 rel1/bin/../lib/gcc/arm-none-eabi/14.3.1/../../../../arm-none-eabi/lib/thumb/v7e-m+fp/softfp\libc.a(libc_a-abort.o)
                0x100089d8                abort
 .text.raise    0x100089e8       0x58 C:/Program Files (x86)/Arm GNU Toolchain arm-none-eabi/14.3 rel1/bin/../lib/gcc/arm-none-eabi/14.3.1/../../../../arm-none-eabi/lib/thumb/v7e-m+fp/softfp\libc.a(libc_a-signal.o)
                0x100089e8                raise
 .text._kill_r  0x10008a40       0x2c C:/Program Files (x86)/Arm GNU Toolchain arm-none-eabi/14.3 rel1/bin/../lib/gcc/arm-none-eabi/14.3.1/../../../../arm-none-eabi/lib/thumb/v7e-m+fp/softfp\libc.a(libc_a-signalr.o)
                0x10008a40                _kill_r
 .text._getpid_r
                0x10008a6c        0x4 C:/Program Files (x86)/Arm GNU Toolchain arm-none-eabi/14.3 rel1/bin/../lib/gcc/arm-none-eabi/14.3.1/../../../../arm-none-eabi/lib/thumb/v7e-m+fp/softfp\libc.a(libc_a-signalr.o)
                0x10008a6c                _getpid_r
 .text._exit    0x10008a70        0x4 C:/Program Files (x86)/Arm GNU Toolchain arm-none-eabi/14.3 rel1/bin/../lib/gcc/arm-none-eabi/14.3.1/../../../../arm-none-eabi/lib/thumb/v7e-m+fp/softfp\libnosys.a(_exit.o)
                0x10008a70                _exit
 .text          0x10008a74      0x378 C:/Program Files (x86)/Arm GNU Toolchain arm-none-eabi/14.3 rel1/bin/../lib/gcc/arm-none-eabi/14.3.1/thumb/v7e-m+fp/softfp\libgcc.a(_arm_addsubdf3.o)
                0x10008a74                __aeabi_drsub
                0x10008a7c                __aeabi_dsub
                0x10008a7c                __subdf3
                0x10008a80                __aeabi_dadd
                0x10008a80                __adddf3
                0x10008cf8                __floatunsidf
                0x10008cf8                __aeabi_ui2d
                0x10008d18                __floatsidf
                0x10008d18                __aeabi_i2d
                0x10008d3c                __aeabi_f2d
                0x10008d3c                __extendsfdf2
                0x10008d80                __floatundidf
                0x10008d80                __aeabi_ul2d
                0x10008d90                __floatdidf
                0x10008d90                __aeabi_l2d
 .text          0x10008dec      0x424 C:/Program Files (x86)/Arm GNU Toolchain arm-none-eabi/14.3 rel1/bin/../lib/gcc/arm-none-eabi/14.3.1/thumb/v7e-m+fp/softfp\libgcc.a(_arm_muldivdf3.o)
                0x10008dec                __aeabi_dmul
                0x10008dec                __muldf3
                0x10009040                __divdf3
                0x10009040                __aeabi_ddiv
 .text          0x10009210      0x110 C:/Program Files (x86)/Arm GNU Toolchain arm-none-eabi/14.3 rel1/bin/../lib/gcc/arm-none-eabi/14.3.1/thumb/v7e-m+fp/softfp\libgcc.a(_arm_cmpdf2.o)
                0x10009210                __gtdf2
                0x10009210                __gedf2
                0x10009218                __ltdf2
                0x10009218                __ledf2
                0x10009220                __nedf2
                0x10009220                __eqdf2
                0x10009220                __cmpdf2
                0x1000929c                __aeabi_cdrcmple
                0x100092ac                __aeabi_cdcmpeq
                0x100092ac                __aeabi_cdcmple
                0x100092bc                __aeabi_dcmpeq
                0x100092d0                __aeabi_dcmplt
                0x100092e4                __aeabi_dcmple
                0x100092f8                __aeabi_dcmpge
                0x1000930c                __aeabi_dcmpgt
 .text          0x10009320       0x2c C:/Program Files (x86)/Arm GNU Toolchain arm-none-eabi/14.3 rel1/bin/../lib/gcc/arm-none-eabi/14.3.1/thumb/v7e-m+fp/softfp\libgcc.a(_arm_unorddf2.o)
                0x10009320                __unorddf2
                0x10009320                __aeabi_dcmpun
 .text          0x1000934c       0x50 C:/Program Files (x86)/Arm GNU Toolchain arm-none-eabi/14.3 rel1/bin/../lib/gcc/arm-none-eabi/14.3.1/thumb/v7e-m+fp/softfp\libgcc.a(_arm_fixdfsi.o)
                0x1000934c                __aeabi_d2iz
                0x1000934c                __fixdfsi
 .text          0x1000939c       0x30 C:/Program Files (x86)/Arm GNU Toolchain arm-none-eabi/14.3 rel1/bin/../lib/gcc/arm-none-eabi/14.3.1/thumb/v7e-m+fp/softfp\libgcc.a(_aeabi_uldivmod.o)
                0x1000939c                __aeabi_uldivmod
 .text.__udivmoddi4
                0x100093cc      0x2f8 C:/Program Files (x86)/Arm GNU Toolchain arm-none-eabi/14.3 rel1/bin/../lib/gcc/arm-none-eabi/14.3.1/thumb/v7e-m+fp/softfp\libgcc.a(_udivmoddi4.o)
                0x100093cc                __udivmoddi4
 .text          0x100096c4        0x4 C:/Program Files (x86)/Arm GNU Toolchain arm-none-eabi/14.3 rel1/bin/../lib/gcc/arm-none-eabi/14.3.1/thumb/v7e-m+fp/softfp\libgcc.a(_dvmd_tls.o)
                0x100096c4                __aeabi_idiv0
                0x100096c4                __aeabi_ldiv0
 *(.rodata*)
 .rodata.main.str1.4
                0x100096c8      0x43f c:/Users/jadma/cfs/2.0.0/Hello_World/build/main.o
                                0x10e (size before relaxing)
 *fill*         0x10009b07        0x1 
 .rodata.leds   0x10009b08       0x48 c:/Users/jadma/cfs/2.0.0/Hello_World/build/main.o
                0x10009b08                leds
 .rodata        0x10009b50       0x24 c:/Users/jadma/cfs/2.0.0/Hello_World/build/main.o
 .rodata.mxc_assert.str1.4
                0x10009b74       0x19 c:/Users/jadma/cfs/2.0.0/Hello_World/build/board.o
 .rodata.Board_Init.str1.4
                0x10009b74       0x55 c:/Users/jadma/cfs/2.0.0/Hello_World/build/board.o
 .rodata.num_leds
                0x10009b74        0x4 c:/Users/jadma/cfs/2.0.0/Hello_World/build/board.o
                0x10009b74                num_leds
 .rodata.led_pin
                0x10009b78       0x24 c:/Users/jadma/cfs/2.0.0/Hello_World/build/board.o
                0x10009b78                led_pin
 .rodata.num_pbs
                0x10009b9c        0x4 c:/Users/jadma/cfs/2.0.0/Hello_World/build/board.o
                0x10009b9c                num_pbs
 .rodata.pb_pin
                0x10009ba0       0x18 c:/Users/jadma/cfs/2.0.0/Hello_World/build/board.o
                0x10009ba0                pb_pin
 .rodata.gpio_cfg_uart3
                0x10009bb8        0xc C:/analog/cfs/1.1.0/SDK/MAX/Libraries/PeriphDrivers/bin/MAX78000/spi-v1_softfp/libPeriphDriver_spi-v1_softfp.a(pins_ai85.o)
                0x10009bb8                gpio_cfg_uart3
 .rodata.gpio_cfg_uart2
                0x10009bc4        0xc C:/analog/cfs/1.1.0/SDK/MAX/Libraries/PeriphDrivers/bin/MAX78000/spi-v1_softfp/libPeriphDriver_spi-v1_softfp.a(pins_ai85.o)
                0x10009bc4                gpio_cfg_uart2
 .rodata.gpio_cfg_uart1
                0x10009bd0        0xc C:/analog/cfs/1.1.0/SDK/MAX/Libraries/PeriphDrivers/bin/MAX78000/spi-v1_softfp/libPeriphDriver_spi-v1_softfp.a(pins_ai85.o)
                0x10009bd0                gpio_cfg_uart1
 .rodata.gpio_cfg_uart0
                0x10009bdc        0xc C:/analog/cfs/1.1.0/SDK/MAX/Libraries/PeriphDrivers/bin/MAX78000/spi-v1_softfp/libPeriphDriver_spi-v1_softfp.a(pins_ai85.o)
                0x10009bdc                gpio_cfg_uart0
 .rodata.gpio_cfg_extclk
                0x10009be8        0xc C:/analog/cfs/1.1.0/SDK/MAX/Libraries/PeriphDrivers/bin/MAX78000/spi-v1_softfp/libPeriphDriver_spi-v1_softfp.a(pins_ai85.o)
                0x10009be8                gpio_cfg_extclk
 .rodata.MXC_UART_RevB_Init.str1.4
                0x10009bf4       0x7b C:/analog/cfs/1.1.0/SDK/MAX/Libraries/PeriphDrivers/bin/MAX78000/spi-v1_softfp/libPeriphDriver_spi-v1_softfp.a(uart_revb.o)
 .rodata.MXC_UART_RevB_SetClockSource.str1.4
                0x10009bf4       0x27 C:/analog/cfs/1.1.0/SDK/MAX/Libraries/PeriphDrivers/bin/MAX78000/spi-v1_softfp/libPeriphDriver_spi-v1_softfp.a(uart_revb.o)
 .rodata.MXC_GPIO_Common_Handler.str1.4
                0x10009bf4       0x6e C:/analog/cfs/1.1.0/SDK/MAX/Libraries/PeriphDrivers/bin/MAX78000/spi-v1_softfp/libPeriphDriver_spi-v1_softfp.a(gpio_common.o)
 .rodata.CSWTCH.16
                0x10009bf4       0x10 C:/analog/cfs/1.1.0/SDK/MAX/Libraries/PeriphDrivers/bin/MAX78000/spi-v1_softfp/libPeriphDriver_spi-v1_softfp.a(gpio_common.o)
 .rodata._puts_r.str1.4
                0x10009c04        0x2 C:/Program Files (x86)/Arm GNU Toolchain arm-none-eabi/14.3 rel1/bin/../lib/gcc/arm-none-eabi/14.3.1/../../../../arm-none-eabi/lib/thumb/v7e-m+fp/softfp\libc.a(libc_a-puts.o)
 .rodata._vfprintf_r.str1.4
                0x10009c04       0x42 C:/Program Files (x86)/Arm GNU Toolchain arm-none-eabi/14.3 rel1/bin/../lib/gcc/arm-none-eabi/14.3.1/../../../../arm-none-eabi/lib/thumb/v7e-m+fp/softfp\libc.a(libc_a-vfprintf.o)
 .rodata.zeroes.0
                0x10009c04       0x10 C:/Program Files (x86)/Arm GNU Toolchain arm-none-eabi/14.3 rel1/bin/../lib/gcc/arm-none-eabi/14.3.1/../../../../arm-none-eabi/lib/thumb/v7e-m+fp/softfp\libc.a(libc_a-vfprintf.o)
 .rodata.blanks.1
                0x10009c14       0x10 C:/Program Files (x86)/Arm GNU Toolchain arm-none-eabi/14.3 rel1/bin/../lib/gcc/arm-none-eabi/14.3.1/../../../../arm-none-eabi/lib/thumb/v7e-m+fp/softfp\libc.a(libc_a-vfprintf.o)
 .rodata.str1.4
                0x10009c24       0x4c C:/Program Files (x86)/Arm GNU Toolchain arm-none-eabi/14.3 rel1/bin/../lib/gcc/arm-none-eabi/14.3.1/../../../../arm-none-eabi/lib/thumb/v7e-m+fp/softfp\libc.a(libc_a-locale.o)
 .rodata._dtoa_r.str1.4
                0x10009c24       0x83 C:/Program Files (x86)/Arm GNU Toolchain arm-none-eabi/14.3 rel1/bin/../lib/gcc/arm-none-eabi/14.3.1/../../../../arm-none-eabi/lib/thumb/v7e-m+fp/softfp\libc.a(libc_a-dtoa.o)
 .rodata.__multadd.str1.4
                0x10009c24       0x70 C:/Program Files (x86)/Arm GNU Toolchain arm-none-eabi/14.3 rel1/bin/../lib/gcc/arm-none-eabi/14.3.1/../../../../arm-none-eabi/lib/thumb/v7e-m+fp/softfp\libc.a(libc_a-mprec.o)
 .rodata.p05.0  0x10009c24        0xc C:/Program Files (x86)/Arm GNU Toolchain arm-none-eabi/14.3 rel1/bin/../lib/gcc/arm-none-eabi/14.3.1/../../../../arm-none-eabi/lib/thumb/v7e-m+fp/softfp\libc.a(libc_a-mprec.o)
 .rodata.__mprec_bigtens
                0x10009c30       0x28 C:/Program Files (x86)/Arm GNU Toolchain arm-none-eabi/14.3 rel1/bin/../lib/gcc/arm-none-eabi/14.3.1/../../../../arm-none-eabi/lib/thumb/v7e-m+fp/softfp\libc.a(libc_a-mprec.o)
                0x10009c30                __mprec_bigtens
 .rodata.__mprec_tens
                0x10009c58       0xc8 C:/Program Files (x86)/Arm GNU Toolchain arm-none-eabi/14.3 rel1/bin/../lib/gcc/arm-none-eabi/14.3.1/../../../../arm-none-eabi/lib/thumb/v7e-m+fp/softfp\libc.a(libc_a-mprec.o)
                0x10009c58                __mprec_tens
 .rodata._ctype_
                0x10009d20      0x101 C:/Program Files (x86)/Arm GNU Toolchain arm-none-eabi/14.3 rel1/bin/../lib/gcc/arm-none-eabi/14.3.1/../../../../arm-none-eabi/lib/thumb/v7e-m+fp/softfp\libc.a(libc_a-ctype_.o)
                0x10009d20                _ctype_
 .rodata.__assert_func.str1.4
                0x10009e21       0x43 C:/Program Files (x86)/Arm GNU Toolchain arm-none-eabi/14.3 rel1/bin/../lib/gcc/arm-none-eabi/14.3.1/../../../../arm-none-eabi/lib/thumb/v7e-m+fp/softfp\libc.a(libc_a-assert.o)
 .rodata._vfiprintf_r.str1.4
                0x10009e21       0x2f C:/Program Files (x86)/Arm GNU Toolchain arm-none-eabi/14.3 rel1/bin/../lib/gcc/arm-none-eabi/14.3.1/../../../../arm-none-eabi/lib/thumb/v7e-m+fp/softfp\libc.a(libc_a-vfiprintf.o)
 *fill*         0x10009e21        0x3 
 .rodata.zeroes.0
                0x10009e24       0x10 C:/Program Files (x86)/Arm GNU Toolchain arm-none-eabi/14.3 rel1/bin/../lib/gcc/arm-none-eabi/14.3.1/../../../../arm-none-eabi/lib/thumb/v7e-m+fp/softfp\libc.a(libc_a-vfiprintf.o)
 .rodata.blanks.1
                0x10009e34       0x10 C:/Program Files (x86)/Arm GNU Toolchain arm-none-eabi/14.3 rel1/bin/../lib/gcc/arm-none-eabi/14.3.1/../../../../arm-none-eabi/lib/thumb/v7e-m+fp/softfp\libc.a(libc_a-vfiprintf.o)
 *(.init)
 .init          0x10009e44        0x4 C:/Program Files (x86)/Arm GNU Toolchain arm-none-eabi/14.3 rel1/bin/../lib/gcc/arm-none-eabi/14.3.1/thumb/v7e-m+fp/softfp/crti.o
                0x10009e44                _init
 .init          0x10009e48        0x8 C:/Program Files (x86)/Arm GNU Toolchain arm-none-eabi/14.3 rel1/bin/../lib/gcc/arm-none-eabi/14.3.1/thumb/v7e-m+fp/softfp/crtn.o
 *(.fini)
 .fini          0x10009e50        0x4 C:/Program Files (x86)/Arm GNU Toolchain arm-none-eabi/14.3 rel1/bin/../lib/gcc/arm-none-eabi/14.3.1/thumb/v7e-m+fp/softfp/crti.o
                0x10009e50                _fini
 .fini          0x10009e54        0x8 C:/Program Files (x86)/Arm GNU Toolchain arm-none-eabi/14.3 rel1/bin/../lib/gcc/arm-none-eabi/14.3.1/thumb/v7e-m+fp/softfp/crtn.o
 *crtbegin.o(.ctors)
 *crtbegin?.o(.ctors)
 *(EXCLUDE_FILE(*crtend.o *crtend?.o) .ctors)
 *(SORT_BY_NAME(.ctors.*))
 *(.ctors)
 *crtbegin.o(.dtors)
 *crtbegin?.o(.dtors)
 *(EXCLUDE_FILE(*crtend.o *crtend?.o) .dtors)
 *(SORT_BY_NAME(.dtors.*))
 *(.dtors)
 *(.eh_frame*)
 .eh_frame      0x10009e5c        0x0 C:/Program Files (x86)/Arm GNU Toolchain arm-none-eabi/14.3 rel1/bin/../lib/gcc/arm-none-eabi/14.3.1/thumb/v7e-m+fp/softfp/crtbegin.o
 .eh_frame      0x10009e5c        0x4 C:/Program Files (x86)/Arm GNU Toolchain arm-none-eabi/14.3 rel1/bin/../lib/gcc/arm-none-eabi/14.3.1/thumb/v7e-m+fp/softfp/crtend.o
                0x10009e60                        _etext = .

.glue_7         0x10009e60        0x0
 .glue_7        0x10009e60        0x0 linker stubs

.glue_7t        0x10009e60        0x0
 .glue_7t       0x10009e60        0x0 linker stubs

.vfp11_veneer   0x10009e60        0x0
 .vfp11_veneer  0x10009e60        0x0 linker stubs

.v4_bx          0x10009e60        0x0
 .v4_bx         0x10009e60        0x0 linker stubs

.iplt           0x10009e60        0x0
 .iplt          0x10009e60        0x0 C:/Program Files (x86)/Arm GNU Toolchain arm-none-eabi/14.3 rel1/bin/../lib/gcc/arm-none-eabi/14.3.1/thumb/v7e-m+fp/softfp/crtbegin.o

.ARM.extab
 *(.ARM.extab* .gnu.linkonce.armextab.*)

.bin_storage    0x10009e60        0x0
 FILL mask 0xff
                0x10009e60                        _bin_start_ = .
 *(.bin_storage_img)
                0x10009e60                        _bin_end_ = .
                0x10009e60                        . = ALIGN (0x4)

.rom_code       0x00000000        0x0
                0x00000000                        . = ALIGN (0x10)
                0x20000000                        _sran_code = .
 *(.rom_code_section)
                0x20000000                        _esran_code = .

.flash_code     0x10009e60        0x0
                0x10009e60                        . = ALIGN (0x10)
                0x20000000                        _sran_code = .
 *(.flash_code_section)
                0x20000000                        _esran_code = .

.sram_code      0x20000000        0x0
                0x20000000                        . = ALIGN (0x10)
                0x20000000                        _sran_code = .
 *(.sram_code_section)
                0x20000000                        _esran_code = .

.ARM.exidx      0x10009e60        0x8
                0x10009e60                        __exidx_start = .
 *(.ARM.exidx* .gnu.linkonce.armexidx.*)
 .ARM.exidx     0x10009e60        0x8 C:/Program Files (x86)/Arm GNU Toolchain arm-none-eabi/14.3 rel1/bin/../lib/gcc/arm-none-eabi/14.3.1/../../../../arm-none-eabi/lib/thumb/v7e-m+fp/softfp\libc.a(libc_a-memcpy.o)
 .ARM.exidx     0x10009e68        0x0 C:/Program Files (x86)/Arm GNU Toolchain arm-none-eabi/14.3 rel1/bin/../lib/gcc/arm-none-eabi/14.3.1/../../../../arm-none-eabi/lib/thumb/v7e-m+fp/softfp\libc.a(libc_a-strlen.o)
                                  0x8 (size before relaxing)
 .ARM.exidx     0x10009e68        0x0 C:/Program Files (x86)/Arm GNU Toolchain arm-none-eabi/14.3 rel1/bin/../lib/gcc/arm-none-eabi/14.3.1/../../../../arm-none-eabi/lib/thumb/v7e-m+fp/softfp\libc.a(libc_a-memchr.o)
                                  0x8 (size before relaxing)
 .ARM.exidx.text.__udivmoddi4
                0x10009e68        0x0 C:/Program Files (x86)/Arm GNU Toolchain arm-none-eabi/14.3 rel1/bin/../lib/gcc/arm-none-eabi/14.3.1/thumb/v7e-m+fp/softfp\libgcc.a(_udivmoddi4.o)
                                  0x8 (size before relaxing)
                0x10009e68                        __exidx_end = .

.rel.dyn        0x10009e68        0x0
 .rel.iplt      0x10009e68        0x0 C:/Program Files (x86)/Arm GNU Toolchain arm-none-eabi/14.3 rel1/bin/../lib/gcc/arm-none-eabi/14.3.1/thumb/v7e-m+fp/softfp/crtbegin.o

.data           0x20000000      0x8f4 load address 0x10009e68
                0x20000000                        _data = ALIGN (., 0x4)
 *(vtable)
 *(.data*)
 .data.ConsoleUart
                0x20000000        0x4 c:/Users/jadma/cfs/2.0.0/Hello_World/build/board.o
                0x20000000                ConsoleUart
 *fill*         0x20000004        0x4 
 .data.states   0x20000008       0x60 C:/analog/cfs/1.1.0/SDK/MAX/Libraries/PeriphDrivers/bin/MAX78000/spi-v1_softfp/libPeriphDriver_spi-v1_softfp.a(uart_revb.o)
 .data.overflows
                0x20000068        0x4 C:/analog/cfs/1.1.0/SDK/MAX/Libraries/PeriphDrivers/bin/MAX78000/spi-v1_softfp/libPeriphDriver_spi-v1_softfp.a(mxc_delay.o)
 .data.__malloc_sbrk_base
                0x2000006c        0x4 C:/Program Files (x86)/Arm GNU Toolchain arm-none-eabi/14.3 rel1/bin/../lib/gcc/arm-none-eabi/14.3.1/../../../../arm-none-eabi/lib/thumb/v7e-m+fp/softfp\libc.a(libc_a-mallocr.o)
                0x2000006c                __malloc_sbrk_base
 .data.__malloc_trim_threshold
                0x20000070        0x4 C:/Program Files (x86)/Arm GNU Toolchain arm-none-eabi/14.3 rel1/bin/../lib/gcc/arm-none-eabi/14.3.1/../../../../arm-none-eabi/lib/thumb/v7e-m+fp/softfp\libc.a(libc_a-mallocr.o)
                0x20000070                __malloc_trim_threshold
 *fill*         0x20000074        0x4 
 .data.__malloc_av_
                0x20000078      0x408 C:/Program Files (x86)/Arm GNU Toolchain arm-none-eabi/14.3 rel1/bin/../lib/gcc/arm-none-eabi/14.3.1/../../../../arm-none-eabi/lib/thumb/v7e-m+fp/softfp\libc.a(libc_a-mallocr.o)
                0x20000078                __malloc_av_
 .data.__sglue  0x20000480        0xc C:/Program Files (x86)/Arm GNU Toolchain arm-none-eabi/14.3 rel1/bin/../lib/gcc/arm-none-eabi/14.3.1/../../../../arm-none-eabi/lib/thumb/v7e-m+fp/softfp\libc.a(libc_a-findfp.o)
                0x20000480                __sglue
 .data._impure_ptr
                0x2000048c        0x4 C:/Program Files (x86)/Arm GNU Toolchain arm-none-eabi/14.3 rel1/bin/../lib/gcc/arm-none-eabi/14.3.1/../../../../arm-none-eabi/lib/thumb/v7e-m+fp/softfp\libc.a(libc_a-impure.o)
                0x2000048c                _impure_ptr
 .data._impure_data
                0x20000490      0x200 C:/Program Files (x86)/Arm GNU Toolchain arm-none-eabi/14.3 rel1/bin/../lib/gcc/arm-none-eabi/14.3.1/../../../../arm-none-eabi/lib/thumb/v7e-m+fp/softfp\libc.a(libc_a-impure.o)
                0x20000490                _impure_data
 .data.__atexit_recursive_mutex
                0x20000690        0x4 C:/Program Files (x86)/Arm GNU Toolchain arm-none-eabi/14.3 rel1/bin/../lib/gcc/arm-none-eabi/14.3.1/../../../../arm-none-eabi/lib/thumb/v7e-m+fp/softfp\libc.a(libc_a-__call_atexit.o)
                0x20000690                __atexit_recursive_mutex
 .data.__global_locale
                0x20000694      0x254 C:/Program Files (x86)/Arm GNU Toolchain arm-none-eabi/14.3 rel1/bin/../lib/gcc/arm-none-eabi/14.3.1/../../../../arm-none-eabi/lib/thumb/v7e-m+fp/softfp\libc.a(libc_a-locale.o)
                0x20000694                __global_locale
 *(.flashprog*)
                0x200008e8                        . = ALIGN (0x4)
                0x200008e8                        PROVIDE (__preinit_array_start = .)
 *(.preinit_array)
                0x200008e8                        PROVIDE (__preinit_array_end = .)
                0x200008e8                        . = ALIGN (0x4)
                0x200008e8                        PROVIDE (__init_array_start = .)
 *(SORT_BY_NAME(.init_array.*))
 .init_array.00000
                0x200008e8        0x4 C:/Program Files (x86)/Arm GNU Toolchain arm-none-eabi/14.3 rel1/bin/../lib/gcc/arm-none-eabi/14.3.1/../../../../arm-none-eabi/lib/thumb/v7e-m+fp/softfp\libc.a(libc_a-__call_atexit.o)
 *(.init_array)
 .init_array    0x200008ec        0x4 C:/Program Files (x86)/Arm GNU Toolchain arm-none-eabi/14.3 rel1/bin/../lib/gcc/arm-none-eabi/14.3.1/thumb/v7e-m+fp/softfp/crtbegin.o
                0x200008f0                        PROVIDE (__init_array_end = .)
                0x200008f0                        . = ALIGN (0x4)
                0x200008f0                        PROVIDE (__fini_array_start = .)
 *(SORT_BY_NAME(.fini_array.*))
 *(.fini_array)
 .fini_array    0x200008f0        0x4 C:/Program Files (x86)/Arm GNU Toolchain arm-none-eabi/14.3 rel1/bin/../lib/gcc/arm-none-eabi/14.3.1/thumb/v7e-m+fp/softfp/crtbegin.o
                0x200008f4                        PROVIDE (__fini_array_end = .)
                0x200008f4                        _edata = ALIGN (., 0x4)
                0x10009e68                        __load_data = LOADADDR (.data)

.tm_clone_table
                0x200008f4        0x0 load address 0x1000a75c
 .tm_clone_table
                0x200008f4        0x0 C:/Program Files (x86)/Arm GNU Toolchain arm-none-eabi/14.3 rel1/bin/../lib/gcc/arm-none-eabi/14.3.1/thumb/v7e-m+fp/softfp/crtbegin.o
 .tm_clone_table
                0x200008f4        0x0 C:/Program Files (x86)/Arm GNU Toolchain arm-none-eabi/14.3 rel1/bin/../lib/gcc/arm-none-eabi/14.3.1/thumb/v7e-m+fp/softfp/crtend.o

.igot.plt       0x200008f4        0x0 load address 0x1000a75c
 .igot.plt      0x200008f4        0x0 C:/Program Files (x86)/Arm GNU Toolchain arm-none-eabi/14.3 rel1/bin/../lib/gcc/arm-none-eabi/14.3.1/thumb/v7e-m+fp/softfp/crtbegin.o

.bss            0x200008f4      0x750 load address 0x1000a75c
                0x200008f4                        . = ALIGN (0x4)
                0x200008f4                        _bss = .
 *(.bss*)
 .bss.completed.1
                0x200008f4        0x1 C:/Program Files (x86)/Arm GNU Toolchain arm-none-eabi/14.3 rel1/bin/../lib/gcc/arm-none-eabi/14.3.1/thumb/v7e-m+fp/softfp/crtbegin.o
 *fill*         0x200008f5        0x3 
 .bss.object.0  0x200008f8       0x18 C:/Program Files (x86)/Arm GNU Toolchain arm-none-eabi/14.3 rel1/bin/../lib/gcc/arm-none-eabi/14.3.1/thumb/v7e-m+fp/softfp/crtbegin.o
 .bss.mode      0x20000910        0x4 c:/Users/jadma/cfs/2.0.0/Hello_World/build/main.o
                0x20000910                mode
 .bss.g_pb_polarity
                0x20000914        0x4 c:/Users/jadma/cfs/2.0.0/Hello_World/build/pb.o
 .bss.heap_end  0x20000918        0x4 c:/Users/jadma/cfs/2.0.0/Hello_World/build/heap.o
 .bss.g_is_clock_locked
                0x2000091c        0x4 C:/analog/cfs/1.1.0/SDK/MAX/Libraries/PeriphDrivers/bin/MAX78000/spi-v1_softfp/libPeriphDriver_spi-v1_softfp.a(uart_revb.o)
 .bss.cbFunc    0x20000920        0x4 C:/analog/cfs/1.1.0/SDK/MAX/Libraries/PeriphDrivers/bin/MAX78000/spi-v1_softfp/libPeriphDriver_spi-v1_softfp.a(mxc_delay.o)
 .bss.ctrl_save
                0x20000924        0x4 C:/analog/cfs/1.1.0/SDK/MAX/Libraries/PeriphDrivers/bin/MAX78000/spi-v1_softfp/libPeriphDriver_spi-v1_softfp.a(mxc_delay.o)
 .bss.endtick   0x20000928        0x4 C:/analog/cfs/1.1.0/SDK/MAX/Libraries/PeriphDrivers/bin/MAX78000/spi-v1_softfp/libPeriphDriver_spi-v1_softfp.a(mxc_delay.o)
 .bss.cfg_lock  0x2000092c        0x1 C:/analog/cfs/1.1.0/SDK/MAX/Libraries/PeriphDrivers/bin/MAX78000/spi-v1_softfp/libPeriphDriver_spi-v1_softfp.a(gpio_common.o)
 .bss.initialized
                0x2000092d        0x1 C:/analog/cfs/1.1.0/SDK/MAX/Libraries/PeriphDrivers/bin/MAX78000/spi-v1_softfp/libPeriphDriver_spi-v1_softfp.a(gpio_common.o)
 *fill*         0x2000092e        0x2 
 .bss.cbparam   0x20000930      0x200 C:/analog/cfs/1.1.0/SDK/MAX/Libraries/PeriphDrivers/bin/MAX78000/spi-v1_softfp/libPeriphDriver_spi-v1_softfp.a(gpio_common.o)
 .bss.callback  0x20000b30      0x200 C:/analog/cfs/1.1.0/SDK/MAX/Libraries/PeriphDrivers/bin/MAX78000/spi-v1_softfp/libPeriphDriver_spi-v1_softfp.a(gpio_common.o)
 .bss.__malloc_current_mallinfo
                0x20000d30       0x28 C:/Program Files (x86)/Arm GNU Toolchain arm-none-eabi/14.3 rel1/bin/../lib/gcc/arm-none-eabi/14.3.1/../../../../arm-none-eabi/lib/thumb/v7e-m+fp/softfp\libc.a(libc_a-mallocr.o)
                0x20000d30                __malloc_current_mallinfo
 .bss.__malloc_max_total_mem
                0x20000d58        0x4 C:/Program Files (x86)/Arm GNU Toolchain arm-none-eabi/14.3 rel1/bin/../lib/gcc/arm-none-eabi/14.3.1/../../../../arm-none-eabi/lib/thumb/v7e-m+fp/softfp\libc.a(libc_a-mallocr.o)
                0x20000d58                __malloc_max_total_mem
 .bss.__malloc_max_sbrked_mem
                0x20000d5c        0x4 C:/Program Files (x86)/Arm GNU Toolchain arm-none-eabi/14.3 rel1/bin/../lib/gcc/arm-none-eabi/14.3.1/../../../../arm-none-eabi/lib/thumb/v7e-m+fp/softfp\libc.a(libc_a-mallocr.o)
                0x20000d5c                __malloc_max_sbrked_mem
 .bss.__malloc_top_pad
                0x20000d60        0x4 C:/Program Files (x86)/Arm GNU Toolchain arm-none-eabi/14.3 rel1/bin/../lib/gcc/arm-none-eabi/14.3.1/../../../../arm-none-eabi/lib/thumb/v7e-m+fp/softfp\libc.a(libc_a-mallocr.o)
                0x20000d60                __malloc_top_pad
 .bss.__sf      0x20000d64      0x138 C:/Program Files (x86)/Arm GNU Toolchain arm-none-eabi/14.3 rel1/bin/../lib/gcc/arm-none-eabi/14.3.1/../../../../arm-none-eabi/lib/thumb/v7e-m+fp/softfp\libc.a(libc_a-findfp.o)
                0x20000d64                __sf
 .bss.__stdio_exit_handler
                0x20000e9c        0x4 C:/Program Files (x86)/Arm GNU Toolchain arm-none-eabi/14.3 rel1/bin/../lib/gcc/arm-none-eabi/14.3.1/../../../../arm-none-eabi/lib/thumb/v7e-m+fp/softfp\libc.a(libc_a-findfp.o)
                0x20000e9c                __stdio_exit_handler
 .bss.errno     0x20000ea0        0x4 C:/Program Files (x86)/Arm GNU Toolchain arm-none-eabi/14.3 rel1/bin/../lib/gcc/arm-none-eabi/14.3.1/../../../../arm-none-eabi/lib/thumb/v7e-m+fp/softfp\libc.a(libc_a-reent.o)
                0x20000ea0                errno
 .bss.__lock___malloc_recursive_mutex
                0x20000ea4        0x1 C:/Program Files (x86)/Arm GNU Toolchain arm-none-eabi/14.3 rel1/bin/../lib/gcc/arm-none-eabi/14.3.1/../../../../arm-none-eabi/lib/thumb/v7e-m+fp/softfp\libc.a(libc_a-lock.o)
                0x20000ea4                __lock___malloc_recursive_mutex
 *fill*         0x20000ea5        0x3 
 .bss.__lock___atexit_recursive_mutex
                0x20000ea8        0x1 C:/Program Files (x86)/Arm GNU Toolchain arm-none-eabi/14.3 rel1/bin/../lib/gcc/arm-none-eabi/14.3.1/../../../../arm-none-eabi/lib/thumb/v7e-m+fp/softfp\libc.a(libc_a-lock.o)
                0x20000ea8                __lock___atexit_recursive_mutex
 *fill*         0x20000ea9        0x3 
 .bss.__lock___sfp_recursive_mutex
                0x20000eac        0x1 C:/Program Files (x86)/Arm GNU Toolchain arm-none-eabi/14.3 rel1/bin/../lib/gcc/arm-none-eabi/14.3.1/../../../../arm-none-eabi/lib/thumb/v7e-m+fp/softfp\libc.a(libc_a-lock.o)
                0x20000eac                __lock___sfp_recursive_mutex
 *fill*         0x20000ead        0x3 
 .bss.__atexit  0x20000eb0        0x4 C:/Program Files (x86)/Arm GNU Toolchain arm-none-eabi/14.3 rel1/bin/../lib/gcc/arm-none-eabi/14.3.1/../../../../arm-none-eabi/lib/thumb/v7e-m+fp/softfp\libc.a(libc_a-__call_atexit.o)
                0x20000eb0                __atexit
 .bss.__atexit0
                0x20000eb4      0x190 C:/Program Files (x86)/Arm GNU Toolchain arm-none-eabi/14.3 rel1/bin/../lib/gcc/arm-none-eabi/14.3.1/../../../../arm-none-eabi/lib/thumb/v7e-m+fp/softfp\libc.a(libc_a-__atexit.o)
                0x20000eb4                __atexit0
 *(COMMON)
                0x20001044                        _ebss = ALIGN (., 0x4)

.shared         0x20001044        0x4 load address 0x1000a75c
                0x20001044                        . = ALIGN (0x4)
                0x20001044                        _shared = .
 *(.mailbox*)
                0x20001044                        . = ALIGN (0x4)
 *(.shared*)
 .shared        0x20001044        0x4 c:/Users/jadma/cfs/2.0.0/Hello_World/build/system_max78000.o
                0x20001044                SystemCoreClock
                0x20001048                        _eshared = ALIGN (., 0x4)
                0x1000a75c                        __shared_data = LOADADDR (.shared)
                0x20020000                        __StackTop = (ORIGIN (SRAM) + LENGTH (SRAM))
                0x2001f000                        __StackLimit = (__StackTop - SIZEOF (.stack_dummy))

.stack_dummy    0x20001048     0x1000 load address 0x1000a760
 *(.stack*)
 .stack         0x20001048     0x1000 c:/Users/jadma/cfs/2.0.0/Hello_World/build/startup_max78000.o

.heap           0x20001048      0xc00 load address 0x1000a760
                0x20001048                        . = ALIGN (0x4)
 *(.heap*)
 .heap          0x20001048      0xc00 c:/Users/jadma/cfs/2.0.0/Hello_World/build/startup_max78000.o
                0x20001048                __HeapBase
                0x2001f000                        __HeapLimit = ABSOLUTE (__StackLimit)
                0x20020000                        PROVIDE (__stack = __StackTop)
                0x00000001                        ASSERT ((__StackLimit >= _ebss), region RAM overflowed with stack)

.riscv_flash    0x1000a760      0x1a0
                0x1000a800                        . = ALIGN (0x100)
 *fill*         0x1000a760       0xa0 
                0x1000a900                        . = (. + 0x100)
 *fill*         0x1000a800      0x100 
                0x1000a900                        _riscv_boot = .
 *riscv.o(.text*)
OUTPUT(c:/Users/jadma/cfs/2.0.0/Hello_World/build/Hello_World.elf elf32-littlearm)
LOAD linker stubs

.ARM.attributes
                0x00000000       0x2e
 .ARM.attributes
                0x00000000       0x22 C:/Program Files (x86)/Arm GNU Toolchain arm-none-eabi/14.3 rel1/bin/../lib/gcc/arm-none-eabi/14.3.1/thumb/v7e-m+fp/softfp/crti.o
 .ARM.attributes
                0x00000022       0x32 C:/Program Files (x86)/Arm GNU Toolchain arm-none-eabi/14.3 rel1/bin/../lib/gcc/arm-none-eabi/14.3.1/thumb/v7e-m+fp/softfp/crtbegin.o
 .ARM.attributes
                0x00000054       0x32 c:/Users/jadma/cfs/2.0.0/Hello_World/build/gpio.o
 .ARM.attributes
                0x00000086       0x32 c:/Users/jadma/cfs/2.0.0/Hello_World/build/main.o
 .ARM.attributes
                0x000000b8       0x32 c:/Users/jadma/cfs/2.0.0/Hello_World/build/board.o
 .ARM.attributes
                0x000000ea       0x32 c:/Users/jadma/cfs/2.0.0/Hello_World/build/stdio.o
 .ARM.attributes
                0x0000011c       0x32 c:/Users/jadma/cfs/2.0.0/Hello_World/build/led.o
 .ARM.attributes
                0x0000014e       0x32 c:/Users/jadma/cfs/2.0.0/Hello_World/build/pb.o
 .ARM.attributes
                0x00000180       0x1b c:/Users/jadma/cfs/2.0.0/Hello_World/build/startup_max78000.o
 .ARM.attributes
                0x0000019b       0x32 c:/Users/jadma/cfs/2.0.0/Hello_World/build/heap.o
 .ARM.attributes
                0x000001cd       0x32 c:/Users/jadma/cfs/2.0.0/Hello_World/build/system_max78000.o
 .ARM.attributes
                0x000001ff       0x32 C:/analog/cfs/1.1.0/SDK/MAX/Libraries/PeriphDrivers/bin/MAX78000/spi-v1_softfp/libPeriphDriver_spi-v1_softfp.a(pins_ai85.o)
 .ARM.attributes
                0x00000231       0x32 C:/analog/cfs/1.1.0/SDK/MAX/Libraries/PeriphDrivers/bin/MAX78000/spi-v1_softfp/libPeriphDriver_spi-v1_softfp.a(sys_ai85.o)
 .ARM.attributes
                0x00000263       0x32 C:/analog/cfs/1.1.0/SDK/MAX/Libraries/PeriphDrivers/bin/MAX78000/spi-v1_softfp/libPeriphDriver_spi-v1_softfp.a(gpio_ai85.o)
 .ARM.attributes
                0x00000295       0x32 C:/analog/cfs/1.1.0/SDK/MAX/Libraries/PeriphDrivers/bin/MAX78000/spi-v1_softfp/libPeriphDriver_spi-v1_softfp.a(gpio_reva.o)
 .ARM.attributes
                0x000002c7       0x32 C:/analog/cfs/1.1.0/SDK/MAX/Libraries/PeriphDrivers/bin/MAX78000/spi-v1_softfp/libPeriphDriver_spi-v1_softfp.a(icc_me17.o)
 .ARM.attributes
                0x000002f9       0x32 C:/analog/cfs/1.1.0/SDK/MAX/Libraries/PeriphDrivers/bin/MAX78000/spi-v1_softfp/libPeriphDriver_spi-v1_softfp.a(icc_reva.o)
 .ARM.attributes
                0x0000032b       0x32 C:/analog/cfs/1.1.0/SDK/MAX/Libraries/PeriphDrivers/bin/MAX78000/spi-v1_softfp/libPeriphDriver_spi-v1_softfp.a(uart_ai85.o)
 .ARM.attributes
                0x0000035d       0x32 C:/analog/cfs/1.1.0/SDK/MAX/Libraries/PeriphDrivers/bin/MAX78000/spi-v1_softfp/libPeriphDriver_spi-v1_softfp.a(uart_common.o)
 .ARM.attributes
                0x0000038f       0x32 C:/analog/cfs/1.1.0/SDK/MAX/Libraries/PeriphDrivers/bin/MAX78000/spi-v1_softfp/libPeriphDriver_spi-v1_softfp.a(uart_revb.o)
 .ARM.attributes
                0x000003c1       0x32 C:/analog/cfs/1.1.0/SDK/MAX/Libraries/PeriphDrivers/bin/MAX78000/spi-v1_softfp/libPeriphDriver_spi-v1_softfp.a(mxc_delay.o)
 .ARM.attributes
                0x000003f3       0x32 C:/analog/cfs/1.1.0/SDK/MAX/Libraries/PeriphDrivers/bin/MAX78000/spi-v1_softfp/libPeriphDriver_spi-v1_softfp.a(gpio_common.o)
 .ARM.attributes
                0x00000425       0x32 C:/Program Files (x86)/Arm GNU Toolchain arm-none-eabi/14.3 rel1/bin/../lib/gcc/arm-none-eabi/14.3.1/../../../../arm-none-eabi/lib/thumb/v7e-m+fp/softfp\libc.a(libc_a-malloc.o)
 .ARM.attributes
                0x00000457       0x32 C:/Program Files (x86)/Arm GNU Toolchain arm-none-eabi/14.3 rel1/bin/../lib/gcc/arm-none-eabi/14.3.1/../../../../arm-none-eabi/lib/thumb/v7e-m+fp/softfp\libc.a(libc_a-mallocr.o)
 .ARM.attributes
                0x00000489       0x32 C:/Program Files (x86)/Arm GNU Toolchain arm-none-eabi/14.3 rel1/bin/../lib/gcc/arm-none-eabi/14.3.1/../../../../arm-none-eabi/lib/thumb/v7e-m+fp/softfp\libc.a(libc_a-mlock.o)
 .ARM.attributes
                0x000004bb       0x32 C:/Program Files (x86)/Arm GNU Toolchain arm-none-eabi/14.3 rel1/bin/../lib/gcc/arm-none-eabi/14.3.1/../../../../arm-none-eabi/lib/thumb/v7e-m+fp/softfp\libc.a(libc_a-findfp.o)
 .ARM.attributes
                0x000004ed       0x32 C:/Program Files (x86)/Arm GNU Toolchain arm-none-eabi/14.3 rel1/bin/../lib/gcc/arm-none-eabi/14.3.1/../../../../arm-none-eabi/lib/thumb/v7e-m+fp/softfp\libc.a(libc_a-fwalk.o)
 .ARM.attributes
                0x0000051f       0x32 C:/Program Files (x86)/Arm GNU Toolchain arm-none-eabi/14.3 rel1/bin/../lib/gcc/arm-none-eabi/14.3.1/../../../../arm-none-eabi/lib/thumb/v7e-m+fp/softfp\libc.a(libc_a-printf.o)
 .ARM.attributes
                0x00000551       0x32 C:/Program Files (x86)/Arm GNU Toolchain arm-none-eabi/14.3 rel1/bin/../lib/gcc/arm-none-eabi/14.3.1/../../../../arm-none-eabi/lib/thumb/v7e-m+fp/softfp\libc.a(libc_a-puts.o)
 .ARM.attributes
                0x00000583       0x32 C:/Program Files (x86)/Arm GNU Toolchain arm-none-eabi/14.3 rel1/bin/../lib/gcc/arm-none-eabi/14.3.1/../../../../arm-none-eabi/lib/thumb/v7e-m+fp/softfp\libc.a(libc_a-stdio.o)
 .ARM.attributes
                0x000005b5       0x32 C:/Program Files (x86)/Arm GNU Toolchain arm-none-eabi/14.3 rel1/bin/../lib/gcc/arm-none-eabi/14.3.1/../../../../arm-none-eabi/lib/thumb/v7e-m+fp/softfp\libc.a(libc_a-memset.o)
 .ARM.attributes
                0x000005e7       0x32 C:/Program Files (x86)/Arm GNU Toolchain arm-none-eabi/14.3 rel1/bin/../lib/gcc/arm-none-eabi/14.3.1/../../../../arm-none-eabi/lib/thumb/v7e-m+fp/softfp\libc.a(libc_a-closer.o)
 .ARM.attributes
                0x00000619       0x32 C:/Program Files (x86)/Arm GNU Toolchain arm-none-eabi/14.3 rel1/bin/../lib/gcc/arm-none-eabi/14.3.1/../../../../arm-none-eabi/lib/thumb/v7e-m+fp/softfp\libc.a(libc_a-reent.o)
 .ARM.attributes
                0x0000064b       0x32 C:/Program Files (x86)/Arm GNU Toolchain arm-none-eabi/14.3 rel1/bin/../lib/gcc/arm-none-eabi/14.3.1/../../../../arm-none-eabi/lib/thumb/v7e-m+fp/softfp\libc.a(libc_a-impure.o)
 .ARM.attributes
                0x0000067d       0x32 C:/Program Files (x86)/Arm GNU Toolchain arm-none-eabi/14.3 rel1/bin/../lib/gcc/arm-none-eabi/14.3.1/../../../../arm-none-eabi/lib/thumb/v7e-m+fp/softfp\libc.a(libc_a-lseekr.o)
 .ARM.attributes
                0x000006af       0x32 C:/Program Files (x86)/Arm GNU Toolchain arm-none-eabi/14.3 rel1/bin/../lib/gcc/arm-none-eabi/14.3.1/../../../../arm-none-eabi/lib/thumb/v7e-m+fp/softfp\libc.a(libc_a-readr.o)
 .ARM.attributes
                0x000006e1       0x32 C:/Program Files (x86)/Arm GNU Toolchain arm-none-eabi/14.3 rel1/bin/../lib/gcc/arm-none-eabi/14.3.1/../../../../arm-none-eabi/lib/thumb/v7e-m+fp/softfp\libc.a(libc_a-sbrkr.o)
 .ARM.attributes
                0x00000713       0x32 C:/Program Files (x86)/Arm GNU Toolchain arm-none-eabi/14.3 rel1/bin/../lib/gcc/arm-none-eabi/14.3.1/../../../../arm-none-eabi/lib/thumb/v7e-m+fp/softfp\libc.a(libc_a-writer.o)
 .ARM.attributes
                0x00000745       0x32 C:/Program Files (x86)/Arm GNU Toolchain arm-none-eabi/14.3 rel1/bin/../lib/gcc/arm-none-eabi/14.3.1/../../../../arm-none-eabi/lib/thumb/v7e-m+fp/softfp\libc.a(libc_a-errno.o)
 .ARM.attributes
                0x00000777       0x32 C:/Program Files (x86)/Arm GNU Toolchain arm-none-eabi/14.3 rel1/bin/../lib/gcc/arm-none-eabi/14.3.1/../../../../arm-none-eabi/lib/thumb/v7e-m+fp/softfp\libc.a(libc_a-init.o)
 .ARM.attributes
                0x000007a9       0x32 C:/Program Files (x86)/Arm GNU Toolchain arm-none-eabi/14.3 rel1/bin/../lib/gcc/arm-none-eabi/14.3.1/../../../../arm-none-eabi/lib/thumb/v7e-m+fp/softfp\libc.a(libc_a-lock.o)
 .ARM.attributes
                0x000007db       0x32 C:/Program Files (x86)/Arm GNU Toolchain arm-none-eabi/14.3 rel1/bin/../lib/gcc/arm-none-eabi/14.3.1/../../../../arm-none-eabi/lib/thumb/v7e-m+fp/softfp\libc.a(libc_a-sysconf.o)
 .ARM.attributes
                0x0000080d       0x20 C:/Program Files (x86)/Arm GNU Toolchain arm-none-eabi/14.3 rel1/bin/../lib/gcc/arm-none-eabi/14.3.1/../../../../arm-none-eabi/lib/thumb/v7e-m+fp/softfp\libc.a(libc_a-memcpy.o)
 .ARM.attributes
                0x0000082d       0x1c C:/Program Files (x86)/Arm GNU Toolchain arm-none-eabi/14.3 rel1/bin/../lib/gcc/arm-none-eabi/14.3.1/../../../../arm-none-eabi/lib/thumb/v7e-m+fp/softfp\libc.a(libc_a-strlen.o)
 .ARM.attributes
                0x00000849       0x32 C:/Program Files (x86)/Arm GNU Toolchain arm-none-eabi/14.3 rel1/bin/../lib/gcc/arm-none-eabi/14.3.1/../../../../arm-none-eabi/lib/thumb/v7e-m+fp/softfp\libc.a(libc_a-__call_atexit.o)
 .ARM.attributes
                0x0000087b       0x32 C:/Program Files (x86)/Arm GNU Toolchain arm-none-eabi/14.3 rel1/bin/../lib/gcc/arm-none-eabi/14.3.1/../../../../arm-none-eabi/lib/thumb/v7e-m+fp/softfp\libc.a(libc_a-atexit.o)
 .ARM.attributes
                0x000008ad       0x32 C:/Program Files (x86)/Arm GNU Toolchain arm-none-eabi/14.3 rel1/bin/../lib/gcc/arm-none-eabi/14.3.1/../../../../arm-none-eabi/lib/thumb/v7e-m+fp/softfp\libc.a(libc_a-freer.o)
 .ARM.attributes
                0x000008df       0x32 C:/Program Files (x86)/Arm GNU Toolchain arm-none-eabi/14.3 rel1/bin/../lib/gcc/arm-none-eabi/14.3.1/../../../../arm-none-eabi/lib/thumb/v7e-m+fp/softfp\libc.a(libc_a-vfprintf.o)
 .ARM.attributes
                0x00000911       0x32 C:/Program Files (x86)/Arm GNU Toolchain arm-none-eabi/14.3 rel1/bin/../lib/gcc/arm-none-eabi/14.3.1/../../../../arm-none-eabi/lib/thumb/v7e-m+fp/softfp\libc.a(libc_a-sprint_r.o)
 .ARM.attributes
                0x00000943       0x32 C:/Program Files (x86)/Arm GNU Toolchain arm-none-eabi/14.3 rel1/bin/../lib/gcc/arm-none-eabi/14.3.1/../../../../arm-none-eabi/lib/thumb/v7e-m+fp/softfp\libc.a(libc_a-fclose.o)
 .ARM.attributes
                0x00000975       0x32 C:/Program Files (x86)/Arm GNU Toolchain arm-none-eabi/14.3 rel1/bin/../lib/gcc/arm-none-eabi/14.3.1/../../../../arm-none-eabi/lib/thumb/v7e-m+fp/softfp\libc.a(libc_a-fflush.o)
 .ARM.attributes
                0x000009a7       0x32 C:/Program Files (x86)/Arm GNU Toolchain arm-none-eabi/14.3 rel1/bin/../lib/gcc/arm-none-eabi/14.3.1/../../../../arm-none-eabi/lib/thumb/v7e-m+fp/softfp\libc.a(libc_a-fvwrite.o)
 .ARM.attributes
                0x000009d9       0x32 C:/Program Files (x86)/Arm GNU Toolchain arm-none-eabi/14.3 rel1/bin/../lib/gcc/arm-none-eabi/14.3.1/../../../../arm-none-eabi/lib/thumb/v7e-m+fp/softfp\libc.a(libc_a-wsetup.o)
 .ARM.attributes
                0x00000a0b       0x32 C:/Program Files (x86)/Arm GNU Toolchain arm-none-eabi/14.3 rel1/bin/../lib/gcc/arm-none-eabi/14.3.1/../../../../arm-none-eabi/lib/thumb/v7e-m+fp/softfp\libc.a(libc_a-memmove.o)
 .ARM.attributes